Archive member included to satisfy reference by file (symbol)

C:/ST/STM32CubeIDE_1.12.1/STM32CubeIDE/plugins/com.st.stm32cube.ide.mcu.externaltools.gnu-tools-for-stm32.11.3.rel1.win32_1.1.1.202309131626/tools/bin/../lib/gcc/arm-none-eabi/11.3.1/../../../../arm-none-eabi/lib/thumb/v7e-m+dp/hard\libc_nano.a(libc_a-exit.o)
                              C:/ST/STM32CubeIDE_1.12.1/STM32CubeIDE/plugins/com.st.stm32cube.ide.mcu.externaltools.gnu-tools-for-stm32.11.3.rel1.win32_1.1.1.202309131626/tools/bin/../lib/gcc/arm-none-eabi/11.3.1/../../../../arm-none-eabi/lib/thumb/v7e-m+dp/hard/crt0.o (exit)
C:/ST/STM32CubeIDE_1.12.1/STM32CubeIDE/plugins/com.st.stm32cube.ide.mcu.externaltools.gnu-tools-for-stm32.11.3.rel1.win32_1.1.1.202309131626/tools/bin/../lib/gcc/arm-none-eabi/11.3.1/../../../../arm-none-eabi/lib/thumb/v7e-m+dp/hard\libc_nano.a(libc_a-nano-vfprintf_float.o)
                              (_printf_float)
C:/ST/STM32CubeIDE_1.12.1/STM32CubeIDE/plugins/com.st.stm32cube.ide.mcu.externaltools.gnu-tools-for-stm32.11.3.rel1.win32_1.1.1.202309131626/tools/bin/../lib/gcc/arm-none-eabi/11.3.1/../../../../arm-none-eabi/lib/thumb/v7e-m+dp/hard\libc_nano.a(libc_a-nano-vfprintf_i.o)
                              C:/ST/STM32CubeIDE_1.12.1/STM32CubeIDE/plugins/com.st.stm32cube.ide.mcu.externaltools.gnu-tools-for-stm32.11.3.rel1.win32_1.1.1.202309131626/tools/bin/../lib/gcc/arm-none-eabi/11.3.1/../../../../arm-none-eabi/lib/thumb/v7e-m+dp/hard\libc_nano.a(libc_a-nano-vfprintf_float.o) (_printf_common)
C:/ST/STM32CubeIDE_1.12.1/STM32CubeIDE/plugins/com.st.stm32cube.ide.mcu.externaltools.gnu-tools-for-stm32.11.3.rel1.win32_1.1.1.202309131626/tools/bin/../lib/gcc/arm-none-eabi/11.3.1/../../../../arm-none-eabi/lib/thumb/v7e-m+dp/hard\libc_nano.a(libc_a-findfp.o)
                              C:/ST/STM32CubeIDE_1.12.1/STM32CubeIDE/plugins/com.st.stm32cube.ide.mcu.externaltools.gnu-tools-for-stm32.11.3.rel1.win32_1.1.1.202309131626/tools/bin/../lib/gcc/arm-none-eabi/11.3.1/../../../../arm-none-eabi/lib/thumb/v7e-m+dp/hard\libc_nano.a(libc_a-exit.o) (__stdio_exit_handler)
C:/ST/STM32CubeIDE_1.12.1/STM32CubeIDE/plugins/com.st.stm32cube.ide.mcu.externaltools.gnu-tools-for-stm32.11.3.rel1.win32_1.1.1.202309131626/tools/bin/../lib/gcc/arm-none-eabi/11.3.1/../../../../arm-none-eabi/lib/thumb/v7e-m+dp/hard\libc_nano.a(libc_a-fwalk.o)
                              C:/ST/STM32CubeIDE_1.12.1/STM32CubeIDE/plugins/com.st.stm32cube.ide.mcu.externaltools.gnu-tools-for-stm32.11.3.rel1.win32_1.1.1.202309131626/tools/bin/../lib/gcc/arm-none-eabi/11.3.1/../../../../arm-none-eabi/lib/thumb/v7e-m+dp/hard\libc_nano.a(libc_a-findfp.o) (_fwalk_sglue)
C:/ST/STM32CubeIDE_1.12.1/STM32CubeIDE/plugins/com.st.stm32cube.ide.mcu.externaltools.gnu-tools-for-stm32.11.3.rel1.win32_1.1.1.202309131626/tools/bin/../lib/gcc/arm-none-eabi/11.3.1/../../../../arm-none-eabi/lib/thumb/v7e-m+dp/hard\libc_nano.a(libc_a-printf.o)
                              ./src/final_project.o (printf)
C:/ST/STM32CubeIDE_1.12.1/STM32CubeIDE/plugins/com.st.stm32cube.ide.mcu.externaltools.gnu-tools-for-stm32.11.3.rel1.win32_1.1.1.202309131626/tools/bin/../lib/gcc/arm-none-eabi/11.3.1/../../../../arm-none-eabi/lib/thumb/v7e-m+dp/hard\libc_nano.a(libc_a-setbuf.o)
                              ./src/init.o (setbuf)
C:/ST/STM32CubeIDE_1.12.1/STM32CubeIDE/plugins/com.st.stm32cube.ide.mcu.externaltools.gnu-tools-for-stm32.11.3.rel1.win32_1.1.1.202309131626/tools/bin/../lib/gcc/arm-none-eabi/11.3.1/../../../../arm-none-eabi/lib/thumb/v7e-m+dp/hard\libc_nano.a(libc_a-setvbuf.o)
                              C:/ST/STM32CubeIDE_1.12.1/STM32CubeIDE/plugins/com.st.stm32cube.ide.mcu.externaltools.gnu-tools-for-stm32.11.3.rel1.win32_1.1.1.202309131626/tools/bin/../lib/gcc/arm-none-eabi/11.3.1/../../../../arm-none-eabi/lib/thumb/v7e-m+dp/hard\libc_nano.a(libc_a-setbuf.o) (setvbuf)
C:/ST/STM32CubeIDE_1.12.1/STM32CubeIDE/plugins/com.st.stm32cube.ide.mcu.externaltools.gnu-tools-for-stm32.11.3.rel1.win32_1.1.1.202309131626/tools/bin/../lib/gcc/arm-none-eabi/11.3.1/../../../../arm-none-eabi/lib/thumb/v7e-m+dp/hard\libc_nano.a(libc_a-sprintf.o)
                              ./src/final_project.o (sprintf)
C:/ST/STM32CubeIDE_1.12.1/STM32CubeIDE/plugins/com.st.stm32cube.ide.mcu.externaltools.gnu-tools-for-stm32.11.3.rel1.win32_1.1.1.202309131626/tools/bin/../lib/gcc/arm-none-eabi/11.3.1/../../../../arm-none-eabi/lib/thumb/v7e-m+dp/hard\libc_nano.a(libc_a-stdio.o)
                              C:/ST/STM32CubeIDE_1.12.1/STM32CubeIDE/plugins/com.st.stm32cube.ide.mcu.externaltools.gnu-tools-for-stm32.11.3.rel1.win32_1.1.1.202309131626/tools/bin/../lib/gcc/arm-none-eabi/11.3.1/../../../../arm-none-eabi/lib/thumb/v7e-m+dp/hard\libc_nano.a(libc_a-findfp.o) (__sread)
[...]
Memory Configuration

Name             Origin             Length             Attributes
RAM              0x0000000020000000 0x0000000000080000 xrw
ROM              0x0000000008000000 0x0000000000200000 xr
*default*        0x0000000000000000 0xffffffffffffffff

Linker script and memory map

LOAD C:/ST/STM32CubeIDE_1.12.1/STM32CubeIDE/plugins/com.st.stm32cube.ide.mcu.externaltools.gnu-tools-for-stm32.11.3.rel1.win32_1.1.1.202309131626/tools/bin/../lib/gcc/arm-none-eabi/11.3.1/thumb/v7e-m+dp/hard/crti.o
LOAD C:/ST/STM32CubeIDE_1.12.1/STM32CubeIDE/plugins/com.st.stm32cube.ide.mcu.externaltools.gnu-tools-for-stm32.11.3.rel1.win32_1.1.1.202309131626/tools/bin/../lib/gcc/arm-none-eabi/11.3.1/thumb/v7e-m+dp/hard/crtbegin.o
LOAD C:/ST/STM32CubeIDE_1.12.1/STM32CubeIDE/plugins/com.st.stm32cube.ide.mcu.externaltools.gnu-tools-for-stm32.11.3.rel1.win32_1.1.1.202309131626/tools/bin/../lib/gcc/arm-none-eabi/11.3.1/../../../../arm-none-eabi/lib/thumb/v7e-m+dp/hard/crt0.o
LOAD ./Libraries/BSP/Components/adv7533/adv7533.o
LOAD ./Libraries/BSP/Components/exc7200/exc7200.o
LOAD ./Libraries/BSP/Components/ft5336/ft5336.o
LOAD ./Libraries/BSP/Components/ft6x06/ft6x06.o
LOAD ./Libraries/BSP/Components/mfxstm32l152/mfxstm32l152.o
LOAD ./Libraries/BSP/Components/nt35510/nt35510.o
LOAD ./Libraries/BSP/Components/otm8009a/otm8009a.o
LOAD ./Libraries/BSP/Components/ov9655/ov9655.o
LOAD ./Libraries/BSP/Components/s5k5cag/s5k5cag.o
LOAD ./Libraries/BSP/Components/st7735/st7735.o
LOAD ./Libraries/BSP/Components/st7789h2/st7789h2.o
LOAD ./Libraries/BSP/Components/stmpe811/stmpe811.o
LOAD ./Libraries/BSP/Components/ts3510/ts3510.o
LOAD ./Libraries/BSP/Components/wm8994/wm8994.o
LOAD ./Libraries/BSP/STM32F769I-Discovery/stm32f769i_discovery.o
LOAD ./Libraries/BSP/STM32F769I-Discovery/stm32f769i_discovery_lcd.o
LOAD ./Libraries/BSP/STM32F769I-Discovery/stm32f769i_discovery_sdram.o
LOAD ./Libraries/Utilities/Fonts/font12.o
LOAD ./Libraries/Utilities/Fonts/font16.o
LOAD ./Libraries/Utilities/Fonts/font20.o
LOAD ./Libraries/Utilities/Fonts/font24.o
LOAD ./Libraries/Utilities/Fonts/font8.o
LOAD ./Middlewares/Third_Party/FreeRTOS/Source/CMSIS_RTOS_V2/cmsis_os2.o
LOAD ./Middlewares/Third_Party/FreeRTOS/Source/croutine.o
LOAD ./Middlewares/Third_Party/FreeRTOS/Source/event_groups.o
LOAD ./Middlewares/Third_Party/FreeRTOS/Source/list.o
LOAD ./Middlewares/Third_Party/FreeRTOS/Source/queue.o
LOAD ./Middlewares/Third_Party/FreeRTOS/Source/stream_buffer.o
LOAD ./Middlewares/Third_Party/FreeRTOS/Source/tasks.o
LOAD ./Middlewares/Third_Party/FreeRTOS/Source/timers.o
LOAD ./Middlewares/Third_Party/FreeRTOS/Source/portable/GCC/ARM_CM7/r0p1/port.o
LOAD ./Middlewares/Third_Party/FreeRTOS/Source/portable/MemMang/heap_4.o
LOAD ./src/final_project.o
LOAD ./src/init.o
LOAD ./src/mpu6050.o
LOAD ./src/stm32f7xx_hal_timebase_tim.o
LOAD ./src/uart.o
LOAD ./startup/startup_stm32f769nihx.o
LOAD ./stm32lib/CMSIS/Device/ST/STM32F7xx/Source/Templates/system_stm32f7xx.o
LOAD ./stm32lib/STM32F7xx_HAL_Driver/Src/Legacy/stm32f7xx_hal_eth.o
LOAD ./stm32lib/STM32F7xx_HAL_Driver/Src/stm32f7xx_hal.o
LOAD ./stm32lib/STM32F7xx_HAL_Driver/Src/stm32f7xx_hal_adc.o
LOAD ./stm32lib/STM32F7xx_HAL_Driver/Src/stm32f7xx_hal_adc_ex.o
LOAD ./stm32lib/STM32F7xx_HAL_Driver/Src/stm32f7xx_hal_cortex.o
LOAD ./stm32lib/STM32F7xx_HAL_Driver/Src/stm32f7xx_hal_dac.o
LOAD ./stm32lib/STM32F7xx_HAL_Driver/Src/stm32f7xx_hal_dma.o
LOAD ./stm32lib/STM32F7xx_HAL_Driver/Src/stm32f7xx_hal_dma2d.o
LOAD ./stm32lib/STM32F7xx_HAL_Driver/Src/stm32f7xx_hal_dsi.o
LOAD ./stm32lib/STM32F7xx_HAL_Driver/Src/stm32f7xx_hal_gpio.o
LOAD ./stm32lib/STM32F7xx_HAL_Driver/Src/stm32f7xx_hal_i2c.o
LOAD ./stm32lib/STM32F7xx_HAL_Driver/Src/stm32f7xx_hal_i2c_ex.o
LOAD ./stm32lib/STM32F7xx_HAL_Driver/Src/stm32f7xx_hal_ltdc.o
LOAD ./stm32lib/STM32F7xx_HAL_Driver/Src/stm32f7xx_hal_ltdc_ex.o
LOAD ./stm32lib/STM32F7xx_HAL_Driver/Src/stm32f7xx_hal_pwr.o
LOAD ./stm32lib/STM32F7xx_HAL_Driver/Src/stm32f7xx_hal_pwr_ex.o
LOAD ./stm32lib/STM32F7xx_HAL_Driver/Src/stm32f7xx_hal_rcc.o
LOAD ./stm32lib/STM32F7xx_HAL_Driver/Src/stm32f7xx_hal_rcc_ex.o
LOAD ./stm32lib/STM32F7xx_HAL_Driver/Src/stm32f7xx_hal_sdram.o
LOAD ./stm32lib/STM32F7xx_HAL_Driver/Src/stm32f7xx_hal_tim.o
LOAD ./stm32lib/STM32F7xx_HAL_Driver/Src/stm32f7xx_hal_tim_ex.o
LOAD ./stm32lib/STM32F7xx_HAL_Driver/Src/stm32f7xx_hal_uart.o
LOAD ./stm32lib/STM32F7xx_HAL_Driver/Src/stm32f7xx_ll_fmc.o
LOAD ./stm32lib/STM32F7xx_HAL_Driver/Src/stm32f7xx_ll_tim.o
START GROUP
LOAD C:/ST/STM32CubeIDE_1.12.1/STM32CubeIDE/plugins/com.st.stm32cube.ide.mcu.externaltools.gnu-tools-for-stm32.11.3.rel1.win32_1.1.1.202309131626/tools/bin/../lib/gcc/arm-none-eabi/11.3.1/../../../../arm-none-eabi/lib/thumb/v7e-m+dp/hard\libc_nano.a
LOAD C:/ST/STM32CubeIDE_1.12.1/STM32CubeIDE/plugins/com.st.stm32cube.ide.mcu.externaltools.gnu-tools-for-stm32.11.3.rel1.win32_1.1.1.202309131626/tools/bin/../lib/gcc/arm-none-eabi/11.3.1/../../../../arm-none-eabi/lib/thumb/v7e-m+dp/hard\libm.a
END GROUP
START GROUP
LOAD C:/ST/STM32CubeIDE_1.12.1/STM32CubeIDE/plugins/com.st.stm32cube.ide.mcu.externaltools.gnu-tools-for-stm32.11.3.rel1.win32_1.1.1.202309131626/tools/bin/../lib/gcc/arm-none-eabi/11.3.1/thumb/v7e-m+dp/hard\libgcc.a
LOAD C:/ST/STM32CubeIDE_1.12.1/STM32CubeIDE/plugins/com.st.stm32cube.ide.mcu.externaltools.gnu-tools-for-stm32.11.3.rel1.win32_1.1.1.202309131626/tools/bin/../lib/gcc/arm-none-eabi/11.3.1/../../../../arm-none-eabi/lib/thumb/v7e-m+dp/hard\libc_nano.a
END GROUP
START GROUP
LOAD C:/ST/STM32CubeIDE_1.12.1/STM32CubeIDE/plugins/com.st.stm32cube.ide.mcu.externaltools.gnu-tools-for-stm32.11.3.rel1.win32_1.1.1.202309131626/tools/bin/../lib/gcc/arm-none-eabi/11.3.1/thumb/v7e-m+dp/hard\libgcc.a
LOAD C:/ST/STM32CubeIDE_1.12.1/STM32CubeIDE/plugins/com.st.stm32cube.ide.mcu.externaltools.gnu-tools-for-stm32.11.3.rel1.win32_1.1.1.202309131626/tools/bin/../lib/gcc/arm-none-eabi/11.3.1/../../../../arm-none-eabi/lib/thumb/v7e-m+dp/hard\libc_nano.a
LOAD C:/ST/STM32CubeIDE_1.12.1/STM32CubeIDE/plugins/com.st.stm32cube.ide.mcu.externaltools.gnu-tools-for-stm32.11.3.rel1.win32_1.1.1.202309131626/tools/bin/../lib/gcc/arm-none-eabi/11.3.1/../../../../arm-none-eabi/lib/thumb/v7e-m+dp/hard\libnosys.a
END GROUP
START GROUP
LOAD C:/ST/STM32CubeIDE_1.12.1/STM32CubeIDE/plugins/com.st.stm32cube.ide.mcu.externaltools.gnu-tools-for-stm32.11.3.rel1.win32_1.1.1.202309131626/tools/bin/../lib/gcc/arm-none-eabi/11.3.1/thumb/v7e-m+dp/hard\libgcc.a
LOAD C:/ST/STM32CubeIDE_1.12.1/STM32CubeIDE/plugins/com.st.stm32cube.ide.mcu.externaltools.gnu-tools-for-stm32.11.3.rel1.win32_1.1.1.202309131626/tools/bin/../lib/gcc/arm-none-eabi/11.3.1/../../../../arm-none-eabi/lib/thumb/v7e-m+dp/hard\libc_nano.a
LOAD C:/ST/STM32CubeIDE_1.12.1/STM32CubeIDE/plugins/com.st.stm32cube.ide.mcu.externaltools.gnu-tools-for-stm32.11.3.rel1.win32_1.1.1.202309131626/tools/bin/../lib/gcc/arm-none-eabi/11.3.1/../../../../arm-none-eabi/lib/thumb/v7e-m+dp/hard\libnosys.a
END GROUP
LOAD C:/ST/STM32CubeIDE_1.12.1/STM32CubeIDE/plugins/com.st.stm32cube.ide.mcu.externaltools.gnu-tools-for-stm32.11.3.rel1.win32_1.1.1.202309131626/tools/bin/../lib/gcc/arm-none-eabi/11.3.1/thumb/v7e-m+dp/hard/crtend.o
LOAD C:/ST/STM32CubeIDE_1.12.1/STM32CubeIDE/plugins/com.st.stm32cube.ide.mcu.externaltools.gnu-tools-for-stm32.11.3.rel1.win32_1.1.1.202309131626/tools/bin/../lib/gcc/arm-none-eabi/11.3.1/thumb/v7e-m+dp/hard/crtn.o
                0x0000000020080000                _estack = 0x20080000
                0x0000000000000000                _Min_Heap_Size = 0x0
                0x0000000000000400                _Min_Stack_Size = 0x400

.isr_vector     0x0000000008000000      0x1f8
                0x0000000008000000                . = ALIGN (0x4)
 *(.isr_vector)
 .isr_vector    0x0000000008000000      0x1f8 ./startup/startup_stm32f769nihx.o
                0x0000000008000000                g_pfnVectors
                0x00000000080001f8                . = ALIGN (0x4)

.text           0x0000000008000200     0xcd74
                0x0000000008000200                . = ALIGN (0x4)
 *(.text)
 .text          0x0000000008000200       0x40 C:/ST/STM32CubeIDE_1.12.1/STM32CubeIDE/plugins/com.st.stm32cube.ide.mcu.externaltools.gnu-tools-for-stm32.11.3.rel1.win32_1.1.1.202309131626/tools/bin/../lib/gcc/arm-none-eabi/11.3.1/thumb/v7e-m+dp/hard/crtbegin.o
 .text          0x0000000008000240       0xa0 C:/ST/STM32CubeIDE_1.12.1/STM32CubeIDE/plugins/com.st.stm32cube.ide.mcu.externaltools.gnu-tools-for-stm32.11.3.rel1.win32_1.1.1.202309131626/tools/bin/../lib/gcc/arm-none-eabi/11.3.1/../../../../arm-none-eabi/lib/thumb/v7e-m+dp/hard\libc_nano.a(libc_a-memchr.o)
                0x0000000008000240                memchr
 .text          0x00000000080002e0       0x10 C:/ST/STM32CubeIDE_1.12.1/STM32CubeIDE/plugins/com.st.stm32cube.ide.mcu.externaltools.gnu-tools-for-stm32.11.3.rel1.win32_1.1.1.202309131626/tools/bin/../lib/gcc/arm-none-eabi/11.3.1/../../../../arm-none-eabi/lib/thumb/v7e-m+dp/hard\libc_nano.a(libc_a-strlen.o)
                0x00000000080002e0                strlen
 .text          0x00000000080002f0       0x30 C:/ST/STM32CubeIDE_1.12.1/STM32CubeIDE/plugins/com.st.stm32cube.ide.mcu.externaltools.gnu-tools-for-stm32.11.3.rel1.win32_1.1.1.202309131626/tools/bin/../lib/gcc/arm-none-eabi/11.3.1/thumb/v7e-m+dp/hard\libgcc.a(_aeabi_uldivmod.o)
                0x00000000080002f0                __aeabi_uldivmod
 .text          0x0000000008000320      0x2c8 C:/ST/STM32CubeIDE_1.12.1/STM32CubeIDE/plugins/com.st.stm32cube.ide.mcu.externaltools.gnu-tools-for-stm32.11.3.rel1.win32_1.1.1.202309131626/tools/bin/../lib/gcc/arm-none-eabi/11.3.1/thumb/v7e-m+dp/hard\libgcc.a(_udivmoddi4.o)
                0x0000000008000320                __udivmoddi4
 .text          0x00000000080005e8        0x4 C:/ST/STM32CubeIDE_1.12.1/STM32CubeIDE/plugins/com.st.stm32cube.ide.mcu.externaltools.gnu-tools-for-stm32.11.3.rel1.win32_1.1.1.202309131626/tools/bin/../lib/gcc/arm-none-eabi/11.3.1/thumb/v7e-m+dp/hard\libgcc.a(_dvmd_tls.o)
                0x00000000080005e8                __aeabi_idiv0
                0x00000000080005e8                __aeabi_ldiv0
 *(.text*)
 .text.NT35510_Init
                0x00000000080005ec      0x2f0 ./Libraries/BSP/Components/nt35510/nt35510.o
                0x00000000080005ec                NT35510_Init
 .text.NT35510_IO_Delay
                0x00000000080008dc        0x8 ./Libraries/BSP/STM32F769I-Discovery/stm32f769i_discovery.o
                0x00000000080008dc                NT35510_IO_Delay
 .text.LCD_IO_GetID
                0x00000000080008e4        0x4 ./Libraries/BSP/STM32F769I-Discovery/stm32f769i_discovery_lcd.o
 .text.LL_FillBuffer
                0x00000000080008e8       0x5c ./Libraries/BSP/STM32F769I-Discovery/stm32f769i_discovery_lcd.o
 .text.BSP_LCD_Reset
                0x0000000008000944       0x60 ./Libraries/BSP/STM32F769I-Discovery/stm32f769i_discovery_lcd.o
                0x0000000008000944                BSP_LCD_Reset
 .text.BSP_LCD_GetXSize
                0x00000000080009a4        0xc ./Libraries/BSP/STM32F769I-Discovery/stm32f769i_discovery_lcd.o
                0x00000000080009a4                BSP_LCD_GetXSize
 .text.BSP_LCD_GetYSize
                0x00000000080009b0        0xc ./Libraries/BSP/STM32F769I-Discovery/stm32f769i_discovery_lcd.o
                0x00000000080009b0                BSP_LCD_GetYSize
 .text.BSP_LCD_LayerDefaultInit
                0x00000000080009bc       0x80 ./Libraries/BSP/STM32F769I-Discovery/stm32f769i_discovery_lcd.o
                0x00000000080009bc                BSP_LCD_LayerDefaultInit
 .text.BSP_LCD_SelectLayer
                0x0000000008000a3c        0xc ./Libraries/BSP/STM32F769I-Discovery/stm32f769i_discovery_lcd.o
                0x0000000008000a3c                BSP_LCD_SelectLayer
 .text.BSP_LCD_SetFont
                0x0000000008000a48       0x18 ./Libraries/BSP/STM32F769I-Discovery/stm32f769i_discovery_lcd.o
                0x0000000008000a48                BSP_LCD_SetFont
 .text.BSP_LCD_GetFont
                0x0000000008000a60       0x18 ./Libraries/BSP/STM32F769I-Discovery/stm32f769i_discovery_lcd.o
                0x0000000008000a60                BSP_LCD_GetFont
 .text.BSP_LCD_Clear
                0x0000000008000a78       0x38 ./Libraries/BSP/STM32F769I-Discovery/stm32f769i_discovery_lcd.o
                0x0000000008000a78                BSP_LCD_Clear
 .text.BSP_LCD_DisplayOn
                0x0000000008000ab0       0x24 ./Libraries/BSP/STM32F769I-Discovery/stm32f769i_discovery_lcd.o
                0x0000000008000ab0                BSP_LCD_DisplayOn
 .text.DSI_IO_WriteCmd
                0x0000000008000ad4       0x38 ./Libraries/BSP/STM32F769I-Discovery/stm32f769i_discovery_lcd.o
                0x0000000008000ad4                DSI_IO_WriteCmd
 .text.BSP_LCD_MspInit
                0x0000000008000b0c       0xa8 ./Libraries/BSP/STM32F769I-Discovery/stm32f769i_discovery_lcd.o
                0x0000000008000b0c                BSP_LCD_MspInit
 .text.BSP_LCD_InitEx
                0x0000000008000bb4      0x1d0 ./Libraries/BSP/STM32F769I-Discovery/stm32f769i_discovery_lcd.o
                0x0000000008000bb4                BSP_LCD_InitEx
 .text.BSP_LCD_Init
                0x0000000008000d84        0xa ./Libraries/BSP/STM32F769I-Discovery/stm32f769i_discovery_lcd.o
                0x0000000008000d84                BSP_LCD_Init
 *fill*         0x0000000008000d8e        0x2 
 .text.BSP_SDRAM_Initialization_sequence
                0x0000000008000d90       0x98 ./Libraries/BSP/STM32F769I-Discovery/stm32f769i_discovery_sdram.o
                0x0000000008000d90                BSP_SDRAM_Initialization_sequence
 .text.BSP_SDRAM_MspInit
                0x0000000008000e28      0x180 ./Libraries/BSP/STM32F769I-Discovery/stm32f769i_discovery_sdram.o
                0x0000000008000e28                BSP_SDRAM_MspInit
 .text.BSP_SDRAM_Init
                0x0000000008000fa8       0x90 ./Libraries/BSP/STM32F769I-Discovery/stm32f769i_discovery_sdram.o
                0x0000000008000fa8                BSP_SDRAM_Init
 .text.osKernelInitialize
                0x0000000008001038       0x3c ./Middlewares/Third_Party/FreeRTOS/Source/CMSIS_RTOS_V2/cmsis_os2.o
                0x0000000008001038                osKernelInitialize
 .text.osKernelStart
                0x0000000008001074       0x48 ./Middlewares/Third_Party/FreeRTOS/Source/CMSIS_RTOS_V2/cmsis_os2.o
                0x0000000008001074                osKernelStart
 .text.osThreadNew
                0x00000000080010bc       0xd8 ./Middlewares/Third_Party/FreeRTOS/Source/CMSIS_RTOS_V2/cmsis_os2.o
                0x00000000080010bc                osThreadNew
 .text.osThreadFlagsSet
                0x0000000008001194       0x98 ./Middlewares/Third_Party/FreeRTOS/Source/CMSIS_RTOS_V2/cmsis_os2.o
                0x0000000008001194                osThreadFlagsSet
 .text.osThreadFlagsWait
                0x000000000800122c       0xcc ./Middlewares/Third_Party/FreeRTOS/Source/CMSIS_RTOS_V2/cmsis_os2.o
                0x000000000800122c                osThreadFlagsWait
 .text.osDelay  0x00000000080012f8       0x3c ./Middlewares/Third_Party/FreeRTOS/Source/CMSIS_RTOS_V2/cmsis_os2.o
                0x00000000080012f8                osDelay
 .text.osEventFlagsNew
                0x0000000008001334       0x60 ./Middlewares/Third_Party/FreeRTOS/Source/CMSIS_RTOS_V2/cmsis_os2.o
                0x0000000008001334                osEventFlagsNew
 .text.osEventFlagsSet
                0x0000000008001394       0x7c ./Middlewares/Third_Party/FreeRTOS/Source/CMSIS_RTOS_V2/cmsis_os2.o
                0x0000000008001394                osEventFlagsSet
 .text.osMutexNew
                0x0000000008001410       0xb8 ./Middlewares/Third_Party/FreeRTOS/Source/CMSIS_RTOS_V2/cmsis_os2.o
                0x0000000008001410                osMutexNew
 .text.osMutexAcquire
                0x00000000080014c8       0x7c ./Middlewares/Third_Party/FreeRTOS/Source/CMSIS_RTOS_V2/cmsis_os2.o
                0x00000000080014c8                osMutexAcquire
 .text.osMutexRelease
                0x0000000008001544       0x6c ./Middlewares/Third_Party/FreeRTOS/Source/CMSIS_RTOS_V2/cmsis_os2.o
                0x0000000008001544                osMutexRelease
 .text.osMessageQueueNew
                0x00000000080015b0       0xb4 ./Middlewares/Third_Party/FreeRTOS/Source/CMSIS_RTOS_V2/cmsis_os2.o
                0x00000000080015b0                osMessageQueueNew
 .text.vApplicationGetIdleTaskMemory
                0x0000000008001664       0x1c ./Middlewares/Third_Party/FreeRTOS/Source/CMSIS_RTOS_V2/cmsis_os2.o
                0x0000000008001664                vApplicationGetIdleTaskMemory
 .text.vApplicationGetTimerTaskMemory
                0x0000000008001680       0x20 ./Middlewares/Third_Party/FreeRTOS/Source/CMSIS_RTOS_V2/cmsis_os2.o
                0x0000000008001680                vApplicationGetTimerTaskMemory
 .text.xEventGroupCreateStatic
                0x00000000080016a0       0x52 ./Middlewares/Third_Party/FreeRTOS/Source/event_groups.o
                0x00000000080016a0                xEventGroupCreateStatic
 .text.xEventGroupCreate
                0x00000000080016f2       0x1c ./Middlewares/Third_Party/FreeRTOS/Source/event_groups.o
                0x00000000080016f2                xEventGroupCreate
 .text.xEventGroupSetBits
                0x000000000800170e       0x94 ./Middlewares/Third_Party/FreeRTOS/Source/event_groups.o
                0x000000000800170e                xEventGroupSetBits
 .text.vEventGroupSetBitsCallback
                0x00000000080017a2        0x8 ./Middlewares/Third_Party/FreeRTOS/Source/event_groups.o
                0x00000000080017a2                vEventGroupSetBitsCallback
 *fill*         0x00000000080017aa        0x2 
 .text.xEventGroupSetBitsFromISR
                0x00000000080017ac       0x14 ./Middlewares/Third_Party/FreeRTOS/Source/event_groups.o
                0x00000000080017ac                xEventGroupSetBitsFromISR
 .text.vListInitialise
                0x00000000080017c0       0x16 ./Middlewares/Third_Party/FreeRTOS/Source/list.o
                0x00000000080017c0                vListInitialise
 .text.vListInitialiseItem
                0x00000000080017d6        0x6 ./Middlewares/Third_Party/FreeRTOS/Source/list.o
                0x00000000080017d6                vListInitialiseItem
 .text.vListInsertEnd
                0x00000000080017dc       0x16 ./Middlewares/Third_Party/FreeRTOS/Source/list.o
                0x00000000080017dc                vListInsertEnd
 .text.vListInsert
                0x00000000080017f2       0x32 ./Middlewares/Third_Party/FreeRTOS/Source/list.o
                0x00000000080017f2                vListInsert
 .text.uxListRemove
                0x0000000008001824       0x26 ./Middlewares/Third_Party/FreeRTOS/Source/list.o
                0x0000000008001824                uxListRemove
 .text.prvGetDisinheritPriorityAfterTimeout
                0x000000000800184a       0x10 ./Middlewares/Third_Party/FreeRTOS/Source/queue.o
 .text.prvIsQueueFull
                0x000000000800185a       0x1e ./Middlewares/Third_Party/FreeRTOS/Source/queue.o
 .text.prvIsQueueEmpty
                0x0000000008001878       0x1a ./Middlewares/Third_Party/FreeRTOS/Source/queue.o
 .text.prvCopyDataToQueue
                0x0000000008001892       0x76 ./Middlewares/Third_Party/FreeRTOS/Source/queue.o
 .text.prvCopyDataFromQueue
                0x0000000008001908       0x24 ./Middlewares/Third_Party/FreeRTOS/Source/queue.o
 .text.prvUnlockQueue
                0x000000000800192c       0x6e ./Middlewares/Third_Party/FreeRTOS/Source/queue.o
 .text.xQueueGenericReset
                0x000000000800199a       0x88 ./Middlewares/Third_Party/FreeRTOS/Source/queue.o
                0x000000000800199a                xQueueGenericReset
 .text.prvInitialiseNewQueue
                0x0000000008001a22       0x22 ./Middlewares/Third_Party/FreeRTOS/Source/queue.o
 .text.xQueueGenericCreateStatic
                0x0000000008001a44       0xba ./Middlewares/Third_Party/FreeRTOS/Source/queue.o
                0x0000000008001a44                xQueueGenericCreateStatic
 .text.xQueueGenericCreate
                0x0000000008001afe       0x52 ./Middlewares/Third_Party/FreeRTOS/Source/queue.o
                0x0000000008001afe                xQueueGenericCreate
 .text.xQueueGenericSend
                0x0000000008001b50      0x198 ./Middlewares/Third_Party/FreeRTOS/Source/queue.o
                0x0000000008001b50                xQueueGenericSend
 .text.prvInitialiseMutex
                0x0000000008001ce8       0x18 ./Middlewares/Third_Party/FreeRTOS/Source/queue.o
 .text.xQueueCreateMutex
                0x0000000008001d00       0x16 ./Middlewares/Third_Party/FreeRTOS/Source/queue.o
                0x0000000008001d00                xQueueCreateMutex
 .text.xQueueCreateMutexStatic
                0x0000000008001d16       0x1e ./Middlewares/Third_Party/FreeRTOS/Source/queue.o
                0x0000000008001d16                xQueueCreateMutexStatic
 .text.xQueueGiveMutexRecursive
                0x0000000008001d34       0x44 ./Middlewares/Third_Party/FreeRTOS/Source/queue.o
                0x0000000008001d34                xQueueGiveMutexRecursive
 .text.xQueueGenericSendFromISR
                0x0000000008001d78       0xdc ./Middlewares/Third_Party/FreeRTOS/Source/queue.o
                0x0000000008001d78                xQueueGenericSendFromISR
 .text.xQueueReceive
                0x0000000008001e54      0x16a ./Middlewares/Third_Party/FreeRTOS/Source/queue.o
                0x0000000008001e54                xQueueReceive
 .text.xQueueSemaphoreTake
                0x0000000008001fbe      0x1b6 ./Middlewares/Third_Party/FreeRTOS/Source/queue.o
                0x0000000008001fbe                xQueueSemaphoreTake
 .text.xQueueTakeMutexRecursive
                0x0000000008002174       0x44 ./Middlewares/Third_Party/FreeRTOS/Source/queue.o
                0x0000000008002174                xQueueTakeMutexRecursive
 .text.vQueueAddToRegistry
                0x00000000080021b8       0x28 ./Middlewares/Third_Party/FreeRTOS/Source/queue.o
                0x00000000080021b8                vQueueAddToRegistry
 .text.vQueueWaitForMessageRestricted
                0x00000000080021e0       0x52 ./Middlewares/Third_Party/FreeRTOS/Source/queue.o
                0x00000000080021e0                vQueueWaitForMessageRestricted
 *fill*         0x0000000008002232        0x2 
 .text.prvResetNextTaskUnblockTime
                0x0000000008002234       0x24 ./Middlewares/Third_Party/FreeRTOS/Source/tasks.o
 .text.prvInitialiseNewTask
                0x0000000008002258       0xa2 ./Middlewares/Third_Party/FreeRTOS/Source/tasks.o
 *fill*         0x00000000080022fa        0x2 
 .text.prvInitialiseTaskLists
                0x00000000080022fc       0x58 ./Middlewares/Third_Party/FreeRTOS/Source/tasks.o
 .text.prvAddNewTaskToReadyList
                0x0000000008002354       0xb0 ./Middlewares/Third_Party/FreeRTOS/Source/tasks.o
 .text.prvDeleteTCB
                0x0000000008002404       0x3c ./Middlewares/Third_Party/FreeRTOS/Source/tasks.o
 .text.prvCheckTasksWaitingTermination
                0x0000000008002440       0x44 ./Middlewares/Third_Party/FreeRTOS/Source/tasks.o
 .text.prvIdleTask
                0x0000000008002484       0x28 ./Middlewares/Third_Party/FreeRTOS/Source/tasks.o
 .text.prvAddCurrentTaskToDelayedList
                0x00000000080024ac       0x74 ./Middlewares/Third_Party/FreeRTOS/Source/tasks.o
 .text.xTaskCreateStatic
                0x0000000008002520       0x82 ./Middlewares/Third_Party/FreeRTOS/Source/tasks.o
                0x0000000008002520                xTaskCreateStatic
 .text.xTaskCreate
                0x00000000080025a2       0x68 ./Middlewares/Third_Party/FreeRTOS/Source/tasks.o
                0x00000000080025a2                xTaskCreate
 *fill*         0x000000000800260a        0x2 
 .text.vTaskStartScheduler
                0x000000000800260c       0x98 ./Middlewares/Third_Party/FreeRTOS/Source/tasks.o
                0x000000000800260c                vTaskStartScheduler
 .text.vTaskSuspendAll
                0x00000000080026a4       0x14 ./Middlewares/Third_Party/FreeRTOS/Source/tasks.o
                0x00000000080026a4                vTaskSuspendAll
 .text.xTaskGetTickCount
                0x00000000080026b8        0xc ./Middlewares/Third_Party/FreeRTOS/Source/tasks.o
                0x00000000080026b8                xTaskGetTickCount
 .text.xTaskIncrementTick
                0x00000000080026c4      0x11c ./Middlewares/Third_Party/FreeRTOS/Source/tasks.o
                0x00000000080026c4                xTaskIncrementTick
 .text.xTaskResumeAll
                0x00000000080027e0       0xf4 ./Middlewares/Third_Party/FreeRTOS/Source/tasks.o
                0x00000000080027e0                xTaskResumeAll
 .text.vTaskDelay
                0x00000000080028d4       0x50 ./Middlewares/Third_Party/FreeRTOS/Source/tasks.o
                0x00000000080028d4                vTaskDelay
 .text.vTaskSwitchContext
                0x0000000008002924       0x90 ./Middlewares/Third_Party/FreeRTOS/Source/tasks.o
                0x0000000008002924                vTaskSwitchContext
 .text.vTaskPlaceOnEventList
                0x00000000080029b4       0x38 ./Middlewares/Third_Party/FreeRTOS/Source/tasks.o
                0x00000000080029b4                vTaskPlaceOnEventList
 .text.vTaskPlaceOnEventListRestricted
                0x00000000080029ec       0x40 ./Middlewares/Third_Party/FreeRTOS/Source/tasks.o
                0x00000000080029ec                vTaskPlaceOnEventListRestricted
 .text.xTaskRemoveFromEventList
                0x0000000008002a2c       0x8c ./Middlewares/Third_Party/FreeRTOS/Source/tasks.o
                0x0000000008002a2c                xTaskRemoveFromEventList
 .text.vTaskRemoveFromUnorderedEventList
                0x0000000008002ab8       0x8c ./Middlewares/Third_Party/FreeRTOS/Source/tasks.o
                0x0000000008002ab8                vTaskRemoveFromUnorderedEventList
 .text.vTaskInternalSetTimeOutState
                0x0000000008002b44       0x14 ./Middlewares/Third_Party/FreeRTOS/Source/tasks.o
                0x0000000008002b44                vTaskInternalSetTimeOutState
 .text.xTaskCheckForTimeOut
                0x0000000008002b58       0x8c ./Middlewares/Third_Party/FreeRTOS/Source/tasks.o
                0x0000000008002b58                xTaskCheckForTimeOut
 .text.vTaskMissedYield
                0x0000000008002be4       0x10 ./Middlewares/Third_Party/FreeRTOS/Source/tasks.o
                0x0000000008002be4                vTaskMissedYield
 .text.xTaskGetCurrentTaskHandle
                0x0000000008002bf4        0xc ./Middlewares/Third_Party/FreeRTOS/Source/tasks.o
                0x0000000008002bf4                xTaskGetCurrentTaskHandle
 .text.xTaskGetSchedulerState
                0x0000000008002c00       0x20 ./Middlewares/Third_Party/FreeRTOS/Source/tasks.o
                0x0000000008002c00                xTaskGetSchedulerState
 .text.xTaskPriorityInherit
                0x0000000008002c20       0xa0 ./Middlewares/Third_Party/FreeRTOS/Source/tasks.o
                0x0000000008002c20                xTaskPriorityInherit
 .text.xTaskPriorityDisinherit
                0x0000000008002cc0       0x9c ./Middlewares/Third_Party/FreeRTOS/Source/tasks.o
                0x0000000008002cc0                xTaskPriorityDisinherit
 .text.vTaskPriorityDisinheritAfterTimeout
                0x0000000008002d5c       0xac ./Middlewares/Third_Party/FreeRTOS/Source/tasks.o
                0x0000000008002d5c                vTaskPriorityDisinheritAfterTimeout
 .text.pvTaskIncrementMutexHeldCount
                0x0000000008002e08       0x20 ./Middlewares/Third_Party/FreeRTOS/Source/tasks.o
                0x0000000008002e08                pvTaskIncrementMutexHeldCount
 .text.xTaskNotifyWait
                0x0000000008002e28       0xa8 ./Middlewares/Third_Party/FreeRTOS/Source/tasks.o
                0x0000000008002e28                xTaskNotifyWait
 .text.xTaskGenericNotify
                0x0000000008002ed0      0x110 ./Middlewares/Third_Party/FreeRTOS/Source/tasks.o
                0x0000000008002ed0                xTaskGenericNotify
 .text.xTaskGenericNotifyFromISR
                0x0000000008002fe0      0x144 ./Middlewares/Third_Party/FreeRTOS/Source/tasks.o
                0x0000000008002fe0                xTaskGenericNotifyFromISR
 .text.prvGetNextExpireTime
                0x0000000008003124       0x20 ./Middlewares/Third_Party/FreeRTOS/Source/timers.o
 .text.prvInsertTimerInActiveList
                0x0000000008003144       0x4c ./Middlewares/Third_Party/FreeRTOS/Source/timers.o
 .text.prvCheckForValidListAndQueue
                0x0000000008003190       0x5c ./Middlewares/Third_Party/FreeRTOS/Source/timers.o
 .text.xTimerCreateTimerTask
                0x00000000080031ec       0x68 ./Middlewares/Third_Party/FreeRTOS/Source/timers.o
                0x00000000080031ec                xTimerCreateTimerTask
 .text.xTimerGenericCommand
                0x0000000008003254       0x70 ./Middlewares/Third_Party/FreeRTOS/Source/timers.o
                0x0000000008003254                xTimerGenericCommand
 .text.prvSwitchTimerLists
                0x00000000080032c4       0x90 ./Middlewares/Third_Party/FreeRTOS/Source/timers.o
 .text.prvSampleTimeNow
                0x0000000008003354       0x30 ./Middlewares/Third_Party/FreeRTOS/Source/timers.o
 .text.prvProcessExpiredTimer
                0x0000000008003384       0x70 ./Middlewares/Third_Party/FreeRTOS/Source/timers.o
 .text.prvProcessTimerOrBlockTask
                0x00000000080033f4       0x74 ./Middlewares/Third_Party/FreeRTOS/Source/timers.o
 .text.prvProcessReceivedCommands
                0x0000000008003468      0x114 ./Middlewares/Third_Party/FreeRTOS/Source/timers.o
 .text.prvTimerTask
                0x000000000800357c       0x16 ./Middlewares/Third_Party/FreeRTOS/Source/timers.o
 *fill*         0x0000000008003592        0x2 
 .text.xTimerPendFunctionCallFromISR
                0x0000000008003594       0x28 ./Middlewares/Third_Party/FreeRTOS/Source/timers.o
                0x0000000008003594                xTimerPendFunctionCallFromISR
 .text.prvTaskExitError
                0x00000000080035bc       0x48 ./Middlewares/Third_Party/FreeRTOS/Source/portable/GCC/ARM_CM7/r0p1/port.o
 .text.prvPortStartFirstTask
                0x0000000008003604       0x28 ./Middlewares/Third_Party/FreeRTOS/Source/portable/GCC/ARM_CM7/r0p1/port.o
 .text.vPortEnableVFP
                0x000000000800362c       0x14 ./Middlewares/Third_Party/FreeRTOS/Source/portable/GCC/ARM_CM7/r0p1/port.o
 .text.pxPortInitialiseStack
                0x0000000008003640       0x2c ./Middlewares/Third_Party/FreeRTOS/Source/portable/GCC/ARM_CM7/r0p1/port.o
                0x0000000008003640                pxPortInitialiseStack
 *fill*         0x000000000800366c        0x4 
 .text.SVC_Handler
                0x0000000008003670       0x24 ./Middlewares/Third_Party/FreeRTOS/Source/portable/GCC/ARM_CM7/r0p1/port.o
                0x0000000008003670                SVC_Handler
 .text.vPortEnterCritical
                0x0000000008003694       0x4c ./Middlewares/Third_Party/FreeRTOS/Source/portable/GCC/ARM_CM7/r0p1/port.o
                0x0000000008003694                vPortEnterCritical
 .text.vPortExitCritical
                0x00000000080036e0       0x30 ./Middlewares/Third_Party/FreeRTOS/Source/portable/GCC/ARM_CM7/r0p1/port.o
                0x00000000080036e0                vPortExitCritical
 .text.PendSV_Handler
                0x0000000008003710       0x64 ./Middlewares/Third_Party/FreeRTOS/Source/portable/GCC/ARM_CM7/r0p1/port.o
                0x0000000008003710                PendSV_Handler
 .text.SysTick_Handler
                0x0000000008003774       0x30 ./Middlewares/Third_Party/FreeRTOS/Source/portable/GCC/ARM_CM7/r0p1/port.o
                0x0000000008003774                SysTick_Handler
 .text.vPortSetupTimerInterrupt
                0x00000000080037a4       0x28 ./Middlewares/Third_Party/FreeRTOS/Source/portable/GCC/ARM_CM7/r0p1/port.o
                0x00000000080037a4                vPortSetupTimerInterrupt
 .text.xPortStartScheduler
                0x00000000080037cc       0xd0 ./Middlewares/Third_Party/FreeRTOS/Source/portable/GCC/ARM_CM7/r0p1/port.o
                0x00000000080037cc                xPortStartScheduler
 .text.vPortValidateInterruptPriority
                0x000000000800389c       0x60 ./Middlewares/Third_Party/FreeRTOS/Source/portable/GCC/ARM_CM7/r0p1/port.o
                0x000000000800389c                vPortValidateInterruptPriority
 .text.prvHeapInit
                0x00000000080038fc       0x4c ./Middlewares/Third_Party/FreeRTOS/Source/portable/MemMang/heap_4.o
 .text.prvInsertBlockIntoFreeList
                0x0000000008003948       0x60 ./Middlewares/Third_Party/FreeRTOS/Source/portable/MemMang/heap_4.o
 .text.pvPortMalloc
                0x00000000080039a8       0xe4 ./Middlewares/Third_Party/FreeRTOS/Source/portable/MemMang/heap_4.o
                0x00000000080039a8                pvPortMalloc
 .text.vPortFree
                0x0000000008003a8c       0x74 ./Middlewares/Third_Party/FreeRTOS/Source/portable/MemMang/heap_4.o
                0x0000000008003a8c                vPortFree
 .text.PushButton_Thread
                0x0000000008003b00       0x30 ./src/final_project.o
                0x0000000008003b00                PushButton_Thread
 .text.LCDRefresh_Thread
                0x0000000008003b30       0x74 ./src/final_project.o
                0x0000000008003b30                LCDRefresh_Thread
 .text.main     0x0000000008003ba4       0xa8 ./src/final_project.o
                0x0000000008003ba4                main
 .text.USART1_IRQHandler
                0x0000000008003c4c       0x10 ./src/final_project.o
                0x0000000008003c4c                USART1_IRQHandler
 .text.USART6_IRQHandler
                0x0000000008003c5c       0x10 ./src/final_project.o
                0x0000000008003c5c                USART6_IRQHandler
 .text.DMA2_Stream1_IRQHandler
                0x0000000008003c6c       0x10 ./src/final_project.o
                0x0000000008003c6c                DMA2_Stream1_IRQHandler
 .text.DMA2_Stream5_IRQHandler
                0x0000000008003c7c       0x10 ./src/final_project.o
                0x0000000008003c7c                DMA2_Stream5_IRQHandler
 .text.DMA2_Stream6_IRQHandler
                0x0000000008003c8c       0x10 ./src/final_project.o
                0x0000000008003c8c                DMA2_Stream6_IRQHandler
 .text.DMA2_Stream7_IRQHandler
                0x0000000008003c9c       0x10 ./src/final_project.o
                0x0000000008003c9c                DMA2_Stream7_IRQHandler
 .text.HAL_UART_RxCpltCallback
                0x0000000008003cac       0x38 ./src/final_project.o
                0x0000000008003cac                HAL_UART_RxCpltCallback
 .text.HAL_UART_TxCpltCallback
                0x0000000008003ce4        0x2 ./src/final_project.o
                0x0000000008003ce4                HAL_UART_TxCpltCallback
 *fill*         0x0000000008003ce6        0x2 
 .text.I2C_init
                0x0000000008003ce8       0xb0 ./src/final_project.o
                0x0000000008003ce8                I2C_init
 .text.Gyro_Thread
                0x0000000008003d98       0xa0 ./src/final_project.o
                0x0000000008003d98                Gyro_Thread
 .text.DMA_init
                0x0000000008003e38      0x1b4 ./src/final_project.o
                0x0000000008003e38                DMA_init
 .text.UART_init
                0x0000000008003fec       0x70 ./src/final_project.o
                0x0000000008003fec                UART_init
 .text.UART_Thread
                0x000000000800405c       0x12 ./src/final_project.o
                0x000000000800405c                UART_Thread
 .text.DrawCharToBuffer
                0x000000000800406e       0x74 ./src/final_project.o
                0x000000000800406e                DrawCharToBuffer
 .text.DrawStringToBuffer
                0x00000000080040e2       0x76 ./src/final_project.o
                0x00000000080040e2                DrawStringToBuffer
 .text.DrawLineInBuffer
                0x0000000008004158       0x7e ./src/final_project.o
                0x0000000008004158                DrawLineInBuffer
 *fill*         0x00000000080041d6        0x2 
 .text.rotateVertex
                0x00000000080041d8      0x110 ./src/final_project.o
                0x00000000080041d8                rotateVertex
 .text.rotate   0x00000000080042e8       0x3c ./src/final_project.o
                0x00000000080042e8                rotate
 .text.normalizeAngle
                0x0000000008004324       0x44 ./src/final_project.o
                0x0000000008004324                normalizeAngle
 .text.LCDBuffer_Thread
                0x0000000008004368      0x49c ./src/final_project.o
                0x0000000008004368                LCDBuffer_Thread
 .text.EXTI0_IRQHandler
                0x0000000008004804       0x30 ./src/final_project.o
                0x0000000008004804                EXTI0_IRQHandler
 .text.HAL_Delay
                0x0000000008004834        0x8 ./src/final_project.o
                0x0000000008004834                HAL_Delay
 .text.SystemClock_Config
                0x000000000800483c       0x68 ./src/init.o
                0x000000000800483c                SystemClock_Config
 .text.CPU_CACHE_Enable
                0x00000000080048a4       0x80 ./src/init.o
                0x00000000080048a4                CPU_CACHE_Enable
 .text.Clock_Inits
                0x0000000008004924      0x270 ./src/init.o
                0x0000000008004924                Clock_Inits
 .text.Sys_Init
                0x0000000008004b94       0x38 ./src/init.o
                0x0000000008004b94                Sys_Init
 .text.MPU6050_Init
                0x0000000008004bcc       0xa0 ./src/mpu6050.o
                0x0000000008004bcc                MPU6050_Init
 .text.Kalman_getAngle
                0x0000000008004c6c       0xc2 ./src/mpu6050.o
                0x0000000008004c6c                Kalman_getAngle
 *fill*         0x0000000008004d2e        0x2 
 .text.MPU6050_Read_All
                0x0000000008004d30      0x29c ./src/mpu6050.o
                0x0000000008004d30                MPU6050_Read_All
 .text.HAL_InitTick
                0x0000000008004fcc       0x7c ./src/stm32f7xx_hal_timebase_tim.o
                0x0000000008004fcc                HAL_InitTick
 .text.TIM7_IRQHandler
                0x0000000008005048       0x10 ./src/stm32f7xx_hal_timebase_tim.o
                0x0000000008005048                TIM7_IRQHandler
 .text.HAL_UART_MspInit
                0x0000000008005058       0xe4 ./src/uart.o
                0x0000000008005058                HAL_UART_MspInit
 .text.initUart
                0x000000000800513c       0x1a ./src/uart.o
                0x000000000800513c                initUart
 *fill*         0x0000000008005156        0x2 
 .text._write   0x0000000008005158       0x14 ./src/uart.o
                0x0000000008005158                _write
 .text._read    0x000000000800516c       0x1c ./src/uart.o
                0x000000000800516c                _read
 .text._lseek   0x0000000008005188        0x2 ./src/uart.o
                0x0000000008005188                _lseek
 .text._fstat   0x000000000800518a        0x2 ./src/uart.o
                0x000000000800518a                _fstat
 .text._getpid  0x000000000800518c        0x2 ./src/uart.o
                0x000000000800518c                _getpid
 .text._kill    0x000000000800518e        0x2 ./src/uart.o
                0x000000000800518e                _kill
 .text._isatty  0x0000000008005190        0x2 ./src/uart.o
                0x0000000008005190                _isatty
 *fill*         0x0000000008005192        0x2 
 .text.Reset_Handler
                0x0000000008005194       0x50 ./startup/startup_stm32f769nihx.o
                0x0000000008005194                Reset_Handler
 .text.Default_Handler
                0x00000000080051e4        0x2 ./startup/startup_stm32f769nihx.o
                0x00000000080051e4                HASH_RNG_IRQHandler
                0x00000000080051e4                EXTI2_IRQHandler
                0x00000000080051e4                TIM8_CC_IRQHandler
                0x00000000080051e4                DebugMon_Handler
                0x00000000080051e4                UART8_IRQHandler
                0x00000000080051e4                SPI4_IRQHandler
                0x00000000080051e4                QuadSPI_IRQHandler
                0x00000000080051e4                HardFault_Handler
                0x00000000080051e4                JPEG_IRQHandler
                0x00000000080051e4                DSIHOST_IRQHandler
                0x00000000080051e4                DMA1_Stream5_IRQHandler
                0x00000000080051e4                CAN3_RX1_IRQHandler
                0x00000000080051e4                PVD_IRQHandler
                0x00000000080051e4                TAMP_STAMP_IRQHandler
                0x00000000080051e4                NMI_Handler
                0x00000000080051e4                CAN2_RX1_IRQHandler
                0x00000000080051e4                EXTI3_IRQHandler
                0x00000000080051e4                TIM8_TRG_COM_TIM14_IRQHandler
                0x00000000080051e4                DFSDM1_FLT1_IRQHandler
                0x00000000080051e4                TIM8_UP_TIM13_IRQHandler
                0x00000000080051e4                I2C3_ER_IRQHandler
                0x00000000080051e4                DFSDM1_FLT2_IRQHandler
                0x00000000080051e4                LCD_TFT_IRQHandler
                0x00000000080051e4                DMA1_Stream2_IRQHandler
                0x00000000080051e4                CAN1_RX0_IRQHandler
                0x00000000080051e4                FPU_IRQHandler
                0x00000000080051e4                OTG_HS_WKUP_IRQHandler
                0x00000000080051e4                CAN3_SCE_IRQHandler
                0x00000000080051e4                UsageFault_Handler
                0x00000000080051e4                CAN2_SCE_IRQHandler
                0x00000000080051e4                DMA2_Stream2_IRQHandler
                0x00000000080051e4                SPI1_IRQHandler
                0x00000000080051e4                TIM6_DAC_IRQHandler
                0x00000000080051e4                TIM1_BRK_TIM9_IRQHandler
                0x00000000080051e4                DCMI_IRQHandler
                0x00000000080051e4                CAN2_RX0_IRQHandler
                0x00000000080051e4                DMA2_Stream3_IRQHandler
                0x00000000080051e4                RTC_ALARM_IRQHandler
                0x00000000080051e4                SAI2_IRQHandler
                0x00000000080051e4                DFSDM1_FLT3_IRQHandler
                0x00000000080051e4                CAN3_RX0_IRQHandler
                0x00000000080051e4                USART3_IRQHandler
                0x00000000080051e4                CAN1_RX1_IRQHandler
                0x00000000080051e4                UART5_IRQHandler
                0x00000000080051e4                DMA2_Stream0_IRQHandler
                0x00000000080051e4                TIM4_IRQHandler
                0x00000000080051e4                I2C1_EV_IRQHandler
                0x00000000080051e4                HDMI_CEC_IRQHandler
                0x00000000080051e4                DMA1_Stream6_IRQHandler
                0x00000000080051e4                DMA1_Stream1_IRQHandler
                0x00000000080051e4                UART4_IRQHandler
                0x00000000080051e4                TIM3_IRQHandler
                0x00000000080051e4                RCC_IRQHandler
                0x00000000080051e4                TIM8_BRK_TIM12_IRQHandler
                0x00000000080051e4                Default_Handler
                0x00000000080051e4                EXTI15_10_IRQHandler
                0x00000000080051e4                ADC_IRQHandler
                0x00000000080051e4                DMA1_Stream7_IRQHandler
                0x00000000080051e4                SPI5_IRQHandler
                0x00000000080051e4                LPTimer1_IRQHandler
                0x00000000080051e4                SDMMC1_IRQHandler
                0x00000000080051e4                CAN2_TX_IRQHandler
                0x00000000080051e4                TIM5_IRQHandler
                0x00000000080051e4                I2C3_EV_IRQHandler
                0x00000000080051e4                EXTI9_5_IRQHandler
                0x00000000080051e4                RTC_WKUP_IRQHandler
                0x00000000080051e4                ETH_WKUP_IRQHandler
                0x00000000080051e4                SPI2_IRQHandler
                0x00000000080051e4                OTG_HS_EP1_IN_IRQHandler
                0x00000000080051e4                MemManage_Handler
                0x00000000080051e4                DMA1_Stream0_IRQHandler
                0x00000000080051e4                CAN1_TX_IRQHandler
                0x00000000080051e4                EXTI4_IRQHandler
                0x00000000080051e4                ETH_IRQHandler
                0x00000000080051e4                OTG_HS_EP1_OUT_IRQHandler
                0x00000000080051e4                WWDG_IRQHandler
                0x00000000080051e4                SPI6_IRQHandler
                0x00000000080051e4                MDIOS_IRQHandler
                0x00000000080051e4                I2C4_EV_IRQHandler
                0x00000000080051e4                CAN3_TX_IRQHandler
                0x00000000080051e4                TIM2_IRQHandler
                0x00000000080051e4                OTG_FS_WKUP_IRQHandler
                0x00000000080051e4                TIM1_TRG_COM_TIM11_IRQHandler
                0x00000000080051e4                OTG_HS_IRQHandler
                0x00000000080051e4                DMA2D_IRQHandler
                0x00000000080051e4                EXTI1_IRQHandler
                0x00000000080051e4                SDMMC2_IRQHandler
                0x00000000080051e4                UART7_IRQHandler
                0x00000000080051e4                USART2_IRQHandler
                0x00000000080051e4                DFSDM1_FLT0_IRQHandler
                0x00000000080051e4                SPDIFRX_IRQHandler
                0x00000000080051e4                CAN1_SCE_IRQHandler
                0x00000000080051e4                FLASH_IRQHandler
                0x00000000080051e4                DMA2_Stream4_IRQHandler
                0x00000000080051e4                BusFault_Handler
                0x00000000080051e4                OTG_FS_IRQHandler
                0x00000000080051e4                SPI3_IRQHandler
                0x00000000080051e4                DMA1_Stream4_IRQHandler
                0x00000000080051e4                I2C1_ER_IRQHandler
                0x00000000080051e4                FMC_IRQHandler
                0x00000000080051e4                I2C4_ER_IRQHandler
                0x00000000080051e4                SAI1_IRQHandler
                0x00000000080051e4                DMA1_Stream3_IRQHandler
 *fill*         0x00000000080051e6        0x2 
 .text.SystemInit
                0x00000000080051e8       0x14 ./stm32lib/CMSIS/Device/ST/STM32F7xx/Source/Templates/system_stm32f7xx.o
                0x00000000080051e8                SystemInit
 .text.HAL_MspInit
                0x00000000080051fc        0x2 ./stm32lib/STM32F7xx_HAL_Driver/Src/stm32f7xx_hal.o
                0x00000000080051fc                HAL_MspInit
 *fill*         0x00000000080051fe        0x2 
 .text.HAL_Init
                0x0000000008005200       0x2c ./stm32lib/STM32F7xx_HAL_Driver/Src/stm32f7xx_hal.o
                0x0000000008005200                HAL_Init
 .text.HAL_GetTick
                0x000000000800522c        0xc ./stm32lib/STM32F7xx_HAL_Driver/Src/stm32f7xx_hal.o
                0x000000000800522c                HAL_GetTick
 .text.HAL_NVIC_SetPriorityGrouping
                0x0000000008005238       0x24 ./stm32lib/STM32F7xx_HAL_Driver/Src/stm32f7xx_hal_cortex.o
                0x0000000008005238                HAL_NVIC_SetPriorityGrouping
 .text.HAL_NVIC_SetPriority
                0x000000000800525c       0x6c ./stm32lib/STM32F7xx_HAL_Driver/Src/stm32f7xx_hal_cortex.o
                0x000000000800525c                HAL_NVIC_SetPriority
 .text.HAL_NVIC_EnableIRQ
                0x00000000080052c8       0x1c ./stm32lib/STM32F7xx_HAL_Driver/Src/stm32f7xx_hal_cortex.o
                0x00000000080052c8                HAL_NVIC_EnableIRQ
 .text.DMA_SetConfig
                0x00000000080052e4       0x2c ./stm32lib/STM32F7xx_HAL_Driver/Src/stm32f7xx_hal_dma.o
 .text.DMA_CalcBaseAndBitshift
                0x0000000008005310       0x40 ./stm32lib/STM32F7xx_HAL_Driver/Src/stm32f7xx_hal_dma.o
 .text.DMA_CheckFifoParam
                0x0000000008005350       0x8e ./stm32lib/STM32F7xx_HAL_Driver/Src/stm32f7xx_hal_dma.o
 *fill*         0x00000000080053de        0x2 
 .text.HAL_DMA_Init
                0x00000000080053e0       0xcc ./stm32lib/STM32F7xx_HAL_Driver/Src/stm32f7xx_hal_dma.o
                0x00000000080053e0                HAL_DMA_Init
 .text.HAL_DMA_DeInit
                0x00000000080054ac       0x64 ./stm32lib/STM32F7xx_HAL_Driver/Src/stm32f7xx_hal_dma.o
                0x00000000080054ac                HAL_DMA_DeInit
 .text.HAL_DMA_Start_IT
                0x0000000008005510       0x74 ./stm32lib/STM32F7xx_HAL_Driver/Src/stm32f7xx_hal_dma.o
                0x0000000008005510                HAL_DMA_Start_IT
 .text.HAL_DMA_Abort
                0x0000000008005584       0x94 ./stm32lib/STM32F7xx_HAL_Driver/Src/stm32f7xx_hal_dma.o
                0x0000000008005584                HAL_DMA_Abort
 .text.HAL_DMA_Abort_IT
                0x0000000008005618       0x26 ./stm32lib/STM32F7xx_HAL_Driver/Src/stm32f7xx_hal_dma.o
                0x0000000008005618                HAL_DMA_Abort_IT
 *fill*         0x000000000800563e        0x2 
 .text.HAL_DMA_IRQHandler
                0x0000000008005640      0x1dc ./stm32lib/STM32F7xx_HAL_Driver/Src/stm32f7xx_hal_dma.o
                0x0000000008005640                HAL_DMA_IRQHandler
 .text.HAL_DMA_GetError
                0x000000000800581c        0x4 ./stm32lib/STM32F7xx_HAL_Driver/Src/stm32f7xx_hal_dma.o
                0x000000000800581c                HAL_DMA_GetError
 .text.DMA2D_SetConfig
                0x0000000008005820       0x92 ./stm32lib/STM32F7xx_HAL_Driver/Src/stm32f7xx_hal_dma2d.o
 .text.HAL_DMA2D_MspInit
                0x00000000080058b2        0x2 ./stm32lib/STM32F7xx_HAL_Driver/Src/stm32f7xx_hal_dma2d.o
                0x00000000080058b2                HAL_DMA2D_MspInit
 .text.HAL_DMA2D_Init
                0x00000000080058b4       0x74 ./stm32lib/STM32F7xx_HAL_Driver/Src/stm32f7xx_hal_dma2d.o
                0x00000000080058b4                HAL_DMA2D_Init
 .text.HAL_DMA2D_Start
                0x0000000008005928       0x38 ./stm32lib/STM32F7xx_HAL_Driver/Src/stm32f7xx_hal_dma2d.o
                0x0000000008005928                HAL_DMA2D_Start
 .text.HAL_DMA2D_PollForTransfer
                0x0000000008005960      0x13e ./stm32lib/STM32F7xx_HAL_Driver/Src/stm32f7xx_hal_dma2d.o
                0x0000000008005960                HAL_DMA2D_PollForTransfer
 *fill*         0x0000000008005a9e        0x2 
 .text.HAL_DMA2D_ConfigLayer
                0x0000000008005aa0       0xe0 ./stm32lib/STM32F7xx_HAL_Driver/Src/stm32f7xx_hal_dma2d.o
                0x0000000008005aa0                HAL_DMA2D_ConfigLayer
 .text.DSI_ConfigPacketHeader
                0x0000000008005b80       0x12 ./stm32lib/STM32F7xx_HAL_Driver/Src/stm32f7xx_hal_dsi.o
 .text.DSI_ShortWrite
                0x0000000008005b92       0x42 ./stm32lib/STM32F7xx_HAL_Driver/Src/stm32f7xx_hal_dsi.o
 .text.HAL_DSI_MspInit
                0x0000000008005bd4        0x2 ./stm32lib/STM32F7xx_HAL_Driver/Src/stm32f7xx_hal_dsi.o
                0x0000000008005bd4                HAL_DSI_MspInit
 *fill*         0x0000000008005bd6        0x2 
 .text.HAL_DSI_Init
                0x0000000008005bd8      0x18c ./stm32lib/STM32F7xx_HAL_Driver/Src/stm32f7xx_hal_dsi.o
                0x0000000008005bd8                HAL_DSI_Init
 .text.HAL_DSI_MspDeInit
                0x0000000008005d64        0x2 ./stm32lib/STM32F7xx_HAL_Driver/Src/stm32f7xx_hal_dsi.o
                0x0000000008005d64                HAL_DSI_MspDeInit
 .text.HAL_DSI_DeInit
                0x0000000008005d66       0x9e ./stm32lib/STM32F7xx_HAL_Driver/Src/stm32f7xx_hal_dsi.o
                0x0000000008005d66                HAL_DSI_DeInit
 .text.HAL_DSI_ConfigVideoMode
                0x0000000008005e04      0x268 ./stm32lib/STM32F7xx_HAL_Driver/Src/stm32f7xx_hal_dsi.o
                0x0000000008005e04                HAL_DSI_ConfigVideoMode
 .text.HAL_DSI_Start
                0x000000000800606c       0x4e ./stm32lib/STM32F7xx_HAL_Driver/Src/stm32f7xx_hal_dsi.o
                0x000000000800606c                HAL_DSI_Start
 .text.HAL_DSI_ShortWrite
                0x00000000080060ba       0x26 ./stm32lib/STM32F7xx_HAL_Driver/Src/stm32f7xx_hal_dsi.o
                0x00000000080060ba                HAL_DSI_ShortWrite
 .text.HAL_DSI_LongWrite
                0x00000000080060e0       0xc0 ./stm32lib/STM32F7xx_HAL_Driver/Src/stm32f7xx_hal_dsi.o
                0x00000000080060e0                HAL_DSI_LongWrite
 .text.HAL_GPIO_Init
                0x00000000080061a0      0x204 ./stm32lib/STM32F7xx_HAL_Driver/Src/stm32f7xx_hal_gpio.o
                0x00000000080061a0                HAL_GPIO_Init
 .text.HAL_GPIO_WritePin
                0x00000000080063a4        0xc ./stm32lib/STM32F7xx_HAL_Driver/Src/stm32f7xx_hal_gpio.o
                0x00000000080063a4                HAL_GPIO_WritePin
 .text.I2C_Flush_TXDR
                0x00000000080063b0       0x22 ./stm32lib/STM32F7xx_HAL_Driver/Src/stm32f7xx_hal_i2c.o
 .text.I2C_TransferConfig
                0x00000000080063d2       0x3c ./stm32lib/STM32F7xx_HAL_Driver/Src/stm32f7xx_hal_i2c.o
 .text.I2C_IsErrorOccurred
                0x000000000800640e      0x118 ./stm32lib/STM32F7xx_HAL_Driver/Src/stm32f7xx_hal_i2c.o
 .text.I2C_WaitOnTXISFlagUntilTimeout
                0x0000000008006526       0x56 ./stm32lib/STM32F7xx_HAL_Driver/Src/stm32f7xx_hal_i2c.o
 .text.I2C_WaitOnFlagUntilTimeout
                0x000000000800657c       0x56 ./stm32lib/STM32F7xx_HAL_Driver/Src/stm32f7xx_hal_i2c.o
 *fill*         0x00000000080065d2        0x2 
 .text.I2C_RequestMemoryWrite
                0x00000000080065d4       0x7c ./stm32lib/STM32F7xx_HAL_Driver/Src/stm32f7xx_hal_i2c.o
 .text.I2C_RequestMemoryRead
                0x0000000008006650       0x78 ./stm32lib/STM32F7xx_HAL_Driver/Src/stm32f7xx_hal_i2c.o
 .text.I2C_WaitOnSTOPFlagUntilTimeout
                0x00000000080066c8       0x50 ./stm32lib/STM32F7xx_HAL_Driver/Src/stm32f7xx_hal_i2c.o
 .text.HAL_I2C_MspInit
                0x0000000008006718        0x2 ./stm32lib/STM32F7xx_HAL_Driver/Src/stm32f7xx_hal_i2c.o
                0x0000000008006718                HAL_I2C_MspInit
 *fill*         0x000000000800671a        0x2 
 .text.HAL_I2C_Init
                0x000000000800671c       0xbc ./stm32lib/STM32F7xx_HAL_Driver/Src/stm32f7xx_hal_i2c.o
                0x000000000800671c                HAL_I2C_Init
 .text.HAL_I2C_Mem_Write
                0x00000000080067d8      0x1aa ./stm32lib/STM32F7xx_HAL_Driver/Src/stm32f7xx_hal_i2c.o
                0x00000000080067d8                HAL_I2C_Mem_Write
 *fill*         0x0000000008006982        0x2 
 .text.HAL_I2C_Mem_Read
                0x0000000008006984      0x1b0 ./stm32lib/STM32F7xx_HAL_Driver/Src/stm32f7xx_hal_i2c.o
                0x0000000008006984                HAL_I2C_Mem_Read
 .text.HAL_I2CEx_ConfigAnalogFilter
                0x0000000008006b34       0x5c ./stm32lib/STM32F7xx_HAL_Driver/Src/stm32f7xx_hal_i2c_ex.o
                0x0000000008006b34                HAL_I2CEx_ConfigAnalogFilter
 .text.HAL_I2CEx_ConfigDigitalFilter
                0x0000000008006b90       0x58 ./stm32lib/STM32F7xx_HAL_Driver/Src/stm32f7xx_hal_i2c_ex.o
                0x0000000008006b90                HAL_I2CEx_ConfigDigitalFilter
 .text.LTDC_SetConfig
                0x0000000008006be8      0x1b0 ./stm32lib/STM32F7xx_HAL_Driver/Src/stm32f7xx_hal_ltdc.o
 .text.HAL_LTDC_MspInit
                0x0000000008006d98        0x2 ./stm32lib/STM32F7xx_HAL_Driver/Src/stm32f7xx_hal_ltdc.o
                0x0000000008006d98                HAL_LTDC_MspInit
 *fill*         0x0000000008006d9a        0x2 
 .text.HAL_LTDC_Init
                0x0000000008006d9c       0xf4 ./stm32lib/STM32F7xx_HAL_Driver/Src/stm32f7xx_hal_ltdc.o
                0x0000000008006d9c                HAL_LTDC_Init
 .text.HAL_LTDC_ConfigLayer
                0x0000000008006e90       0x68 ./stm32lib/STM32F7xx_HAL_Driver/Src/stm32f7xx_hal_ltdc.o
                0x0000000008006e90                HAL_LTDC_ConfigLayer
 .text.HAL_LTDCEx_StructInitFromVideoConfig
                0x0000000008006ef8       0x5a ./stm32lib/STM32F7xx_HAL_Driver/Src/stm32f7xx_hal_ltdc_ex.o
                0x0000000008006ef8                HAL_LTDCEx_StructInitFromVideoConfig
 *fill*         0x0000000008006f52        0x2 
 .text.HAL_PWREx_EnableOverDrive
                0x0000000008006f54       0x7c ./stm32lib/STM32F7xx_HAL_Driver/Src/stm32f7xx_hal_pwr_ex.o
                0x0000000008006f54                HAL_PWREx_EnableOverDrive
 .text.HAL_RCC_OscConfig
                0x0000000008006fd0      0x444 ./stm32lib/STM32F7xx_HAL_Driver/Src/stm32f7xx_hal_rcc.o
                0x0000000008006fd0                HAL_RCC_OscConfig
 .text.HAL_RCC_GetSysClockFreq
                0x0000000008007414       0xa8 ./stm32lib/STM32F7xx_HAL_Driver/Src/stm32f7xx_hal_rcc.o
                0x0000000008007414                HAL_RCC_GetSysClockFreq
 .text.HAL_RCC_ClockConfig
                0x00000000080074bc      0x16c ./stm32lib/STM32F7xx_HAL_Driver/Src/stm32f7xx_hal_rcc.o
                0x00000000080074bc                HAL_RCC_ClockConfig
 .text.HAL_RCC_GetHCLKFreq
                0x0000000008007628        0xc ./stm32lib/STM32F7xx_HAL_Driver/Src/stm32f7xx_hal_rcc.o
                0x0000000008007628                HAL_RCC_GetHCLKFreq
 .text.HAL_RCC_GetPCLK1Freq
                0x0000000008007634       0x20 ./stm32lib/STM32F7xx_HAL_Driver/Src/stm32f7xx_hal_rcc.o
                0x0000000008007634                HAL_RCC_GetPCLK1Freq
 .text.HAL_RCC_GetPCLK2Freq
                0x0000000008007654       0x20 ./stm32lib/STM32F7xx_HAL_Driver/Src/stm32f7xx_hal_rcc.o
                0x0000000008007654                HAL_RCC_GetPCLK2Freq
 .text.HAL_RCC_GetClockConfig
                0x0000000008007674       0x3c ./stm32lib/STM32F7xx_HAL_Driver/Src/stm32f7xx_hal_rcc.o
                0x0000000008007674                HAL_RCC_GetClockConfig
 .text.HAL_RCCEx_PeriphCLKConfig
                0x00000000080076b0      0x600 ./stm32lib/STM32F7xx_HAL_Driver/Src/stm32f7xx_hal_rcc_ex.o
                0x00000000080076b0                HAL_RCCEx_PeriphCLKConfig
 .text.HAL_SDRAM_MspInit
                0x0000000008007cb0        0x2 ./stm32lib/STM32F7xx_HAL_Driver/Src/stm32f7xx_hal_sdram.o
                0x0000000008007cb0                HAL_SDRAM_MspInit
 .text.HAL_SDRAM_Init
                0x0000000008007cb2       0x40 ./stm32lib/STM32F7xx_HAL_Driver/Src/stm32f7xx_hal_sdram.o
                0x0000000008007cb2                HAL_SDRAM_Init
 .text.HAL_SDRAM_SendCommand
                0x0000000008007cf2       0x42 ./stm32lib/STM32F7xx_HAL_Driver/Src/stm32f7xx_hal_sdram.o
                0x0000000008007cf2                HAL_SDRAM_SendCommand
 .text.HAL_SDRAM_ProgramRefreshRate
                0x0000000008007d34       0x32 ./stm32lib/STM32F7xx_HAL_Driver/Src/stm32f7xx_hal_sdram.o
                0x0000000008007d34                HAL_SDRAM_ProgramRefreshRate
 .text.HAL_TIM_Base_MspInit
                0x0000000008007d66        0x2 ./stm32lib/STM32F7xx_HAL_Driver/Src/stm32f7xx_hal_tim.o
                0x0000000008007d66                HAL_TIM_Base_MspInit
 .text.HAL_TIM_Base_Start_IT
                0x0000000008007d68       0x90 ./stm32lib/STM32F7xx_HAL_Driver/Src/stm32f7xx_hal_tim.o
                0x0000000008007d68                HAL_TIM_Base_Start_IT
 .text.HAL_TIM_PeriodElapsedCallback
                0x0000000008007df8        0x2 ./stm32lib/STM32F7xx_HAL_Driver/Src/stm32f7xx_hal_tim.o
                0x0000000008007df8                HAL_TIM_PeriodElapsedCallback
 .text.HAL_TIM_OC_DelayElapsedCallback
                0x0000000008007dfa        0x2 ./stm32lib/STM32F7xx_HAL_Driver/Src/stm32f7xx_hal_tim.o
                0x0000000008007dfa                HAL_TIM_OC_DelayElapsedCallback
 .text.HAL_TIM_IC_CaptureCallback
                0x0000000008007dfc        0x2 ./stm32lib/STM32F7xx_HAL_Driver/Src/stm32f7xx_hal_tim.o
                0x0000000008007dfc                HAL_TIM_IC_CaptureCallback
 .text.HAL_TIM_PWM_PulseFinishedCallback
                0x0000000008007dfe        0x2 ./stm32lib/STM32F7xx_HAL_Driver/Src/stm32f7xx_hal_tim.o
                0x0000000008007dfe                HAL_TIM_PWM_PulseFinishedCallback
 .text.HAL_TIM_TriggerCallback
                0x0000000008007e00        0x2 ./stm32lib/STM32F7xx_HAL_Driver/Src/stm32f7xx_hal_tim.o
                0x0000000008007e00                HAL_TIM_TriggerCallback
 .text.HAL_TIM_IRQHandler
                0x0000000008007e02      0x19a ./stm32lib/STM32F7xx_HAL_Driver/Src/stm32f7xx_hal_tim.o
                0x0000000008007e02                HAL_TIM_IRQHandler
 .text.TIM_Base_SetConfig
                0x0000000008007f9c      0x110 ./stm32lib/STM32F7xx_HAL_Driver/Src/stm32f7xx_hal_tim.o
                0x0000000008007f9c                TIM_Base_SetConfig
 .text.HAL_TIM_Base_Init
                0x00000000080080ac       0x60 ./stm32lib/STM32F7xx_HAL_Driver/Src/stm32f7xx_hal_tim.o
                0x00000000080080ac                HAL_TIM_Base_Init
 .text.HAL_TIMEx_CommutCallback
                0x000000000800810c        0x2 ./stm32lib/STM32F7xx_HAL_Driver/Src/stm32f7xx_hal_tim_ex.o
                0x000000000800810c                HAL_TIMEx_CommutCallback
 .text.HAL_TIMEx_BreakCallback
                0x000000000800810e        0x2 ./stm32lib/STM32F7xx_HAL_Driver/Src/stm32f7xx_hal_tim_ex.o
                0x000000000800810e                HAL_TIMEx_BreakCallback
 .text.HAL_TIMEx_Break2Callback
                0x0000000008008110        0x2 ./stm32lib/STM32F7xx_HAL_Driver/Src/stm32f7xx_hal_tim_ex.o
                0x0000000008008110                HAL_TIMEx_Break2Callback
 .text.UART_EndTxTransfer
                0x0000000008008112       0x18 ./stm32lib/STM32F7xx_HAL_Driver/Src/stm32f7xx_hal_uart.o
 .text.UART_EndRxTransfer
                0x000000000800812a       0x52 ./stm32lib/STM32F7xx_HAL_Driver/Src/stm32f7xx_hal_uart.o
 .text.UART_TxISR_8BIT
                0x000000000800817c       0x54 ./stm32lib/STM32F7xx_HAL_Driver/Src/stm32f7xx_hal_uart.o
 .text.UART_TxISR_16BIT
                0x00000000080081d0       0x58 ./stm32lib/STM32F7xx_HAL_Driver/Src/stm32f7xx_hal_uart.o
 .text.HAL_UART_Transmit_IT
                0x0000000008008228       0x64 ./stm32lib/STM32F7xx_HAL_Driver/Src/stm32f7xx_hal_uart.o
                0x0000000008008228                HAL_UART_Transmit_IT
 .text.HAL_UART_Transmit_DMA
                0x000000000800828c       0x94 ./stm32lib/STM32F7xx_HAL_Driver/Src/stm32f7xx_hal_uart.o
                0x000000000800828c                HAL_UART_Transmit_DMA
 .text.HAL_UART_AbortTransmit
                0x0000000008008320       0x68 ./stm32lib/STM32F7xx_HAL_Driver/Src/stm32f7xx_hal_uart.o
                0x0000000008008320                HAL_UART_AbortTransmit
 .text.HAL_UART_AbortReceive
                0x0000000008008388       0xae ./stm32lib/STM32F7xx_HAL_Driver/Src/stm32f7xx_hal_uart.o
                0x0000000008008388                HAL_UART_AbortReceive
 .text.UART_DMATransmitCplt
                0x0000000008008436       0x46 ./stm32lib/STM32F7xx_HAL_Driver/Src/stm32f7xx_hal_uart.o
 .text.UART_EndTransmit_IT
                0x000000000800847c       0x22 ./stm32lib/STM32F7xx_HAL_Driver/Src/stm32f7xx_hal_uart.o
 .text.HAL_UART_TxHalfCpltCallback
                0x000000000800849e        0x2 ./stm32lib/STM32F7xx_HAL_Driver/Src/stm32f7xx_hal_uart.o
                0x000000000800849e                HAL_UART_TxHalfCpltCallback
 .text.UART_DMATxHalfCplt
                0x00000000080084a0        0xa ./stm32lib/STM32F7xx_HAL_Driver/Src/stm32f7xx_hal_uart.o
 .text.HAL_UART_RxHalfCpltCallback
                0x00000000080084aa        0x2 ./stm32lib/STM32F7xx_HAL_Driver/Src/stm32f7xx_hal_uart.o
                0x00000000080084aa                HAL_UART_RxHalfCpltCallback
 .text.HAL_UART_ErrorCallback
                0x00000000080084ac        0x2 ./stm32lib/STM32F7xx_HAL_Driver/Src/stm32f7xx_hal_uart.o
                0x00000000080084ac                HAL_UART_ErrorCallback
 .text.UART_DMAError
                0x00000000080084ae       0x56 ./stm32lib/STM32F7xx_HAL_Driver/Src/stm32f7xx_hal_uart.o
 .text.UART_DMAAbortOnError
                0x0000000008008504       0x14 ./stm32lib/STM32F7xx_HAL_Driver/Src/stm32f7xx_hal_uart.o
 .text.HAL_UARTEx_RxEventCallback
                0x0000000008008518        0x2 ./stm32lib/STM32F7xx_HAL_Driver/Src/stm32f7xx_hal_uart.o
                0x0000000008008518                HAL_UARTEx_RxEventCallback
 .text.UART_DMARxHalfCplt
                0x000000000800851a       0x20 ./stm32lib/STM32F7xx_HAL_Driver/Src/stm32f7xx_hal_uart.o
 .text.UART_DMAReceiveCplt
                0x000000000800853a       0x90 ./stm32lib/STM32F7xx_HAL_Driver/Src/stm32f7xx_hal_uart.o
 .text.HAL_UARTEx_WakeupCallback
                0x00000000080085ca        0x2 ./stm32lib/STM32F7xx_HAL_Driver/Src/stm32f7xx_hal_uart.o
                0x00000000080085ca                HAL_UARTEx_WakeupCallback
 .text.HAL_UART_IRQHandler
                0x00000000080085cc      0x2ec ./stm32lib/STM32F7xx_HAL_Driver/Src/stm32f7xx_hal_uart.o
                0x00000000080085cc                HAL_UART_IRQHandler
 .text.UART_SetConfig
                0x00000000080088b8      0x330 ./stm32lib/STM32F7xx_HAL_Driver/Src/stm32f7xx_hal_uart.o
                0x00000000080088b8                UART_SetConfig
 .text.UART_AdvFeatureConfig
                0x0000000008008be8       0xca ./stm32lib/STM32F7xx_HAL_Driver/Src/stm32f7xx_hal_uart.o
                0x0000000008008be8                UART_AdvFeatureConfig
 .text.UART_WaitOnFlagUntilTimeout
                0x0000000008008cb2       0xd4 ./stm32lib/STM32F7xx_HAL_Driver/Src/stm32f7xx_hal_uart.o
                0x0000000008008cb2                UART_WaitOnFlagUntilTimeout
 .text.HAL_UART_Receive
                0x0000000008008d86      0x10e ./stm32lib/STM32F7xx_HAL_Driver/Src/stm32f7xx_hal_uart.o
                0x0000000008008d86                HAL_UART_Receive
 .text.UART_CheckIdleState
                0x0000000008008e94       0x74 ./stm32lib/STM32F7xx_HAL_Driver/Src/stm32f7xx_hal_uart.o
                0x0000000008008e94                UART_CheckIdleState
 .text.HAL_UART_Init
                0x0000000008008f08       0x62 ./stm32lib/STM32F7xx_HAL_Driver/Src/stm32f7xx_hal_uart.o
                0x0000000008008f08                HAL_UART_Init
 *fill*         0x0000000008008f6a        0x2 
 .text.UART_Start_Receive_DMA
                0x0000000008008f6c       0xa8 ./stm32lib/STM32F7xx_HAL_Driver/Src/stm32f7xx_hal_uart.o
                0x0000000008008f6c                UART_Start_Receive_DMA
 .text.HAL_UART_Receive_DMA
                0x0000000008009014       0x40 ./stm32lib/STM32F7xx_HAL_Driver/Src/stm32f7xx_hal_uart.o
                0x0000000008009014                HAL_UART_Receive_DMA
 .text.FMC_SDRAM_Init
                0x0000000008009054       0x74 ./stm32lib/STM32F7xx_HAL_Driver/Src/stm32f7xx_ll_fmc.o
                0x0000000008009054                FMC_SDRAM_Init
 .text.FMC_SDRAM_Timing_Init
                0x00000000080090c8       0xa8 ./stm32lib/STM32F7xx_HAL_Driver/Src/stm32f7xx_ll_fmc.o
                0x00000000080090c8                FMC_SDRAM_Timing_Init
 .text.FMC_SDRAM_SendCommand
                0x0000000008009170       0x30 ./stm32lib/STM32F7xx_HAL_Driver/Src/stm32f7xx_ll_fmc.o
                0x0000000008009170                FMC_SDRAM_SendCommand
 .text.FMC_SDRAM_ProgramRefreshRate
                0x00000000080091a0       0x14 ./stm32lib/STM32F7xx_HAL_Driver/Src/stm32f7xx_ll_fmc.o
                0x00000000080091a0                FMC_SDRAM_ProgramRefreshRate
 .text.__cvt    0x00000000080091b4       0xa4 C:/ST/STM32CubeIDE_1.12.1/STM32CubeIDE/plugins/com.st.stm32cube.ide.mcu.externaltools.gnu-tools-for-stm32.11.3.rel1.win32_1.1.1.202309131626/tools/bin/../lib/gcc/arm-none-eabi/11.3.1/../../../../arm-none-eabi/lib/thumb/v7e-m+dp/hard\libc_nano.a(libc_a-nano-vfprintf_float.o)
                0x00000000080091b4                __cvt
 .text.__exponent
                0x0000000008009258       0x7c C:/ST/STM32CubeIDE_1.12.1/STM32CubeIDE/plugins/com.st.stm32cube.ide.mcu.externaltools.gnu-tools-for-stm32.11.3.rel1.win32_1.1.1.202309131626/tools/bin/../lib/gcc/arm-none-eabi/11.3.1/../../../../arm-none-eabi/lib/thumb/v7e-m+dp/hard\libc_nano.a(libc_a-nano-vfprintf_float.o)
                0x0000000008009258                __exponent
 *fill*         0x00000000080092d4        0x4 
 .text._printf_float
                0x00000000080092d8      0x434 C:/ST/STM32CubeIDE_1.12.1/STM32CubeIDE/plugins/com.st.stm32cube.ide.mcu.externaltools.gnu-tools-for-stm32.11.3.rel1.win32_1.1.1.202309131626/tools/bin/../lib/gcc/arm-none-eabi/11.3.1/../../../../arm-none-eabi/lib/thumb/v7e-m+dp/hard\libc_nano.a(libc_a-nano-vfprintf_float.o)
                0x00000000080092d8                _printf_float
 .text._printf_common
                0x000000000800970c       0xda C:/ST/STM32CubeIDE_1.12.1/STM32CubeIDE/plugins/com.st.stm32cube.ide.mcu.externaltools.gnu-tools-for-stm32.11.3.rel1.win32_1.1.1.202309131626/tools/bin/../lib/gcc/arm-none-eabi/11.3.1/../../../../arm-none-eabi/lib/thumb/v7e-m+dp/hard\libc_nano.a(libc_a-nano-vfprintf_i.o)
                0x000000000800970c                _printf_common
 *fill*         0x00000000080097e6        0x2 
 .text._printf_i
                0x00000000080097e8      0x244 C:/ST/STM32CubeIDE_1.12.1/STM32CubeIDE/plugins/com.st.stm32cube.ide.mcu.externaltools.gnu-tools-for-stm32.11.3.rel1.win32_1.1.1.202309131626/tools/bin/../lib/gcc/arm-none-eabi/11.3.1/../../../../arm-none-eabi/lib/thumb/v7e-m+dp/hard\libc_nano.a(libc_a-nano-vfprintf_i.o)
                0x00000000080097e8                _printf_i
 .text.std      0x0000000008009a2c       0x6c C:/ST/STM32CubeIDE_1.12.1/STM32CubeIDE/plugins/com.st.stm32cube.ide.mcu.externaltools.gnu-tools-for-stm32.11.3.rel1.win32_1.1.1.202309131626/tools/bin/../lib/gcc/arm-none-eabi/11.3.1/../../../../arm-none-eabi/lib/thumb/v7e-m+dp/hard\libc_nano.a(libc_a-findfp.o)
 .text.stdio_exit_handler
                0x0000000008009a98       0x18 C:/ST/STM32CubeIDE_1.12.1/STM32CubeIDE/plugins/com.st.stm32cube.ide.mcu.externaltools.gnu-tools-for-stm32.11.3.rel1.win32_1.1.1.202309131626/tools/bin/../lib/gcc/arm-none-eabi/11.3.1/../../../../arm-none-eabi/lib/thumb/v7e-m+dp/hard\libc_nano.a(libc_a-findfp.o)
 .text.cleanup_stdio
                0x0000000008009ab0       0x40 C:/ST/STM32CubeIDE_1.12.1/STM32CubeIDE/plugins/com.st.stm32cube.ide.mcu.externaltools.gnu-tools-for-stm32.11.3.rel1.win32_1.1.1.202309131626/tools/bin/../lib/gcc/arm-none-eabi/11.3.1/../../../../arm-none-eabi/lib/thumb/v7e-m+dp/hard\libc_nano.a(libc_a-findfp.o)
 .text.global_stdio_init.part.0
                0x0000000008009af0       0x3c C:/ST/STM32CubeIDE_1.12.1/STM32CubeIDE/plugins/com.st.stm32cube.ide.mcu.externaltools.gnu-tools-for-stm32.11.3.rel1.win32_1.1.1.202309131626/tools/bin/../lib/gcc/arm-none-eabi/11.3.1/../../../../arm-none-eabi/lib/thumb/v7e-m+dp/hard\libc_nano.a(libc_a-findfp.o)
 .text.__sfp_lock_acquire
                0x0000000008009b2c        0xc C:/ST/STM32CubeIDE_1.12.1/STM32CubeIDE/plugins/com.st.stm32cube.ide.mcu.externaltools.gnu-tools-for-stm32.11.3.rel1.win32_1.1.1.202309131626/tools/bin/../lib/gcc/arm-none-eabi/11.3.1/../../../../arm-none-eabi/lib/thumb/v7e-m+dp/hard\libc_nano.a(libc_a-findfp.o)
                0x0000000008009b2c                __sfp_lock_acquire
 .text.__sfp_lock_release
                0x0000000008009b38        0xc C:/ST/STM32CubeIDE_1.12.1/STM32CubeIDE/plugins/com.st.stm32cube.ide.mcu.externaltools.gnu-tools-for-stm32.11.3.rel1.win32_1.1.1.202309131626/tools/bin/../lib/gcc/arm-none-eabi/11.3.1/../../../../arm-none-eabi/lib/thumb/v7e-m+dp/hard\libc_nano.a(libc_a-findfp.o)
                0x0000000008009b38                __sfp_lock_release
 .text.__sinit  0x0000000008009b44       0x30 C:/ST/STM32CubeIDE_1.12.1/STM32CubeIDE/plugins/com.st.stm32cube.ide.mcu.externaltools.gnu-tools-for-stm32.11.3.rel1.win32_1.1.1.202309131626/tools/bin/../lib/gcc/arm-none-eabi/11.3.1/../../../../arm-none-eabi/lib/thumb/v7e-m+dp/hard\libc_nano.a(libc_a-findfp.o)
                0x0000000008009b44                __sinit
 .text._fwalk_sglue
                0x0000000008009b74       0x3c C:/ST/STM32CubeIDE_1.12.1/STM32CubeIDE/plugins/com.st.stm32cube.ide.mcu.externaltools.gnu-tools-for-stm32.11.3.rel1.win32_1.1.1.202309131626/tools/bin/../lib/gcc/arm-none-eabi/11.3.1/../../../../arm-none-eabi/lib/thumb/v7e-m+dp/hard\libc_nano.a(libc_a-fwalk.o)
                0x0000000008009b74                _fwalk_sglue
 .text.printf   0x0000000008009bb0       0x24 C:/ST/STM32CubeIDE_1.12.1/STM32CubeIDE/plugins/com.st.stm32cube.ide.mcu.externaltools.gnu-tools-for-stm32.11.3.rel1.win32_1.1.1.202309131626/tools/bin/../lib/gcc/arm-none-eabi/11.3.1/../../../../arm-none-eabi/lib/thumb/v7e-m+dp/hard\libc_nano.a(libc_a-printf.o)
                0x0000000008009bb0                iprintf
                0x0000000008009bb0                printf
 .text.setbuf   0x0000000008009bd4       0x10 C:/ST/STM32CubeIDE_1.12.1/STM32CubeIDE/plugins/com.st.stm32cube.ide.mcu.externaltools.gnu-tools-for-stm32.11.3.rel1.win32_1.1.1.202309131626/tools/bin/../lib/gcc/arm-none-eabi/11.3.1/../../../../arm-none-eabi/lib/thumb/v7e-m+dp/hard\libc_nano.a(libc_a-setbuf.o)
                0x0000000008009bd4                setbuf
 .text.setvbuf  0x0000000008009be4      0x15c C:/ST/STM32CubeIDE_1.12.1/STM32CubeIDE/plugins/com.st.stm32cube.ide.mcu.externaltools.gnu-tools-for-stm32.11.3.rel1.win32_1.1.1.202309131626/tools/bin/../lib/gcc/arm-none-eabi/11.3.1/../../../../arm-none-eabi/lib/thumb/v7e-m+dp/hard\libc_nano.a(libc_a-setvbuf.o)
                0x0000000008009be4                setvbuf
 .text.sprintf  0x0000000008009d40       0x40 C:/ST/STM32CubeIDE_1.12.1/STM32CubeIDE/plugins/com.st.stm32cube.ide.mcu.externaltools.gnu-tools-for-stm32.11.3.rel1.win32_1.1.1.202309131626/tools/bin/../lib/gcc/arm-none-eabi/11.3.1/../../../../arm-none-eabi/lib/thumb/v7e-m+dp/hard\libc_nano.a(libc_a-sprintf.o)
                0x0000000008009d40                siprintf
                0x0000000008009d40                sprintf
 .text.__sread  0x0000000008009d80       0x22 C:/ST/STM32CubeIDE_1.12.1/STM32CubeIDE/plugins/com.st.stm32cube.ide.mcu.externaltools.gnu-tools-for-stm32.11.3.rel1.win32_1.1.1.202309131626/tools/bin/../lib/gcc/arm-none-eabi/11.3.1/../../../../arm-none-eabi/lib/thumb/v7e-m+dp/hard\libc_nano.a(libc_a-stdio.o)
                0x0000000008009d80                __sread
 .text.__swrite
                0x0000000008009da2       0x38 C:/ST/STM32CubeIDE_1.12.1/STM32CubeIDE/plugins/com.st.stm32cube.ide.mcu.externaltools.gnu-tools-for-stm32.11.3.rel1.win32_1.1.1.202309131626/tools/bin/../lib/gcc/arm-none-eabi/11.3.1/../../../../arm-none-eabi/lib/thumb/v7e-m+dp/hard\libc_nano.a(libc_a-stdio.o)
                0x0000000008009da2                __swrite
 .text.__sseek  0x0000000008009dda       0x24 C:/ST/STM32CubeIDE_1.12.1/STM32CubeIDE/plugins/com.st.stm32cube.ide.mcu.externaltools.gnu-tools-for-stm32.11.3.rel1.win32_1.1.1.202309131626/tools/bin/../lib/gcc/arm-none-eabi/11.3.1/../../../../arm-none-eabi/lib/thumb/v7e-m+dp/hard\libc_nano.a(libc_a-stdio.o)
                0x0000000008009dda                __sseek
 .text.__sclose
                0x0000000008009dfe        0x8 C:/ST/STM32CubeIDE_1.12.1/STM32CubeIDE/plugins/com.st.stm32cube.ide.mcu.externaltools.gnu-tools-for-stm32.11.3.rel1.win32_1.1.1.202309131626/tools/bin/../lib/gcc/arm-none-eabi/11.3.1/../../../../arm-none-eabi/lib/thumb/v7e-m+dp/hard\libc_nano.a(libc_a-stdio.o)
                0x0000000008009dfe                __sclose
 .text.memset   0x0000000008009e06       0x10 C:/ST/STM32CubeIDE_1.12.1/STM32CubeIDE/plugins/com.st.stm32cube.ide.mcu.externaltools.gnu-tools-for-stm32.11.3.rel1.win32_1.1.1.202309131626/tools/bin/../lib/gcc/arm-none-eabi/11.3.1/../../../../arm-none-eabi/lib/thumb/v7e-m+dp/hard\libc_nano.a(libc_a-memset.o)
                0x0000000008009e06                memset
 *fill*         0x0000000008009e16        0x2 
 .text._localeconv_r
                0x0000000008009e18        0x8 C:/ST/STM32CubeIDE_1.12.1/STM32CubeIDE/plugins/com.st.stm32cube.ide.mcu.externaltools.gnu-tools-for-stm32.11.3.rel1.win32_1.1.1.202309131626/tools/bin/../lib/gcc/arm-none-eabi/11.3.1/../../../../arm-none-eabi/lib/thumb/v7e-m+dp/hard\libc_nano.a(libc_a-localeconv.o)
                0x0000000008009e18                _localeconv_r
 .text._close_r
                0x0000000008009e20       0x20 C:/ST/STM32CubeIDE_1.12.1/STM32CubeIDE/plugins/com.st.stm32cube.ide.mcu.externaltools.gnu-tools-for-stm32.11.3.rel1.win32_1.1.1.202309131626/tools/bin/../lib/gcc/arm-none-eabi/11.3.1/../../../../arm-none-eabi/lib/thumb/v7e-m+dp/hard\libc_nano.a(libc_a-closer.o)
                0x0000000008009e20                _close_r
 .text._lseek_r
                0x0000000008009e40       0x24 C:/ST/STM32CubeIDE_1.12.1/STM32CubeIDE/plugins/com.st.stm32cube.ide.mcu.externaltools.gnu-tools-for-stm32.11.3.rel1.win32_1.1.1.202309131626/tools/bin/../lib/gcc/arm-none-eabi/11.3.1/../../../../arm-none-eabi/lib/thumb/v7e-m+dp/hard\libc_nano.a(libc_a-lseekr.o)
                0x0000000008009e40                _lseek_r
 .text._read_r  0x0000000008009e64       0x24 C:/ST/STM32CubeIDE_1.12.1/STM32CubeIDE/plugins/com.st.stm32cube.ide.mcu.externaltools.gnu-tools-for-stm32.11.3.rel1.win32_1.1.1.202309131626/tools/bin/../lib/gcc/arm-none-eabi/11.3.1/../../../../arm-none-eabi/lib/thumb/v7e-m+dp/hard\libc_nano.a(libc_a-readr.o)
                0x0000000008009e64                _read_r
 .text._write_r
                0x0000000008009e88       0x24 C:/ST/STM32CubeIDE_1.12.1/STM32CubeIDE/plugins/com.st.stm32cube.ide.mcu.externaltools.gnu-tools-for-stm32.11.3.rel1.win32_1.1.1.202309131626/tools/bin/../lib/gcc/arm-none-eabi/11.3.1/../../../../arm-none-eabi/lib/thumb/v7e-m+dp/hard\libc_nano.a(libc_a-writer.o)
                0x0000000008009e88                _write_r
 .text.__libc_init_array
                0x0000000008009eac       0x48 C:/ST/STM32CubeIDE_1.12.1/STM32CubeIDE/plugins/com.st.stm32cube.ide.mcu.externaltools.gnu-tools-for-stm32.11.3.rel1.win32_1.1.1.202309131626/tools/bin/../lib/gcc/arm-none-eabi/11.3.1/../../../../arm-none-eabi/lib/thumb/v7e-m+dp/hard\libc_nano.a(libc_a-init.o)
                0x0000000008009eac                __libc_init_array
 .text.__retarget_lock_init_recursive
                0x0000000008009ef4        0x2 C:/ST/STM32CubeIDE_1.12.1/STM32CubeIDE/plugins/com.st.stm32cube.ide.mcu.externaltools.gnu-tools-for-stm32.11.3.rel1.win32_1.1.1.202309131626/tools/bin/../lib/gcc/arm-none-eabi/11.3.1/../../../../arm-none-eabi/lib/thumb/v7e-m+dp/hard\libc_nano.a(libc_a-lock.o)
                0x0000000008009ef4                __retarget_lock_init_recursive
 .text.__retarget_lock_acquire_recursive
                0x0000000008009ef6        0x2 C:/ST/STM32CubeIDE_1.12.1/STM32CubeIDE/plugins/com.st.stm32cube.ide.mcu.externaltools.gnu-tools-for-stm32.11.3.rel1.win32_1.1.1.202309131626/tools/bin/../lib/gcc/arm-none-eabi/11.3.1/../../../../arm-none-eabi/lib/thumb/v7e-m+dp/hard\libc_nano.a(libc_a-lock.o)
                0x0000000008009ef6                __retarget_lock_acquire_recursive
 .text.__retarget_lock_release_recursive
                0x0000000008009ef8        0x2 C:/ST/STM32CubeIDE_1.12.1/STM32CubeIDE/plugins/com.st.stm32cube.ide.mcu.externaltools.gnu-tools-for-stm32.11.3.rel1.win32_1.1.1.202309131626/tools/bin/../lib/gcc/arm-none-eabi/11.3.1/../../../../arm-none-eabi/lib/thumb/v7e-m+dp/hard\libc_nano.a(libc_a-lock.o)
                0x0000000008009ef8                __retarget_lock_release_recursive
 .text.memcpy   0x0000000008009efa       0x1c C:/ST/STM32CubeIDE_1.12.1/STM32CubeIDE/plugins/com.st.stm32cube.ide.mcu.externaltools.gnu-tools-for-stm32.11.3.rel1.win32_1.1.1.202309131626/tools/bin/../lib/gcc/arm-none-eabi/11.3.1/../../../../arm-none-eabi/lib/thumb/v7e-m+dp/hard\libc_nano.a(libc_a-memcpy-stub.o)
                0x0000000008009efa                memcpy
 .text.quorem   0x0000000008009f16      0x110 C:/ST/STM32CubeIDE_1.12.1/STM32CubeIDE/plugins/com.st.stm32cube.ide.mcu.externaltools.gnu-tools-for-stm32.11.3.rel1.win32_1.1.1.202309131626/tools/bin/../lib/gcc/arm-none-eabi/11.3.1/../../../../arm-none-eabi/lib/thumb/v7e-m+dp/hard\libc_nano.a(libc_a-dtoa.o)
 *fill*         0x000000000800a026        0x2 
 .text._dtoa_r  0x000000000800a028      0xad8 C:/ST/STM32CubeIDE_1.12.1/STM32CubeIDE/plugins/com.st.stm32cube.ide.mcu.externaltools.gnu-tools-for-stm32.11.3.rel1.win32_1.1.1.202309131626/tools/bin/../lib/gcc/arm-none-eabi/11.3.1/../../../../arm-none-eabi/lib/thumb/v7e-m+dp/hard\libc_nano.a(libc_a-dtoa.o)
                0x000000000800a028                _dtoa_r
 .text._free_r  0x000000000800ab00       0x98 C:/ST/STM32CubeIDE_1.12.1/STM32CubeIDE/plugins/com.st.stm32cube.ide.mcu.externaltools.gnu-tools-for-stm32.11.3.rel1.win32_1.1.1.202309131626/tools/bin/../lib/gcc/arm-none-eabi/11.3.1/../../../../arm-none-eabi/lib/thumb/v7e-m+dp/hard\libc_nano.a(libc_a-freer.o)
                0x000000000800ab00                _free_r
 .text.malloc   0x000000000800ab98       0x10 C:/ST/STM32CubeIDE_1.12.1/STM32CubeIDE/plugins/com.st.stm32cube.ide.mcu.externaltools.gnu-tools-for-stm32.11.3.rel1.win32_1.1.1.202309131626/tools/bin/../lib/gcc/arm-none-eabi/11.3.1/../../../../arm-none-eabi/lib/thumb/v7e-m+dp/hard\libc_nano.a(libc_a-malloc.o)
                0x000000000800ab98                malloc
 .text.sbrk_aligned
                0x000000000800aba8       0x40 C:/ST/STM32CubeIDE_1.12.1/STM32CubeIDE/plugins/com.st.stm32cube.ide.mcu.externaltools.gnu-tools-for-stm32.11.3.rel1.win32_1.1.1.202309131626/tools/bin/../lib/gcc/arm-none-eabi/11.3.1/../../../../arm-none-eabi/lib/thumb/v7e-m+dp/hard\libc_nano.a(libc_a-mallocr.o)
 .text._malloc_r
                0x000000000800abe8      0x100 C:/ST/STM32CubeIDE_1.12.1/STM32CubeIDE/plugins/com.st.stm32cube.ide.mcu.externaltools.gnu-tools-for-stm32.11.3.rel1.win32_1.1.1.202309131626/tools/bin/../lib/gcc/arm-none-eabi/11.3.1/../../../../arm-none-eabi/lib/thumb/v7e-m+dp/hard\libc_nano.a(libc_a-mallocr.o)
                0x000000000800abe8                _malloc_r
 .text.__malloc_lock
                0x000000000800ace8        0xc C:/ST/STM32CubeIDE_1.12.1/STM32CubeIDE/plugins/com.st.stm32cube.ide.mcu.externaltools.gnu-tools-for-stm32.11.3.rel1.win32_1.1.1.202309131626/tools/bin/../lib/gcc/arm-none-eabi/11.3.1/../../../../arm-none-eabi/lib/thumb/v7e-m+dp/hard\libc_nano.a(libc_a-mlock.o)
                0x000000000800ace8                __malloc_lock
 .text.__malloc_unlock
                0x000000000800acf4        0xc C:/ST/STM32CubeIDE_1.12.1/STM32CubeIDE/plugins/com.st.stm32cube.ide.mcu.externaltools.gnu-tools-for-stm32.11.3.rel1.win32_1.1.1.202309131626/tools/bin/../lib/gcc/arm-none-eabi/11.3.1/../../../../arm-none-eabi/lib/thumb/v7e-m+dp/hard\libc_nano.a(libc_a-mlock.o)
                0x000000000800acf4                __malloc_unlock
 .text._Balloc  0x000000000800ad00       0x80 C:/ST/STM32CubeIDE_1.12.1/STM32CubeIDE/plugins/com.st.stm32cube.ide.mcu.externaltools.gnu-tools-for-stm32.11.3.rel1.win32_1.1.1.202309131626/tools/bin/../lib/gcc/arm-none-eabi/11.3.1/../../../../arm-none-eabi/lib/thumb/v7e-m+dp/hard\libc_nano.a(libc_a-mprec.o)
                0x000000000800ad00                _Balloc
 .text._Bfree   0x000000000800ad80       0x44 C:/ST/STM32CubeIDE_1.12.1/STM32CubeIDE/plugins/com.st.stm32cube.ide.mcu.externaltools.gnu-tools-for-stm32.11.3.rel1.win32_1.1.1.202309131626/tools/bin/../lib/gcc/arm-none-eabi/11.3.1/../../../../arm-none-eabi/lib/thumb/v7e-m+dp/hard\libc_nano.a(libc_a-mprec.o)
                0x000000000800ad80                _Bfree
 .text.__multadd
                0x000000000800adc4       0x8c C:/ST/STM32CubeIDE_1.12.1/STM32CubeIDE/plugins/com.st.stm32cube.ide.mcu.externaltools.gnu-tools-for-stm32.11.3.rel1.win32_1.1.1.202309131626/tools/bin/../lib/gcc/arm-none-eabi/11.3.1/../../../../arm-none-eabi/lib/thumb/v7e-m+dp/hard\libc_nano.a(libc_a-mprec.o)
                0x000000000800adc4                __multadd
 .text.__hi0bits
                0x000000000800ae50       0x40 C:/ST/STM32CubeIDE_1.12.1/STM32CubeIDE/plugins/com.st.stm32cube.ide.mcu.externaltools.gnu-tools-for-stm32.11.3.rel1.win32_1.1.1.202309131626/tools/bin/../lib/gcc/arm-none-eabi/11.3.1/../../../../arm-none-eabi/lib/thumb/v7e-m+dp/hard\libc_nano.a(libc_a-mprec.o)
                0x000000000800ae50                __hi0bits
 .text.__lo0bits
                0x000000000800ae90       0x5a C:/ST/STM32CubeIDE_1.12.1/STM32CubeIDE/plugins/com.st.stm32cube.ide.mcu.externaltools.gnu-tools-for-stm32.11.3.rel1.win32_1.1.1.202309131626/tools/bin/../lib/gcc/arm-none-eabi/11.3.1/../../../../arm-none-eabi/lib/thumb/v7e-m+dp/hard\libc_nano.a(libc_a-mprec.o)
                0x000000000800ae90                __lo0bits
 *fill*         0x000000000800aeea        0x2 
 .text.__i2b    0x000000000800aeec       0x2c C:/ST/STM32CubeIDE_1.12.1/STM32CubeIDE/plugins/com.st.stm32cube.ide.mcu.externaltools.gnu-tools-for-stm32.11.3.rel1.win32_1.1.1.202309131626/tools/bin/../lib/gcc/arm-none-eabi/11.3.1/../../../../arm-none-eabi/lib/thumb/v7e-m+dp/hard\libc_nano.a(libc_a-mprec.o)
                0x000000000800aeec                __i2b
 .text.__multiply
                0x000000000800af18      0x154 C:/ST/STM32CubeIDE_1.12.1/STM32CubeIDE/plugins/com.st.stm32cube.ide.mcu.externaltools.gnu-tools-for-stm32.11.3.rel1.win32_1.1.1.202309131626/tools/bin/../lib/gcc/arm-none-eabi/11.3.1/../../../../arm-none-eabi/lib/thumb/v7e-m+dp/hard\libc_nano.a(libc_a-mprec.o)
                0x000000000800af18                __multiply
 .text.__pow5mult
                0x000000000800b06c       0xb4 C:/ST/STM32CubeIDE_1.12.1/STM32CubeIDE/plugins/com.st.stm32cube.ide.mcu.externaltools.gnu-tools-for-stm32.11.3.rel1.win32_1.1.1.202309131626/tools/bin/../lib/gcc/arm-none-eabi/11.3.1/../../../../arm-none-eabi/lib/thumb/v7e-m+dp/hard\libc_nano.a(libc_a-mprec.o)
                0x000000000800b06c                __pow5mult
 .text.__lshift
                0x000000000800b120       0xd8 C:/ST/STM32CubeIDE_1.12.1/STM32CubeIDE/plugins/com.st.stm32cube.ide.mcu.externaltools.gnu-tools-for-stm32.11.3.rel1.win32_1.1.1.202309131626/tools/bin/../lib/gcc/arm-none-eabi/11.3.1/../../../../arm-none-eabi/lib/thumb/v7e-m+dp/hard\libc_nano.a(libc_a-mprec.o)
                0x000000000800b120                __lshift
 .text.__mcmp   0x000000000800b1f8       0x38 C:/ST/STM32CubeIDE_1.12.1/STM32CubeIDE/plugins/com.st.stm32cube.ide.mcu.externaltools.gnu-tools-for-stm32.11.3.rel1.win32_1.1.1.202309131626/tools/bin/../lib/gcc/arm-none-eabi/11.3.1/../../../../arm-none-eabi/lib/thumb/v7e-m+dp/hard\libc_nano.a(libc_a-mprec.o)
                0x000000000800b1f8                __mcmp
 .text.__mdiff  0x000000000800b230      0x114 C:/ST/STM32CubeIDE_1.12.1/STM32CubeIDE/plugins/com.st.stm32cube.ide.mcu.externaltools.gnu-tools-for-stm32.11.3.rel1.win32_1.1.1.202309131626/tools/bin/../lib/gcc/arm-none-eabi/11.3.1/../../../../arm-none-eabi/lib/thumb/v7e-m+dp/hard\libc_nano.a(libc_a-mprec.o)
                0x000000000800b230                __mdiff
 .text.__d2b    0x000000000800b344       0xb4 C:/ST/STM32CubeIDE_1.12.1/STM32CubeIDE/plugins/com.st.stm32cube.ide.mcu.externaltools.gnu-tools-for-stm32.11.3.rel1.win32_1.1.1.202309131626/tools/bin/../lib/gcc/arm-none-eabi/11.3.1/../../../../arm-none-eabi/lib/thumb/v7e-m+dp/hard\libc_nano.a(libc_a-mprec.o)
                0x000000000800b344                __d2b
 .text.__ssputs_r
                0x000000000800b3f8       0xb4 C:/ST/STM32CubeIDE_1.12.1/STM32CubeIDE/plugins/com.st.stm32cube.ide.mcu.externaltools.gnu-tools-for-stm32.11.3.rel1.win32_1.1.1.202309131626/tools/bin/../lib/gcc/arm-none-eabi/11.3.1/../../../../arm-none-eabi/lib/thumb/v7e-m+dp/hard\libc_nano.a(libc_a-nano-svfprintf.o)
                0x000000000800b3f8                __ssputs_r
 .text._svfprintf_r
                0x000000000800b4ac      0x1fc C:/ST/STM32CubeIDE_1.12.1/STM32CubeIDE/plugins/com.st.stm32cube.ide.mcu.externaltools.gnu-tools-for-stm32.11.3.rel1.win32_1.1.1.202309131626/tools/bin/../lib/gcc/arm-none-eabi/11.3.1/../../../../arm-none-eabi/lib/thumb/v7e-m+dp/hard\libc_nano.a(libc_a-nano-svfprintf.o)
                0x000000000800b4ac                _svfiprintf_r
                0x000000000800b4ac                _svfprintf_r
 .text.__sfputc_r
                0x000000000800b6a8       0x2e C:/ST/STM32CubeIDE_1.12.1/STM32CubeIDE/plugins/com.st.stm32cube.ide.mcu.externaltools.gnu-tools-for-stm32.11.3.rel1.win32_1.1.1.202309131626/tools/bin/../lib/gcc/arm-none-eabi/11.3.1/../../../../arm-none-eabi/lib/thumb/v7e-m+dp/hard\libc_nano.a(libc_a-nano-vfprintf.o)
 .text.__sfputs_r
                0x000000000800b6d6       0x24 C:/ST/STM32CubeIDE_1.12.1/STM32CubeIDE/plugins/com.st.stm32cube.ide.mcu.externaltools.gnu-tools-for-stm32.11.3.rel1.win32_1.1.1.202309131626/tools/bin/../lib/gcc/arm-none-eabi/11.3.1/../../../../arm-none-eabi/lib/thumb/v7e-m+dp/hard\libc_nano.a(libc_a-nano-vfprintf.o)
                0x000000000800b6d6                __sfputs_r
 *fill*         0x000000000800b6fa        0x2 
 .text._vfprintf_r
                0x000000000800b6fc      0x234 C:/ST/STM32CubeIDE_1.12.1/STM32CubeIDE/plugins/com.st.stm32cube.ide.mcu.externaltools.gnu-tools-for-stm32.11.3.rel1.win32_1.1.1.202309131626/tools/bin/../lib/gcc/arm-none-eabi/11.3.1/../../../../arm-none-eabi/lib/thumb/v7e-m+dp/hard\libc_nano.a(libc_a-nano-vfprintf.o)
                0x000000000800b6fc                _vfprintf_r
                0x000000000800b6fc                _vfiprintf_r
 .text.__sflush_r
                0x000000000800b930      0x10c C:/ST/STM32CubeIDE_1.12.1/STM32CubeIDE/plugins/com.st.stm32cube.ide.mcu.externaltools.gnu-tools-for-stm32.11.3.rel1.win32_1.1.1.202309131626/tools/bin/../lib/gcc/arm-none-eabi/11.3.1/../../../../arm-none-eabi/lib/thumb/v7e-m+dp/hard\libc_nano.a(libc_a-fflush.o)
                0x000000000800b930                __sflush_r
 .text._fflush_r
                0x000000000800ba3c       0x50 C:/ST/STM32CubeIDE_1.12.1/STM32CubeIDE/plugins/com.st.stm32cube.ide.mcu.externaltools.gnu-tools-for-stm32.11.3.rel1.win32_1.1.1.202309131626/tools/bin/../lib/gcc/arm-none-eabi/11.3.1/../../../../arm-none-eabi/lib/thumb/v7e-m+dp/hard\libc_nano.a(libc_a-fflush.o)
                0x000000000800ba3c                _fflush_r
 .text.__swhatbuf_r
                0x000000000800ba8c       0x4c C:/ST/STM32CubeIDE_1.12.1/STM32CubeIDE/plugins/com.st.stm32cube.ide.mcu.externaltools.gnu-tools-for-stm32.11.3.rel1.win32_1.1.1.202309131626/tools/bin/../lib/gcc/arm-none-eabi/11.3.1/../../../../arm-none-eabi/lib/thumb/v7e-m+dp/hard\libc_nano.a(libc_a-makebuf.o)
                0x000000000800ba8c                __swhatbuf_r
 .text.__smakebuf_r
                0x000000000800bad8       0x78 C:/ST/STM32CubeIDE_1.12.1/STM32CubeIDE/plugins/com.st.stm32cube.ide.mcu.externaltools.gnu-tools-for-stm32.11.3.rel1.win32_1.1.1.202309131626/tools/bin/../lib/gcc/arm-none-eabi/11.3.1/../../../../arm-none-eabi/lib/thumb/v7e-m+dp/hard\libc_nano.a(libc_a-makebuf.o)
                0x000000000800bad8                __smakebuf_r
 .text.__swbuf_r
                0x000000000800bb50       0x7a C:/ST/STM32CubeIDE_1.12.1/STM32CubeIDE/plugins/com.st.stm32cube.ide.mcu.externaltools.gnu-tools-for-stm32.11.3.rel1.win32_1.1.1.202309131626/tools/bin/../lib/gcc/arm-none-eabi/11.3.1/../../../../arm-none-eabi/lib/thumb/v7e-m+dp/hard\libc_nano.a(libc_a-wbuf.o)
                0x000000000800bb50                __swbuf_r
 *fill*         0x000000000800bbca        0x2 
 .text.__swsetup_r
                0x000000000800bbcc       0xb0 C:/ST/STM32CubeIDE_1.12.1/STM32CubeIDE/plugins/com.st.stm32cube.ide.mcu.externaltools.gnu-tools-for-stm32.11.3.rel1.win32_1.1.1.202309131626/tools/bin/../lib/gcc/arm-none-eabi/11.3.1/../../../../arm-none-eabi/lib/thumb/v7e-m+dp/hard\libc_nano.a(libc_a-wsetup.o)
                0x000000000800bbcc                __swsetup_r
 .text.memmove  0x000000000800bc7c       0x34 C:/ST/STM32CubeIDE_1.12.1/STM32CubeIDE/plugins/com.st.stm32cube.ide.mcu.externaltools.gnu-tools-for-stm32.11.3.rel1.win32_1.1.1.202309131626/tools/bin/../lib/gcc/arm-none-eabi/11.3.1/../../../../arm-none-eabi/lib/thumb/v7e-m+dp/hard\libc_nano.a(libc_a-memmove.o)
                0x000000000800bc7c                memmove
 .text._fstat_r
                0x000000000800bcb0       0x24 C:/ST/STM32CubeIDE_1.12.1/STM32CubeIDE/plugins/com.st.stm32cube.ide.mcu.externaltools.gnu-tools-for-stm32.11.3.rel1.win32_1.1.1.202309131626/tools/bin/../lib/gcc/arm-none-eabi/11.3.1/../../../../arm-none-eabi/lib/thumb/v7e-m+dp/hard\libc_nano.a(libc_a-fstatr.o)
                0x000000000800bcb0                _fstat_r
 .text._isatty_r
                0x000000000800bcd4       0x20 C:/ST/STM32CubeIDE_1.12.1/STM32CubeIDE/plugins/com.st.stm32cube.ide.mcu.externaltools.gnu-tools-for-stm32.11.3.rel1.win32_1.1.1.202309131626/tools/bin/../lib/gcc/arm-none-eabi/11.3.1/../../../../arm-none-eabi/lib/thumb/v7e-m+dp/hard\libc_nano.a(libc_a-isattyr.o)
                0x000000000800bcd4                _isatty_r
 .text._sbrk_r  0x000000000800bcf4       0x20 C:/ST/STM32CubeIDE_1.12.1/STM32CubeIDE/plugins/com.st.stm32cube.ide.mcu.externaltools.gnu-tools-for-stm32.11.3.rel1.win32_1.1.1.202309131626/tools/bin/../lib/gcc/arm-none-eabi/11.3.1/../../../../arm-none-eabi/lib/thumb/v7e-m+dp/hard\libc_nano.a(libc_a-sbrkr.o)
                0x000000000800bcf4                _sbrk_r
 .text.__assert_func