Archive member included to satisfy reference by file (symbol)

/Applications/STM32CubeIDE.app/Contents/Eclipse/plugins/com.st.stm32cube.ide.mcu.externaltools.gnu-tools-for-stm32.10.3-2021.10.macos64_1.0.200.202301161003/tools/bin/../lib/gcc/arm-none-eabi/10.3.1/../../../../arm-none-eabi/lib/thumb/v7e-m+dp/hard/libc_nano.a(lib_a-exit.o)
                              /Applications/STM32CubeIDE.app/Contents/Eclipse/plugins/com.st.stm32cube.ide.mcu.externaltools.gnu-tools-for-stm32.10.3-2021.10.macos64_1.0.200.202301161003/tools/bin/../lib/gcc/arm-none-eabi/10.3.1/../../../../arm-none-eabi/lib/thumb/v7e-m+dp/hard/crt0.o (exit)
/Applications/STM32CubeIDE.app/Contents/Eclipse/plugins/com.st.stm32cube.ide.mcu.externaltools.gnu-tools-for-stm32.10.3-2021.10.macos64_1.0.200.202301161003/tools/bin/../lib/gcc/arm-none-eabi/10.3.1/../../../../arm-none-eabi/lib/thumb/v7e-m+dp/hard/libc_nano.a(lib_a-impure.o)
                              /Applications/STM32CubeIDE.app/Contents/Eclipse/plugins/com.st.stm32cube.ide.mcu.externaltools.gnu-tools-for-stm32.10.3-2021.10.macos64_1.0.200.202301161003/tools/bin/../lib/gcc/arm-none-eabi/10.3.1/../../../../arm-none-eabi/lib/thumb/v7e-m+dp/hard/libc_nano.a(lib_a-exit.o) (_global_impure_ptr)
/Applications/STM32CubeIDE.app/Contents/Eclipse/plugins/com.st.stm32cube.ide.mcu.externaltools.gnu-tools-for-stm32.10.3-2021.10.macos64_1.0.200.202301161003/tools/bin/../lib/gcc/arm-none-eabi/10.3.1/../../../../arm-none-eabi/lib/thumb/v7e-m+dp/hard/libc_nano.a(lib_a-init.o)
                              /Applications/STM32CubeIDE.app/Contents/Eclipse/plugins/com.st.stm32cube.ide.mcu.externaltools.gnu-tools-for-stm32.10.3-2021.10.macos64_1.0.200.202301161003/tools/bin/../lib/gcc/arm-none-eabi/10.3.1/../../../../arm-none-eabi/lib/thumb/v7e-m+dp/hard/crt0.o (__libc_init_array)
/Applications/STM32CubeIDE.app/Contents/Eclipse/plugins/com.st.stm32cube.ide.mcu.externaltools.gnu-tools-for-stm32.10.3-2021.10.macos64_1.0.200.202301161003/tools/bin/../lib/gcc/arm-none-eabi/10.3.1/../../../../arm-none-eabi/lib/thumb/v7e-m+dp/hard/libc_nano.a(lib_a-memcpy-stub.o)
                              ./Middlewares/Third_Party/FreeRTOS/Source/CMSIS_RTOS_V2/cmsis_os2.o (memcpy)
/Applications/STM32CubeIDE.app/Contents/Eclipse/plugins/com.st.stm32cube.ide.mcu.externaltools.gnu-tools-for-stm32.10.3-2021.10.macos64_1.0.200.202301161003/tools/bin/../lib/gcc/arm-none-eabi/10.3.1/../../../../arm-none-eabi/lib/thumb/v7e-m+dp/hard/libc_nano.a(lib_a-memset.o)
                              /Applications/STM32CubeIDE.app/Contents/Eclipse/plugins/com.st.stm32cube.ide.mcu.externaltools.gnu-tools-for-stm32.10.3-2021.10.macos64_1.0.200.202301161003/tools/bin/../lib/gcc/arm-none-eabi/10.3.1/../../../../arm-none-eabi/lib/thumb/v7e-m+dp/hard/crt0.o (memset)
/Applications/STM32CubeIDE.app/Contents/Eclipse/plugins/com.st.stm32cube.ide.mcu.externaltools.gnu-tools-for-stm32.10.3-2021.10.macos64_1.0.200.202301161003/tools/bin/../lib/gcc/arm-none-eabi/10.3.1/../../../../arm-none-eabi/lib/thumb/v7e-m+dp/hard/libc_nano.a(lib_a-printf.o)
                              ./src/final_project.o (printf)
/Applications/STM32CubeIDE.app/Contents/Eclipse/plugins/com.st.stm32cube.ide.mcu.externaltools.gnu-tools-for-stm32.10.3-2021.10.macos64_1.0.200.202301161003/tools/bin/../lib/gcc/arm-none-eabi/10.3.1/../../../../arm-none-eabi/lib/thumb/v7e-m+dp/hard/libc_nano.a(lib_a-setbuf.o)
                              ./src/init.o (setbuf)
/Applications/STM32CubeIDE.app/Contents/Eclipse/plugins/com.st.stm32cube.ide.mcu.externaltools.gnu-tools-for-stm32.10.3-2021.10.macos64_1.0.200.202301161003/tools/bin/../lib/gcc/arm-none-eabi/10.3.1/../../../../arm-none-eabi/lib/thumb/v7e-m+dp/hard/libc_nano.a(lib_a-setvbuf.o)
                              /Applications/STM32CubeIDE.app/Contents/Eclipse/plugins/com.st.stm32cube.ide.mcu.externaltools.gnu-tools-for-stm32.10.3-2021.10.macos64_1.0.200.202301161003/tools/bin/../lib/gcc/arm-none-eabi/10.3.1/../../../../arm-none-eabi/lib/thumb/v7e-m+dp/hard/libc_nano.a(lib_a-setbuf.o) (setvbuf)
/Applications/STM32CubeIDE.app/Contents/Eclipse/plugins/com.st.stm32cube.ide.mcu.externaltools.gnu-tools-for-stm32.10.3-2021.10.macos64_1.0.200.202301161003/tools/bin/../lib/gcc/arm-none-eabi/10.3.1/../../../../arm-none-eabi/lib/thumb/v7e-m+dp/hard/libc_nano.a(lib_a-strlen.o)
                              ./src/uart.o (strlen)
/Applications/STM32CubeIDE.app/Contents/Eclipse/plugins/com.st.stm32cube.ide.mcu.externaltools.gnu-tools-for-stm32.10.3-2021.10.macos64_1.0.200.202301161003/tools/bin/../lib/gcc/arm-none-eabi/10.3.1/../../../../arm-none-eabi/lib/thumb/v7e-m+dp/hard/libc_nano.a(lib_a-fflush.o)
                              /Applications/STM32CubeIDE.app/Contents/Eclipse/plugins/com.st.stm32cube.ide.mcu.externaltools.gnu-tools-for-stm32.10.3-2021.10.macos64_1.0.200.202301161003/tools/bin/../lib/gcc/arm-none-eabi/10.3.1/../../../../arm-none-eabi/lib/thumb/v7e-m+dp/hard/libc_nano.a(lib_a-setvbuf.o) (_fflush_r)
[...]
Memory Configuration

Name             Origin             Length             Attributes
RAM              0x0000000020000000 0x0000000000080000 xrw
ROM              0x0000000008000000 0x0000000000200000 xr
*default*        0x0000000000000000 0xffffffffffffffff

Linker script and memory map

LOAD /Applications/STM32CubeIDE.app/Contents/Eclipse/plugins/com.st.stm32cube.ide.mcu.externaltools.gnu-tools-for-stm32.10.3-2021.10.macos64_1.0.200.202301161003/tools/bin/../lib/gcc/arm-none-eabi/10.3.1/thumb/v7e-m+dp/hard/crti.o
LOAD /Applications/STM32CubeIDE.app/Contents/Eclipse/plugins/com.st.stm32cube.ide.mcu.externaltools.gnu-tools-for-stm32.10.3-2021.10.macos64_1.0.200.202301161003/tools/bin/../lib/gcc/arm-none-eabi/10.3.1/thumb/v7e-m+dp/hard/crtbegin.o
LOAD /Applications/STM32CubeIDE.app/Contents/Eclipse/plugins/com.st.stm32cube.ide.mcu.externaltools.gnu-tools-for-stm32.10.3-2021.10.macos64_1.0.200.202301161003/tools/bin/../lib/gcc/arm-none-eabi/10.3.1/../../../../arm-none-eabi/lib/thumb/v7e-m+dp/hard/crt0.o
LOAD ./Libraries/BSP/Components/adv7533/adv7533.o
LOAD ./Libraries/BSP/Components/exc7200/exc7200.o
LOAD ./Libraries/BSP/Components/ft5336/ft5336.o
LOAD ./Libraries/BSP/Components/ft6x06/ft6x06.o
LOAD ./Libraries/BSP/Components/mfxstm32l152/mfxstm32l152.o
LOAD ./Libraries/BSP/Components/otm8009a/otm8009a.o
LOAD ./Libraries/BSP/Components/ov9655/ov9655.o
LOAD ./Libraries/BSP/Components/s5k5cag/s5k5cag.o
LOAD ./Libraries/BSP/Components/st7735/st7735.o
LOAD ./Libraries/BSP/Components/st7789h2/st7789h2.o
LOAD ./Libraries/BSP/Components/stmpe811/stmpe811.o
LOAD ./Libraries/BSP/Components/ts3510/ts3510.o
LOAD ./Libraries/BSP/Components/wm8994/wm8994.o
LOAD ./Libraries/BSP/STM32F769I-Discovery/stm32f769i_discovery.o
LOAD ./Libraries/BSP/STM32F769I-Discovery/stm32f769i_discovery_lcd.o
LOAD ./Libraries/Utilities/Fonts/font12.o
LOAD ./Libraries/Utilities/Fonts/font16.o
LOAD ./Libraries/Utilities/Fonts/font20.o
LOAD ./Libraries/Utilities/Fonts/font24.o
LOAD ./Libraries/Utilities/Fonts/font8.o
LOAD ./Middlewares/Third_Party/FreeRTOS/Source/CMSIS_RTOS_V2/cmsis_os2.o
LOAD ./Middlewares/Third_Party/FreeRTOS/Source/croutine.o
LOAD ./Middlewares/Third_Party/FreeRTOS/Source/event_groups.o
LOAD ./Middlewares/Third_Party/FreeRTOS/Source/list.o
LOAD ./Middlewares/Third_Party/FreeRTOS/Source/queue.o
LOAD ./Middlewares/Third_Party/FreeRTOS/Source/stream_buffer.o
LOAD ./Middlewares/Third_Party/FreeRTOS/Source/tasks.o
LOAD ./Middlewares/Third_Party/FreeRTOS/Source/timers.o
LOAD ./Middlewares/Third_Party/FreeRTOS/Source/portable/GCC/ARM_CM7/r0p1/port.o
LOAD ./Middlewares/Third_Party/FreeRTOS/Source/portable/MemMang/heap_4.o
LOAD ./src/final_project.o
LOAD ./src/init.o
LOAD ./src/mpu6050.o
LOAD ./src/stm32f7xx_hal_timebase_tim.o
LOAD ./src/uart.o
LOAD ./startup/startup_stm32f769nihx.o
LOAD ./stm32lib/CMSIS/Device/ST/STM32F7xx/Source/Templates/system_stm32f7xx.o
LOAD ./stm32lib/STM32F7xx_HAL_Driver/Src/Legacy/stm32f7xx_hal_eth.o
LOAD ./stm32lib/STM32F7xx_HAL_Driver/Src/stm32f7xx_hal.o
LOAD ./stm32lib/STM32F7xx_HAL_Driver/Src/stm32f7xx_hal_adc.o
LOAD ./stm32lib/STM32F7xx_HAL_Driver/Src/stm32f7xx_hal_adc_ex.o
LOAD ./stm32lib/STM32F7xx_HAL_Driver/Src/stm32f7xx_hal_cortex.o
LOAD ./stm32lib/STM32F7xx_HAL_Driver/Src/stm32f7xx_hal_dac.o
LOAD ./stm32lib/STM32F7xx_HAL_Driver/Src/stm32f7xx_hal_dma.o
LOAD ./stm32lib/STM32F7xx_HAL_Driver/Src/stm32f7xx_hal_gpio.o
LOAD ./stm32lib/STM32F7xx_HAL_Driver/Src/stm32f7xx_hal_i2c.o
LOAD ./stm32lib/STM32F7xx_HAL_Driver/Src/stm32f7xx_hal_i2c_ex.o
LOAD ./stm32lib/STM32F7xx_HAL_Driver/Src/stm32f7xx_hal_pwr.o
LOAD ./stm32lib/STM32F7xx_HAL_Driver/Src/stm32f7xx_hal_pwr_ex.o
LOAD ./stm32lib/STM32F7xx_HAL_Driver/Src/stm32f7xx_hal_rcc.o
LOAD ./stm32lib/STM32F7xx_HAL_Driver/Src/stm32f7xx_hal_tim.o
LOAD ./stm32lib/STM32F7xx_HAL_Driver/Src/stm32f7xx_hal_tim_ex.o
LOAD ./stm32lib/STM32F7xx_HAL_Driver/Src/stm32f7xx_hal_uart.o
LOAD ./stm32lib/STM32F7xx_HAL_Driver/Src/stm32f7xx_ll_tim.o
START GROUP
LOAD /Applications/STM32CubeIDE.app/Contents/Eclipse/plugins/com.st.stm32cube.ide.mcu.externaltools.gnu-tools-for-stm32.10.3-2021.10.macos64_1.0.200.202301161003/tools/bin/../lib/gcc/arm-none-eabi/10.3.1/../../../../arm-none-eabi/lib/thumb/v7e-m+dp/hard/libc_nano.a
LOAD /Applications/STM32CubeIDE.app/Contents/Eclipse/plugins/com.st.stm32cube.ide.mcu.externaltools.gnu-tools-for-stm32.10.3-2021.10.macos64_1.0.200.202301161003/tools/bin/../lib/gcc/arm-none-eabi/10.3.1/../../../../arm-none-eabi/lib/thumb/v7e-m+dp/hard/libm.a
END GROUP
START GROUP
LOAD /Applications/STM32CubeIDE.app/Contents/Eclipse/plugins/com.st.stm32cube.ide.mcu.externaltools.gnu-tools-for-stm32.10.3-2021.10.macos64_1.0.200.202301161003/tools/bin/../lib/gcc/arm-none-eabi/10.3.1/thumb/v7e-m+dp/hard/libgcc.a
LOAD /Applications/STM32CubeIDE.app/Contents/Eclipse/plugins/com.st.stm32cube.ide.mcu.externaltools.gnu-tools-for-stm32.10.3-2021.10.macos64_1.0.200.202301161003/tools/bin/../lib/gcc/arm-none-eabi/10.3.1/../../../../arm-none-eabi/lib/thumb/v7e-m+dp/hard/libc_nano.a
END GROUP
START GROUP
LOAD /Applications/STM32CubeIDE.app/Contents/Eclipse/plugins/com.st.stm32cube.ide.mcu.externaltools.gnu-tools-for-stm32.10.3-2021.10.macos64_1.0.200.202301161003/tools/bin/../lib/gcc/arm-none-eabi/10.3.1/thumb/v7e-m+dp/hard/libgcc.a
LOAD /Applications/STM32CubeIDE.app/Contents/Eclipse/plugins/com.st.stm32cube.ide.mcu.externaltools.gnu-tools-for-stm32.10.3-2021.10.macos64_1.0.200.202301161003/tools/bin/../lib/gcc/arm-none-eabi/10.3.1/../../../../arm-none-eabi/lib/thumb/v7e-m+dp/hard/libc_nano.a
LOAD /Applications/STM32CubeIDE.app/Contents/Eclipse/plugins/com.st.stm32cube.ide.mcu.externaltools.gnu-tools-for-stm32.10.3-2021.10.macos64_1.0.200.202301161003/tools/bin/../lib/gcc/arm-none-eabi/10.3.1/../../../../arm-none-eabi/lib/thumb/v7e-m+dp/hard/libnosys.a
END GROUP
START GROUP
LOAD /Applications/STM32CubeIDE.app/Contents/Eclipse/plugins/com.st.stm32cube.ide.mcu.externaltools.gnu-tools-for-stm32.10.3-2021.10.macos64_1.0.200.202301161003/tools/bin/../lib/gcc/arm-none-eabi/10.3.1/thumb/v7e-m+dp/hard/libgcc.a
LOAD /Applications/STM32CubeIDE.app/Contents/Eclipse/plugins/com.st.stm32cube.ide.mcu.externaltools.gnu-tools-for-stm32.10.3-2021.10.macos64_1.0.200.202301161003/tools/bin/../lib/gcc/arm-none-eabi/10.3.1/../../../../arm-none-eabi/lib/thumb/v7e-m+dp/hard/libc_nano.a
LOAD /Applications/STM32CubeIDE.app/Contents/Eclipse/plugins/com.st.stm32cube.ide.mcu.externaltools.gnu-tools-for-stm32.10.3-2021.10.macos64_1.0.200.202301161003/tools/bin/../lib/gcc/arm-none-eabi/10.3.1/../../../../arm-none-eabi/lib/thumb/v7e-m+dp/hard/libnosys.a
END GROUP
LOAD /Applications/STM32CubeIDE.app/Contents/Eclipse/plugins/com.st.stm32cube.ide.mcu.externaltools.gnu-tools-for-stm32.10.3-2021.10.macos64_1.0.200.202301161003/tools/bin/../lib/gcc/arm-none-eabi/10.3.1/thumb/v7e-m+dp/hard/crtend.o
LOAD /Applications/STM32CubeIDE.app/Contents/Eclipse/plugins/com.st.stm32cube.ide.mcu.externaltools.gnu-tools-for-stm32.10.3-2021.10.macos64_1.0.200.202301161003/tools/bin/../lib/gcc/arm-none-eabi/10.3.1/thumb/v7e-m+dp/hard/crtn.o
                0x0000000020080000                _estack = 0x20080000
                0x0000000000000000                _Min_Heap_Size = 0x0
                0x0000000000000400                _Min_Stack_Size = 0x400

.isr_vector     0x0000000008000000      0x1f8
                0x0000000008000000                . = ALIGN (0x4)
 *(.isr_vector)
 .isr_vector    0x0000000008000000      0x1f8 ./startup/startup_stm32f769nihx.o
                0x0000000008000000                g_pfnVectors
                0x00000000080001f8                . = ALIGN (0x4)

.text           0x0000000008000200     0x528c
                0x0000000008000200                . = ALIGN (0x4)
 *(.text)
 .text          0x0000000008000200       0x40 /Applications/STM32CubeIDE.app/Contents/Eclipse/plugins/com.st.stm32cube.ide.mcu.externaltools.gnu-tools-for-stm32.10.3-2021.10.macos64_1.0.200.202301161003/tools/bin/../lib/gcc/arm-none-eabi/10.3.1/thumb/v7e-m+dp/hard/crtbegin.o
 .text          0x0000000008000240       0x30 /Applications/STM32CubeIDE.app/Contents/Eclipse/plugins/com.st.stm32cube.ide.mcu.externaltools.gnu-tools-for-stm32.10.3-2021.10.macos64_1.0.200.202301161003/tools/bin/../lib/gcc/arm-none-eabi/10.3.1/thumb/v7e-m+dp/hard/libgcc.a(_aeabi_uldivmod.o)
                0x0000000008000240                __aeabi_uldivmod
 .text          0x0000000008000270      0x2d0 /Applications/STM32CubeIDE.app/Contents/Eclipse/plugins/com.st.stm32cube.ide.mcu.externaltools.gnu-tools-for-stm32.10.3-2021.10.macos64_1.0.200.202301161003/tools/bin/../lib/gcc/arm-none-eabi/10.3.1/thumb/v7e-m+dp/hard/libgcc.a(_udivmoddi4.o)
                0x0000000008000270                __udivmoddi4
 .text          0x0000000008000540        0x4 /Applications/STM32CubeIDE.app/Contents/Eclipse/plugins/com.st.stm32cube.ide.mcu.externaltools.gnu-tools-for-stm32.10.3-2021.10.macos64_1.0.200.202301161003/tools/bin/../lib/gcc/arm-none-eabi/10.3.1/thumb/v7e-m+dp/hard/libgcc.a(_dvmd_tls.o)
                0x0000000008000540                __aeabi_ldiv0
                0x0000000008000540                __aeabi_idiv0
 *(.text*)
 .text.osKernelInitialize
                0x0000000008000544       0x3c ./Middlewares/Third_Party/FreeRTOS/Source/CMSIS_RTOS_V2/cmsis_os2.o
                0x0000000008000544                osKernelInitialize
 .text.osKernelStart
                0x0000000008000580       0x48 ./Middlewares/Third_Party/FreeRTOS/Source/CMSIS_RTOS_V2/cmsis_os2.o
                0x0000000008000580                osKernelStart
 .text.osThreadNew
                0x00000000080005c8       0xd8 ./Middlewares/Third_Party/FreeRTOS/Source/CMSIS_RTOS_V2/cmsis_os2.o
                0x00000000080005c8                osThreadNew
 .text.osDelay  0x00000000080006a0       0x3c ./Middlewares/Third_Party/FreeRTOS/Source/CMSIS_RTOS_V2/cmsis_os2.o
                0x00000000080006a0                osDelay
 .text.vApplicationGetIdleTaskMemory
                0x00000000080006dc       0x1c ./Middlewares/Third_Party/FreeRTOS/Source/CMSIS_RTOS_V2/cmsis_os2.o
                0x00000000080006dc                vApplicationGetIdleTaskMemory
 .text.vApplicationGetTimerTaskMemory
                0x00000000080006f8       0x20 ./Middlewares/Third_Party/FreeRTOS/Source/CMSIS_RTOS_V2/cmsis_os2.o
                0x00000000080006f8                vApplicationGetTimerTaskMemory
 .text.vListInitialise
                0x0000000008000718       0x16 ./Middlewares/Third_Party/FreeRTOS/Source/list.o
                0x0000000008000718                vListInitialise
 .text.vListInitialiseItem
                0x000000000800072e        0x6 ./Middlewares/Third_Party/FreeRTOS/Source/list.o
                0x000000000800072e                vListInitialiseItem
 .text.vListInsertEnd
                0x0000000008000734       0x16 ./Middlewares/Third_Party/FreeRTOS/Source/list.o
                0x0000000008000734                vListInsertEnd
 .text.vListInsert
                0x000000000800074a       0x32 ./Middlewares/Third_Party/FreeRTOS/Source/list.o
                0x000000000800074a                vListInsert
 .text.uxListRemove
                0x000000000800077c       0x26 ./Middlewares/Third_Party/FreeRTOS/Source/list.o
                0x000000000800077c                uxListRemove
 .text.prvIsQueueFull
                0x00000000080007a2       0x1e ./Middlewares/Third_Party/FreeRTOS/Source/queue.o
 .text.prvIsQueueEmpty
                0x00000000080007c0       0x1a ./Middlewares/Third_Party/FreeRTOS/Source/queue.o
 .text.prvCopyDataToQueue
                0x00000000080007da       0x76 ./Middlewares/Third_Party/FreeRTOS/Source/queue.o
 .text.prvCopyDataFromQueue
                0x0000000008000850       0x24 ./Middlewares/Third_Party/FreeRTOS/Source/queue.o
 .text.prvUnlockQueue
                0x0000000008000874       0x6e ./Middlewares/Third_Party/FreeRTOS/Source/queue.o
 .text.xQueueGenericReset
                0x00000000080008e2       0x88 ./Middlewares/Third_Party/FreeRTOS/Source/queue.o
                0x00000000080008e2                xQueueGenericReset
 .text.prvInitialiseNewQueue
                0x000000000800096a       0x22 ./Middlewares/Third_Party/FreeRTOS/Source/queue.o
 .text.xQueueGenericCreateStatic
                0x000000000800098c       0xba ./Middlewares/Third_Party/FreeRTOS/Source/queue.o
                0x000000000800098c                xQueueGenericCreateStatic
 .text.xQueueGenericSend
                0x0000000008000a46      0x198 ./Middlewares/Third_Party/FreeRTOS/Source/queue.o
                0x0000000008000a46                xQueueGenericSend
 .text.xQueueGenericSendFromISR
                0x0000000008000bde       0xdc ./Middlewares/Third_Party/FreeRTOS/Source/queue.o
                0x0000000008000bde                xQueueGenericSendFromISR
 .text.xQueueReceive
                0x0000000008000cba      0x16a ./Middlewares/Third_Party/FreeRTOS/Source/queue.o
                0x0000000008000cba                xQueueReceive
 .text.vQueueAddToRegistry
                0x0000000008000e24       0x28 ./Middlewares/Third_Party/FreeRTOS/Source/queue.o
                0x0000000008000e24                vQueueAddToRegistry
 .text.vQueueWaitForMessageRestricted
                0x0000000008000e4c       0x52 ./Middlewares/Third_Party/FreeRTOS/Source/queue.o
                0x0000000008000e4c                vQueueWaitForMessageRestricted
 *fill*         0x0000000008000e9e        0x2 
 .text.prvResetNextTaskUnblockTime
                0x0000000008000ea0       0x24 ./Middlewares/Third_Party/FreeRTOS/Source/tasks.o
 .text.prvInitialiseNewTask
                0x0000000008000ec4       0xa6 ./Middlewares/Third_Party/FreeRTOS/Source/tasks.o
 *fill*         0x0000000008000f6a        0x2 
 .text.prvInitialiseTaskLists
                0x0000000008000f6c       0x58 ./Middlewares/Third_Party/FreeRTOS/Source/tasks.o
 .text.prvAddNewTaskToReadyList
                0x0000000008000fc4       0xb0 ./Middlewares/Third_Party/FreeRTOS/Source/tasks.o
 .text.prvDeleteTCB
                0x0000000008001074       0x3c ./Middlewares/Third_Party/FreeRTOS/Source/tasks.o
 .text.prvCheckTasksWaitingTermination
                0x00000000080010b0       0x44 ./Middlewares/Third_Party/FreeRTOS/Source/tasks.o
 .text.prvIdleTask
                0x00000000080010f4       0x28 ./Middlewares/Third_Party/FreeRTOS/Source/tasks.o
 .text.prvAddCurrentTaskToDelayedList
                0x000000000800111c       0x74 ./Middlewares/Third_Party/FreeRTOS/Source/tasks.o
 .text.xTaskCreateStatic
                0x0000000008001190       0x82 ./Middlewares/Third_Party/FreeRTOS/Source/tasks.o
                0x0000000008001190                xTaskCreateStatic
 .text.xTaskCreate
                0x0000000008001212       0x68 ./Middlewares/Third_Party/FreeRTOS/Source/tasks.o
                0x0000000008001212                xTaskCreate
 *fill*         0x000000000800127a        0x2 
 .text.vTaskStartScheduler
                0x000000000800127c       0x98 ./Middlewares/Third_Party/FreeRTOS/Source/tasks.o
                0x000000000800127c                vTaskStartScheduler
 .text.vTaskSuspendAll
                0x0000000008001314       0x14 ./Middlewares/Third_Party/FreeRTOS/Source/tasks.o
                0x0000000008001314                vTaskSuspendAll
 .text.xTaskGetTickCount
                0x0000000008001328        0xc ./Middlewares/Third_Party/FreeRTOS/Source/tasks.o
                0x0000000008001328                xTaskGetTickCount
 .text.xTaskIncrementTick
                0x0000000008001334      0x11c ./Middlewares/Third_Party/FreeRTOS/Source/tasks.o
                0x0000000008001334                xTaskIncrementTick
 .text.xTaskResumeAll
                0x0000000008001450       0xf4 ./Middlewares/Third_Party/FreeRTOS/Source/tasks.o
                0x0000000008001450                xTaskResumeAll
 .text.vTaskDelay
                0x0000000008001544       0x50 ./Middlewares/Third_Party/FreeRTOS/Source/tasks.o
                0x0000000008001544                vTaskDelay
 .text.vTaskSwitchContext
                0x0000000008001594       0x90 ./Middlewares/Third_Party/FreeRTOS/Source/tasks.o
                0x0000000008001594                vTaskSwitchContext
 .text.vTaskPlaceOnEventList
                0x0000000008001624       0x38 ./Middlewares/Third_Party/FreeRTOS/Source/tasks.o
                0x0000000008001624                vTaskPlaceOnEventList
 .text.vTaskPlaceOnEventListRestricted
                0x000000000800165c       0x40 ./Middlewares/Third_Party/FreeRTOS/Source/tasks.o
                0x000000000800165c                vTaskPlaceOnEventListRestricted
 .text.xTaskRemoveFromEventList
                0x000000000800169c       0x8c ./Middlewares/Third_Party/FreeRTOS/Source/tasks.o
                0x000000000800169c                xTaskRemoveFromEventList
 .text.vTaskInternalSetTimeOutState
                0x0000000008001728       0x14 ./Middlewares/Third_Party/FreeRTOS/Source/tasks.o
                0x0000000008001728                vTaskInternalSetTimeOutState
 .text.xTaskCheckForTimeOut
                0x000000000800173c       0x8c ./Middlewares/Third_Party/FreeRTOS/Source/tasks.o
                0x000000000800173c                xTaskCheckForTimeOut
 .text.vTaskMissedYield
                0x00000000080017c8       0x10 ./Middlewares/Third_Party/FreeRTOS/Source/tasks.o
                0x00000000080017c8                vTaskMissedYield
 .text.xTaskGetSchedulerState
                0x00000000080017d8       0x20 ./Middlewares/Third_Party/FreeRTOS/Source/tasks.o
                0x00000000080017d8                xTaskGetSchedulerState
 .text.xTaskPriorityDisinherit
                0x00000000080017f8       0x9c ./Middlewares/Third_Party/FreeRTOS/Source/tasks.o
                0x00000000080017f8                xTaskPriorityDisinherit
 .text.prvGetNextExpireTime
                0x0000000008001894       0x20 ./Middlewares/Third_Party/FreeRTOS/Source/timers.o
 .text.prvInsertTimerInActiveList
                0x00000000080018b4       0x4c ./Middlewares/Third_Party/FreeRTOS/Source/timers.o
 .text.prvCheckForValidListAndQueue
                0x0000000008001900       0x5c ./Middlewares/Third_Party/FreeRTOS/Source/timers.o
 .text.xTimerCreateTimerTask
                0x000000000800195c       0x68 ./Middlewares/Third_Party/FreeRTOS/Source/timers.o
                0x000000000800195c                xTimerCreateTimerTask
 .text.xTimerGenericCommand
                0x00000000080019c4       0x70 ./Middlewares/Third_Party/FreeRTOS/Source/timers.o
                0x00000000080019c4                xTimerGenericCommand
 .text.prvSwitchTimerLists
                0x0000000008001a34       0x90 ./Middlewares/Third_Party/FreeRTOS/Source/timers.o
 .text.prvSampleTimeNow
                0x0000000008001ac4       0x30 ./Middlewares/Third_Party/FreeRTOS/Source/timers.o
 .text.prvProcessExpiredTimer
                0x0000000008001af4       0x70 ./Middlewares/Third_Party/FreeRTOS/Source/timers.o
 .text.prvProcessTimerOrBlockTask
                0x0000000008001b64       0x74 ./Middlewares/Third_Party/FreeRTOS/Source/timers.o
 .text.prvProcessReceivedCommands
                0x0000000008001bd8      0x114 ./Middlewares/Third_Party/FreeRTOS/Source/timers.o
 .text.prvTimerTask
                0x0000000008001cec       0x16 ./Middlewares/Third_Party/FreeRTOS/Source/timers.o
 *fill*         0x0000000008001d02        0x2 
 .text.prvTaskExitError
                0x0000000008001d04       0x48 ./Middlewares/Third_Party/FreeRTOS/Source/portable/GCC/ARM_CM7/r0p1/port.o
 .text.prvPortStartFirstTask
                0x0000000008001d4c       0x28 ./Middlewares/Third_Party/FreeRTOS/Source/portable/GCC/ARM_CM7/r0p1/port.o
 .text.vPortEnableVFP
                0x0000000008001d74       0x14 ./Middlewares/Third_Party/FreeRTOS/Source/portable/GCC/ARM_CM7/r0p1/port.o
 .text.pxPortInitialiseStack
                0x0000000008001d88       0x2c ./Middlewares/Third_Party/FreeRTOS/Source/portable/GCC/ARM_CM7/r0p1/port.o
                0x0000000008001d88                pxPortInitialiseStack
 *fill*         0x0000000008001db4        0xc 
 .text.SVC_Handler
                0x0000000008001dc0       0x24 ./Middlewares/Third_Party/FreeRTOS/Source/portable/GCC/ARM_CM7/r0p1/port.o
                0x0000000008001dc0                SVC_Handler
 .text.vPortEnterCritical
                0x0000000008001de4       0x4c ./Middlewares/Third_Party/FreeRTOS/Source/portable/GCC/ARM_CM7/r0p1/port.o
                0x0000000008001de4                vPortEnterCritical
 .text.vPortExitCritical
                0x0000000008001e30       0x30 ./Middlewares/Third_Party/FreeRTOS/Source/portable/GCC/ARM_CM7/r0p1/port.o
                0x0000000008001e30                vPortExitCritical
 .text.PendSV_Handler
                0x0000000008001e60       0x64 ./Middlewares/Third_Party/FreeRTOS/Source/portable/GCC/ARM_CM7/r0p1/port.o
                0x0000000008001e60                PendSV_Handler
 .text.SysTick_Handler
                0x0000000008001ec4       0x30 ./Middlewares/Third_Party/FreeRTOS/Source/portable/GCC/ARM_CM7/r0p1/port.o
                0x0000000008001ec4                SysTick_Handler
 .text.vPortSetupTimerInterrupt
                0x0000000008001ef4       0x28 ./Middlewares/Third_Party/FreeRTOS/Source/portable/GCC/ARM_CM7/r0p1/port.o
                0x0000000008001ef4                vPortSetupTimerInterrupt
 .text.xPortStartScheduler
                0x0000000008001f1c       0xd0 ./Middlewares/Third_Party/FreeRTOS/Source/portable/GCC/ARM_CM7/r0p1/port.o
                0x0000000008001f1c                xPortStartScheduler
 .text.vPortValidateInterruptPriority
                0x0000000008001fec       0x60 ./Middlewares/Third_Party/FreeRTOS/Source/portable/GCC/ARM_CM7/r0p1/port.o
                0x0000000008001fec                vPortValidateInterruptPriority
 .text.prvHeapInit
                0x000000000800204c       0x4c ./Middlewares/Third_Party/FreeRTOS/Source/portable/MemMang/heap_4.o
 .text.prvInsertBlockIntoFreeList
                0x0000000008002098       0x60 ./Middlewares/Third_Party/FreeRTOS/Source/portable/MemMang/heap_4.o
 .text.pvPortMalloc
                0x00000000080020f8       0xe4 ./Middlewares/Third_Party/FreeRTOS/Source/portable/MemMang/heap_4.o
                0x00000000080020f8                pvPortMalloc
 .text.vPortFree
                0x00000000080021dc       0x74 ./Middlewares/Third_Party/FreeRTOS/Source/portable/MemMang/heap_4.o
                0x00000000080021dc                vPortFree
 .text.Gyro_Thread
                0x0000000008002250       0x2c ./src/final_project.o
                0x0000000008002250                Gyro_Thread
 .text.main     0x000000000800227c       0x44 ./src/final_project.o
                0x000000000800227c                main
 .text.USART1_IRQHandler
                0x00000000080022c0       0x10 ./src/final_project.o
                0x00000000080022c0                USART1_IRQHandler
 .text.UART_init
                0x00000000080022d0       0x2c ./src/final_project.o
                0x00000000080022d0                UART_init
 .text.UART_Thread
                0x00000000080022fc        0x8 ./src/final_project.o
                0x00000000080022fc                UART_Thread
 .text.SystemClock_Config
                0x0000000008002304       0x68 ./src/init.o
                0x0000000008002304                SystemClock_Config
 .text.CPU_CACHE_Enable
                0x000000000800236c       0x80 ./src/init.o
                0x000000000800236c                CPU_CACHE_Enable
 .text.Clock_Inits
                0x00000000080023ec      0x270 ./src/init.o
                0x00000000080023ec                Clock_Inits
 .text.Sys_Init
                0x000000000800265c       0x38 ./src/init.o
                0x000000000800265c                Sys_Init
 .text.MPU6050_Init
                0x0000000008002694       0xa0 ./src/mpu6050.o
                0x0000000008002694                MPU6050_Init
 *fill*         0x0000000008002734        0x4 
 .text.MPU6050_Read_Accel
                0x0000000008002738       0x98 ./src/mpu6050.o
                0x0000000008002738                MPU6050_Read_Accel
 .text.MPU6050_Read_Gyro
                0x00000000080027d0       0x90 ./src/mpu6050.o
                0x00000000080027d0                MPU6050_Read_Gyro
 .text.HAL_InitTick
                0x0000000008002860       0x7c ./src/stm32f7xx_hal_timebase_tim.o
                0x0000000008002860                HAL_InitTick
 .text.TIM7_IRQHandler
                0x00000000080028dc       0x10 ./src/stm32f7xx_hal_timebase_tim.o
                0x00000000080028dc                TIM7_IRQHandler
 .text.HAL_UART_MspInit
                0x00000000080028ec       0xe4 ./src/uart.o
                0x00000000080028ec                HAL_UART_MspInit
 .text.initUart
                0x00000000080029d0       0x1a ./src/uart.o
                0x00000000080029d0                initUart
 *fill*         0x00000000080029ea        0x2 
 .text._write   0x00000000080029ec       0x14 ./src/uart.o
                0x00000000080029ec                _write
 .text._read    0x0000000008002a00       0x1c ./src/uart.o
                0x0000000008002a00                _read
 .text._lseek   0x0000000008002a1c        0x2 ./src/uart.o
                0x0000000008002a1c                _lseek
 .text._fstat   0x0000000008002a1e        0x2 ./src/uart.o
                0x0000000008002a1e                _fstat
 .text.Reset_Handler
                0x0000000008002a20       0x50 ./startup/startup_stm32f769nihx.o
                0x0000000008002a20                Reset_Handler
 .text.Default_Handler
                0x0000000008002a70        0x2 ./startup/startup_stm32f769nihx.o
                0x0000000008002a70                DMA1_Stream3_IRQHandler
                0x0000000008002a70                EXTI2_IRQHandler
                0x0000000008002a70                TIM8_CC_IRQHandler
                0x0000000008002a70                DebugMon_Handler
                0x0000000008002a70                UART8_IRQHandler
                0x0000000008002a70                SPI4_IRQHandler
                0x0000000008002a70                QuadSPI_IRQHandler
                0x0000000008002a70                DMA2_Stream5_IRQHandler
                0x0000000008002a70                HardFault_Handler
                0x0000000008002a70                JPEG_IRQHandler
                0x0000000008002a70                DSIHOST_IRQHandler
                0x0000000008002a70                DMA1_Stream5_IRQHandler
                0x0000000008002a70                CAN3_RX1_IRQHandler
                0x0000000008002a70                PVD_IRQHandler
                0x0000000008002a70                TAMP_STAMP_IRQHandler
                0x0000000008002a70                NMI_Handler
                0x0000000008002a70                CAN2_RX1_IRQHandler
                0x0000000008002a70                EXTI3_IRQHandler
                0x0000000008002a70                TIM8_TRG_COM_TIM14_IRQHandler
                0x0000000008002a70                DFSDM1_FLT1_IRQHandler
                0x0000000008002a70                TIM8_UP_TIM13_IRQHandler
                0x0000000008002a70                I2C3_ER_IRQHandler
                0x0000000008002a70                DFSDM1_FLT2_IRQHandler
                0x0000000008002a70                LCD_TFT_IRQHandler
                0x0000000008002a70                EXTI0_IRQHandler
                0x0000000008002a70                DMA1_Stream2_IRQHandler
                0x0000000008002a70                CAN1_RX0_IRQHandler
                0x0000000008002a70                FPU_IRQHandler
                0x0000000008002a70                OTG_HS_WKUP_IRQHandler
                0x0000000008002a70                CAN3_SCE_IRQHandler
                0x0000000008002a70                UsageFault_Handler
                0x0000000008002a70                CAN2_SCE_IRQHandler
                0x0000000008002a70                DMA2_Stream2_IRQHandler
                0x0000000008002a70                SPI1_IRQHandler
                0x0000000008002a70                TIM6_DAC_IRQHandler
                0x0000000008002a70                TIM1_BRK_TIM9_IRQHandler
                0x0000000008002a70                DCMI_IRQHandler
                0x0000000008002a70                CAN2_RX0_IRQHandler
                0x0000000008002a70                DMA2_Stream3_IRQHandler
                0x0000000008002a70                RTC_ALARM_IRQHandler
                0x0000000008002a70                SAI2_IRQHandler
                0x0000000008002a70                DFSDM1_FLT3_IRQHandler
                0x0000000008002a70                USART6_IRQHandler
                0x0000000008002a70                CAN3_RX0_IRQHandler
                0x0000000008002a70                USART3_IRQHandler
                0x0000000008002a70                CAN1_RX1_IRQHandler
                0x0000000008002a70                UART5_IRQHandler
                0x0000000008002a70                DMA2_Stream0_IRQHandler
                0x0000000008002a70                TIM4_IRQHandler
                0x0000000008002a70                I2C1_EV_IRQHandler
                0x0000000008002a70                HDMI_CEC_IRQHandler
                0x0000000008002a70                DMA1_Stream6_IRQHandler
                0x0000000008002a70                DMA1_Stream1_IRQHandler
                0x0000000008002a70                UART4_IRQHandler
                0x0000000008002a70                TIM3_IRQHandler
                0x0000000008002a70                RCC_IRQHandler
                0x0000000008002a70                TIM8_BRK_TIM12_IRQHandler
                0x0000000008002a70                Default_Handler
                0x0000000008002a70                EXTI15_10_IRQHandler
                0x0000000008002a70                ADC_IRQHandler
                0x0000000008002a70                DMA1_Stream7_IRQHandler
                0x0000000008002a70                SPI5_IRQHandler
                0x0000000008002a70                LPTimer1_IRQHandler
                0x0000000008002a70                SDMMC1_IRQHandler
                0x0000000008002a70                CAN2_TX_IRQHandler
                0x0000000008002a70                TIM5_IRQHandler
                0x0000000008002a70                DMA2_Stream7_IRQHandler
                0x0000000008002a70                I2C3_EV_IRQHandler
                0x0000000008002a70                EXTI9_5_IRQHandler
                0x0000000008002a70                RTC_WKUP_IRQHandler
                0x0000000008002a70                ETH_WKUP_IRQHandler
                0x0000000008002a70                SPI2_IRQHandler
                0x0000000008002a70                OTG_HS_EP1_IN_IRQHandler
                0x0000000008002a70                MemManage_Handler
                0x0000000008002a70                DMA1_Stream0_IRQHandler
                0x0000000008002a70                CAN1_TX_IRQHandler
                0x0000000008002a70                EXTI4_IRQHandler
                0x0000000008002a70                ETH_IRQHandler
                0x0000000008002a70                OTG_HS_EP1_OUT_IRQHandler
                0x0000000008002a70                WWDG_IRQHandler
                0x0000000008002a70                SPI6_IRQHandler
                0x0000000008002a70                MDIOS_IRQHandler
                0x0000000008002a70                I2C4_EV_IRQHandler
                0x0000000008002a70                CAN3_TX_IRQHandler
                0x0000000008002a70                TIM2_IRQHandler
                0x0000000008002a70                OTG_FS_WKUP_IRQHandler
                0x0000000008002a70                TIM1_TRG_COM_TIM11_IRQHandler
                0x0000000008002a70                OTG_HS_IRQHandler
                0x0000000008002a70                DMA2D_IRQHandler
                0x0000000008002a70                EXTI1_IRQHandler
                0x0000000008002a70                SDMMC2_IRQHandler
                0x0000000008002a70                UART7_IRQHandler
                0x0000000008002a70                USART2_IRQHandler
                0x0000000008002a70                DFSDM1_FLT0_IRQHandler
                0x0000000008002a70                SPDIFRX_IRQHandler
                0x0000000008002a70                DMA2_Stream1_IRQHandler
                0x0000000008002a70                CAN1_SCE_IRQHandler
                0x0000000008002a70                FLASH_IRQHandler
                0x0000000008002a70                DMA2_Stream4_IRQHandler
                0x0000000008002a70                BusFault_Handler
                0x0000000008002a70                OTG_FS_IRQHandler
                0x0000000008002a70                SPI3_IRQHandler
                0x0000000008002a70                DMA1_Stream4_IRQHandler
                0x0000000008002a70                I2C1_ER_IRQHandler
                0x0000000008002a70                FMC_IRQHandler
                0x0000000008002a70                I2C4_ER_IRQHandler
                0x0000000008002a70                DMA2_Stream6_IRQHandler
                0x0000000008002a70                SAI1_IRQHandler
                0x0000000008002a70                HASH_RNG_IRQHandler
 *fill*         0x0000000008002a72        0x2 
 .text.SystemInit
                0x0000000008002a74       0x14 ./stm32lib/CMSIS/Device/ST/STM32F7xx/Source/Templates/system_stm32f7xx.o
                0x0000000008002a74                SystemInit
 .text.HAL_MspInit
                0x0000000008002a88        0x2 ./stm32lib/STM32F7xx_HAL_Driver/Src/stm32f7xx_hal.o
                0x0000000008002a88                HAL_MspInit
 *fill*         0x0000000008002a8a        0x2 
 .text.HAL_Init
                0x0000000008002a8c       0x2c ./stm32lib/STM32F7xx_HAL_Driver/Src/stm32f7xx_hal.o
                0x0000000008002a8c                HAL_Init
 .text.HAL_GetTick
                0x0000000008002ab8        0xc ./stm32lib/STM32F7xx_HAL_Driver/Src/stm32f7xx_hal.o
                0x0000000008002ab8                HAL_GetTick
 .text.HAL_NVIC_SetPriorityGrouping
                0x0000000008002ac4       0x24 ./stm32lib/STM32F7xx_HAL_Driver/Src/stm32f7xx_hal_cortex.o
                0x0000000008002ac4                HAL_NVIC_SetPriorityGrouping
 .text.HAL_NVIC_SetPriority
                0x0000000008002ae8       0x6c ./stm32lib/STM32F7xx_HAL_Driver/Src/stm32f7xx_hal_cortex.o
                0x0000000008002ae8                HAL_NVIC_SetPriority
 .text.HAL_NVIC_EnableIRQ
                0x0000000008002b54       0x1c ./stm32lib/STM32F7xx_HAL_Driver/Src/stm32f7xx_hal_cortex.o
                0x0000000008002b54                HAL_NVIC_EnableIRQ
 .text.HAL_DMA_Abort
                0x0000000008002b70       0x94 ./stm32lib/STM32F7xx_HAL_Driver/Src/stm32f7xx_hal_dma.o
                0x0000000008002b70                HAL_DMA_Abort
 .text.HAL_DMA_Abort_IT
                0x0000000008002c04       0x26 ./stm32lib/STM32F7xx_HAL_Driver/Src/stm32f7xx_hal_dma.o
                0x0000000008002c04                HAL_DMA_Abort_IT
 *fill*         0x0000000008002c2a        0x2 
 .text.HAL_GPIO_Init
                0x0000000008002c2c      0x1f8 ./stm32lib/STM32F7xx_HAL_Driver/Src/stm32f7xx_hal_gpio.o
                0x0000000008002c2c                HAL_GPIO_Init
 .text.I2C_Flush_TXDR
                0x0000000008002e24       0x22 ./stm32lib/STM32F7xx_HAL_Driver/Src/stm32f7xx_hal_i2c.o
 .text.I2C_TransferConfig
                0x0000000008002e46       0x3c ./stm32lib/STM32F7xx_HAL_Driver/Src/stm32f7xx_hal_i2c.o
 .text.I2C_IsErrorOccurred
                0x0000000008002e82      0x118 ./stm32lib/STM32F7xx_HAL_Driver/Src/stm32f7xx_hal_i2c.o
 .text.I2C_WaitOnTXISFlagUntilTimeout
                0x0000000008002f9a       0x56 ./stm32lib/STM32F7xx_HAL_Driver/Src/stm32f7xx_hal_i2c.o
 .text.I2C_WaitOnFlagUntilTimeout
                0x0000000008002ff0       0x5a ./stm32lib/STM32F7xx_HAL_Driver/Src/stm32f7xx_hal_i2c.o
 *fill*         0x000000000800304a        0x2 
 .text.I2C_RequestMemoryWrite
                0x000000000800304c       0x7c ./stm32lib/STM32F7xx_HAL_Driver/Src/stm32f7xx_hal_i2c.o
 .text.I2C_RequestMemoryRead
                0x00000000080030c8       0x78 ./stm32lib/STM32F7xx_HAL_Driver/Src/stm32f7xx_hal_i2c.o
 .text.I2C_WaitOnSTOPFlagUntilTimeout
                0x0000000008003140       0x50 ./stm32lib/STM32F7xx_HAL_Driver/Src/stm32f7xx_hal_i2c.o
 .text.HAL_I2C_Mem_Write
                0x0000000008003190      0x1aa ./stm32lib/STM32F7xx_HAL_Driver/Src/stm32f7xx_hal_i2c.o
                0x0000000008003190                HAL_I2C_Mem_Write
 *fill*         0x000000000800333a        0x2 
 .text.HAL_I2C_Mem_Read
                0x000000000800333c      0x1b0 ./stm32lib/STM32F7xx_HAL_Driver/Src/stm32f7xx_hal_i2c.o
                0x000000000800333c                HAL_I2C_Mem_Read
 .text.HAL_PWREx_EnableOverDrive
                0x00000000080034ec       0x7c ./stm32lib/STM32F7xx_HAL_Driver/Src/stm32f7xx_hal_pwr_ex.o
                0x00000000080034ec                HAL_PWREx_EnableOverDrive
 .text.HAL_RCC_OscConfig
                0x0000000008003568      0x444 ./stm32lib/STM32F7xx_HAL_Driver/Src/stm32f7xx_hal_rcc.o
                0x0000000008003568                HAL_RCC_OscConfig
 .text.HAL_RCC_GetSysClockFreq
                0x00000000080039ac       0xa4 ./stm32lib/STM32F7xx_HAL_Driver/Src/stm32f7xx_hal_rcc.o
                0x00000000080039ac                HAL_RCC_GetSysClockFreq
 .text.HAL_RCC_ClockConfig
                0x0000000008003a50      0x16c ./stm32lib/STM32F7xx_HAL_Driver/Src/stm32f7xx_hal_rcc.o
                0x0000000008003a50                HAL_RCC_ClockConfig
 .text.HAL_RCC_GetHCLKFreq
                0x0000000008003bbc        0xc ./stm32lib/STM32F7xx_HAL_Driver/Src/stm32f7xx_hal_rcc.o
                0x0000000008003bbc                HAL_RCC_GetHCLKFreq
 .text.HAL_RCC_GetPCLK1Freq
                0x0000000008003bc8       0x20 ./stm32lib/STM32F7xx_HAL_Driver/Src/stm32f7xx_hal_rcc.o
                0x0000000008003bc8                HAL_RCC_GetPCLK1Freq
 .text.HAL_RCC_GetPCLK2Freq
                0x0000000008003be8       0x20 ./stm32lib/STM32F7xx_HAL_Driver/Src/stm32f7xx_hal_rcc.o
                0x0000000008003be8                HAL_RCC_GetPCLK2Freq
 .text.HAL_RCC_GetClockConfig
                0x0000000008003c08       0x3c ./stm32lib/STM32F7xx_HAL_Driver/Src/stm32f7xx_hal_rcc.o
                0x0000000008003c08                HAL_RCC_GetClockConfig
 .text.HAL_TIM_Base_MspInit
                0x0000000008003c44        0x2 ./stm32lib/STM32F7xx_HAL_Driver/Src/stm32f7xx_hal_tim.o
                0x0000000008003c44                HAL_TIM_Base_MspInit
 *fill*         0x0000000008003c46        0x2 
 .text.HAL_TIM_Base_Start_IT
                0x0000000008003c48       0x90 ./stm32lib/STM32F7xx_HAL_Driver/Src/stm32f7xx_hal_tim.o
                0x0000000008003c48                HAL_TIM_Base_Start_IT
 .text.HAL_TIM_PeriodElapsedCallback
                0x0000000008003cd8        0x2 ./stm32lib/STM32F7xx_HAL_Driver/Src/stm32f7xx_hal_tim.o
                0x0000000008003cd8                HAL_TIM_PeriodElapsedCallback
 .text.HAL_TIM_OC_DelayElapsedCallback
                0x0000000008003cda        0x2 ./stm32lib/STM32F7xx_HAL_Driver/Src/stm32f7xx_hal_tim.o
                0x0000000008003cda                HAL_TIM_OC_DelayElapsedCallback
 .text.HAL_TIM_IC_CaptureCallback
                0x0000000008003cdc        0x2 ./stm32lib/STM32F7xx_HAL_Driver/Src/stm32f7xx_hal_tim.o
                0x0000000008003cdc                HAL_TIM_IC_CaptureCallback
 .text.HAL_TIM_PWM_PulseFinishedCallback
                0x0000000008003cde        0x2 ./stm32lib/STM32F7xx_HAL_Driver/Src/stm32f7xx_hal_tim.o
                0x0000000008003cde                HAL_TIM_PWM_PulseFinishedCallback
 .text.HAL_TIM_TriggerCallback
                0x0000000008003ce0        0x2 ./stm32lib/STM32F7xx_HAL_Driver/Src/stm32f7xx_hal_tim.o
                0x0000000008003ce0                HAL_TIM_TriggerCallback
 .text.HAL_TIM_IRQHandler
                0x0000000008003ce2      0x19a ./stm32lib/STM32F7xx_HAL_Driver/Src/stm32f7xx_hal_tim.o
                0x0000000008003ce2                HAL_TIM_IRQHandler
 .text.TIM_Base_SetConfig
                0x0000000008003e7c      0x110 ./stm32lib/STM32F7xx_HAL_Driver/Src/stm32f7xx_hal_tim.o
                0x0000000008003e7c                TIM_Base_SetConfig
 .text.HAL_TIM_Base_Init
                0x0000000008003f8c       0x60 ./stm32lib/STM32F7xx_HAL_Driver/Src/stm32f7xx_hal_tim.o
                0x0000000008003f8c                HAL_TIM_Base_Init
 .text.HAL_TIMEx_CommutCallback
                0x0000000008003fec        0x2 ./stm32lib/STM32F7xx_HAL_Driver/Src/stm32f7xx_hal_tim_ex.o
                0x0000000008003fec                HAL_TIMEx_CommutCallback
 .text.HAL_TIMEx_BreakCallback
                0x0000000008003fee        0x2 ./stm32lib/STM32F7xx_HAL_Driver/Src/stm32f7xx_hal_tim_ex.o
                0x0000000008003fee                HAL_TIMEx_BreakCallback
 .text.HAL_TIMEx_Break2Callback
                0x0000000008003ff0        0x2 ./stm32lib/STM32F7xx_HAL_Driver/Src/stm32f7xx_hal_tim_ex.o
                0x0000000008003ff0                HAL_TIMEx_Break2Callback
 .text.UART_EndRxTransfer
                0x0000000008003ff2       0x52 ./stm32lib/STM32F7xx_HAL_Driver/Src/stm32f7xx_hal_uart.o
 .text.UART_TxISR_8BIT
                0x0000000008004044       0x54 ./stm32lib/STM32F7xx_HAL_Driver/Src/stm32f7xx_hal_uart.o
 .text.UART_TxISR_16BIT
                0x0000000008004098       0x58 ./stm32lib/STM32F7xx_HAL_Driver/Src/stm32f7xx_hal_uart.o
 .text.HAL_UART_Transmit_IT
                0x00000000080040f0       0x64 ./stm32lib/STM32F7xx_HAL_Driver/Src/stm32f7xx_hal_uart.o
                0x00000000080040f0                HAL_UART_Transmit_IT
 .text.HAL_UART_TxCpltCallback
                0x0000000008004154        0x2 ./stm32lib/STM32F7xx_HAL_Driver/Src/stm32f7xx_hal_uart.o
                0x0000000008004154                HAL_UART_TxCpltCallback
 .text.UART_EndTransmit_IT
                0x0000000008004156       0x22 ./stm32lib/STM32F7xx_HAL_Driver/Src/stm32f7xx_hal_uart.o
 .text.HAL_UART_ErrorCallback
                0x0000000008004178        0x2 ./stm32lib/STM32F7xx_HAL_Driver/Src/stm32f7xx_hal_uart.o
                0x0000000008004178                HAL_UART_ErrorCallback
 .text.UART_DMAAbortOnError
                0x000000000800417a       0x14 ./stm32lib/STM32F7xx_HAL_Driver/Src/stm32f7xx_hal_uart.o
 .text.HAL_UARTEx_RxEventCallback
                0x000000000800418e        0x2 ./stm32lib/STM32F7xx_HAL_Driver/Src/stm32f7xx_hal_uart.o
                0x000000000800418e                HAL_UARTEx_RxEventCallback
 .text.HAL_UARTEx_WakeupCallback
                0x0000000008004190        0x2 ./stm32lib/STM32F7xx_HAL_Driver/Src/stm32f7xx_hal_uart.o
                0x0000000008004190                HAL_UARTEx_WakeupCallback
 *fill*         0x0000000008004192        0x2 
 .text.HAL_UART_IRQHandler
                0x0000000008004194      0x2ec ./stm32lib/STM32F7xx_HAL_Driver/Src/stm32f7xx_hal_uart.o
                0x0000000008004194                HAL_UART_IRQHandler
 .text.UART_SetConfig
                0x0000000008004480      0x330 ./stm32lib/STM32F7xx_HAL_Driver/Src/stm32f7xx_hal_uart.o
                0x0000000008004480                UART_SetConfig
 .text.UART_AdvFeatureConfig
                0x00000000080047b0       0xca ./stm32lib/STM32F7xx_HAL_Driver/Src/stm32f7xx_hal_uart.o
                0x00000000080047b0                UART_AdvFeatureConfig
 .text.UART_WaitOnFlagUntilTimeout
                0x000000000800487a       0xd8 ./stm32lib/STM32F7xx_HAL_Driver/Src/stm32f7xx_hal_uart.o
                0x000000000800487a                UART_WaitOnFlagUntilTimeout
 .text.HAL_UART_Receive
                0x0000000008004952      0x10e ./stm32lib/STM32F7xx_HAL_Driver/Src/stm32f7xx_hal_uart.o
                0x0000000008004952                HAL_UART_Receive
 .text.UART_CheckIdleState
                0x0000000008004a60       0x74 ./stm32lib/STM32F7xx_HAL_Driver/Src/stm32f7xx_hal_uart.o
                0x0000000008004a60                UART_CheckIdleState
 .text.HAL_UART_Init
                0x0000000008004ad4       0x62 ./stm32lib/STM32F7xx_HAL_Driver/Src/stm32f7xx_hal_uart.o
                0x0000000008004ad4                HAL_UART_Init
 *fill*         0x0000000008004b36        0x2 
 .text.__libc_init_array
                0x0000000008004b38       0x48 /Applications/STM32CubeIDE.app/Contents/Eclipse/plugins/com.st.stm32cube.ide.mcu.externaltools.gnu-tools-for-stm32.10.3-2021.10.macos64_1.0.200.202301161003/tools/bin/../lib/gcc/arm-none-eabi/10.3.1/../../../../arm-none-eabi/lib/thumb/v7e-m+dp/hard/libc_nano.a(lib_a-init.o)
                0x0000000008004b38                __libc_init_array
 .text.memcpy   0x0000000008004b80       0x1c /Applications/STM32CubeIDE.app/Contents/Eclipse/plugins/com.st.stm32cube.ide.mcu.externaltools.gnu-tools-for-stm32.10.3-2021.10.macos64_1.0.200.202301161003/tools/bin/../lib/gcc/arm-none-eabi/10.3.1/../../../../arm-none-eabi/lib/thumb/v7e-m+dp/hard/libc_nano.a(lib_a-memcpy-stub.o)
                0x0000000008004b80                memcpy
 .text.memset   0x0000000008004b9c       0x10 /Applications/STM32CubeIDE.app/Contents/Eclipse/plugins/com.st.stm32cube.ide.mcu.externaltools.gnu-tools-for-stm32.10.3-2021.10.macos64_1.0.200.202301161003/tools/bin/../lib/gcc/arm-none-eabi/10.3.1/../../../../arm-none-eabi/lib/thumb/v7e-m+dp/hard/libc_nano.a(lib_a-memset.o)
                0x0000000008004b9c                memset
 .text.setbuf   0x0000000008004bac       0x10 /Applications/STM32CubeIDE.app/Contents/Eclipse/plugins/com.st.stm32cube.ide.mcu.externaltools.gnu-tools-for-stm32.10.3-2021.10.macos64_1.0.200.202301161003/tools/bin/../lib/gcc/arm-none-eabi/10.3.1/../../../../arm-none-eabi/lib/thumb/v7e-m+dp/hard/libc_nano.a(lib_a-setbuf.o)
                0x0000000008004bac                setbuf
 .text.setvbuf  0x0000000008004bbc      0x18c /Applications/STM32CubeIDE.app/Contents/Eclipse/plugins/com.st.stm32cube.ide.mcu.externaltools.gnu-tools-for-stm32.10.3-2021.10.macos64_1.0.200.202301161003/tools/bin/../lib/gcc/arm-none-eabi/10.3.1/../../../../arm-none-eabi/lib/thumb/v7e-m+dp/hard/libc_nano.a(lib_a-setvbuf.o)
                0x0000000008004bbc                setvbuf
 .text.__sflush_r
                0x0000000008004d48      0x10c /Applications/STM32CubeIDE.app/Contents/Eclipse/plugins/com.st.stm32cube.ide.mcu.externaltools.gnu-tools-for-stm32.10.3-2021.10.macos64_1.0.200.202301161003/tools/bin/../lib/gcc/arm-none-eabi/10.3.1/../../../../arm-none-eabi/lib/thumb/v7e-m+dp/hard/libc_nano.a(lib_a-fflush.o)
                0x0000000008004d48                __sflush_r
 .text._fflush_r
                0x0000000008004e54       0x78 /Applications/STM32CubeIDE.app/Contents/Eclipse/plugins/com.st.stm32cube.ide.mcu.externaltools.gnu-tools-for-stm32.10.3-2021.10.macos64_1.0.200.202301161003/tools/bin/../lib/gcc/arm-none-eabi/10.3.1/../../../../arm-none-eabi/lib/thumb/v7e-m+dp/hard/libc_nano.a(lib_a-fflush.o)
                0x0000000008004e54                _fflush_r
 .text.std      0x0000000008004ecc       0x48 /Applications/STM32CubeIDE.app/Contents/Eclipse/plugins/com.st.stm32cube.ide.mcu.externaltools.gnu-tools-for-stm32.10.3-2021.10.macos64_1.0.200.202301161003/tools/bin/../lib/gcc/arm-none-eabi/10.3.1/../../../../arm-none-eabi/lib/thumb/v7e-m+dp/hard/libc_nano.a(lib_a-findfp.o)
 .text._cleanup_r
                0x0000000008004f14        0xc /Applications/STM32CubeIDE.app/Contents/Eclipse/plugins/com.st.stm32cube.ide.mcu.externaltools.gnu-tools-for-stm32.10.3-2021.10.macos64_1.0.200.202301161003/tools/bin/../lib/gcc/arm-none-eabi/10.3.1/../../../../arm-none-eabi/lib/thumb/v7e-m+dp/hard/libc_nano.a(lib_a-findfp.o)
                0x0000000008004f14                _cleanup_r
 .text.__sfmoreglue
                0x0000000008004f20       0x2c /Applications/STM32CubeIDE.app/Contents/Eclipse/plugins/com.st.stm32cube.ide.mcu.externaltools.gnu-tools-for-stm32.10.3-2021.10.macos64_1.0.200.202301161003/tools/bin/../lib/gcc/arm-none-eabi/10.3.1/../../../../arm-none-eabi/lib/thumb/v7e-m+dp/hard/libc_nano.a(lib_a-findfp.o)
                0x0000000008004f20                __sfmoreglue
 .text.__sfp_lock_acquire
                0x0000000008004f4c        0xc /Applications/STM32CubeIDE.app/Contents/Eclipse/plugins/com.st.stm32cube.ide.mcu.externaltools.gnu-tools-for-stm32.10.3-2021.10.macos64_1.0.200.202301161003/tools/bin/../lib/gcc/arm-none-eabi/10.3.1/../../../../arm-none-eabi/lib/thumb/v7e-m+dp/hard/libc_nano.a(lib_a-findfp.o)
                0x0000000008004f4c                __sfp_lock_acquire
 .text.__sfp_lock_release
                0x0000000008004f58        0xc /Applications/STM32CubeIDE.app/Contents/Eclipse/plugins/com.st.stm32cube.ide.mcu.externaltools.gnu-tools-for-stm32.10.3-2021.10.macos64_1.0.200.202301161003/tools/bin/../lib/gcc/arm-none-eabi/10.3.1/../../../../arm-none-eabi/lib/thumb/v7e-m+dp/hard/libc_nano.a(lib_a-findfp.o)
                0x0000000008004f58                __sfp_lock_release
 .text.__sinit_lock_acquire
                0x0000000008004f64        0xc /Applications/STM32CubeIDE.app/Contents/Eclipse/plugins/com.st.stm32cube.ide.mcu.externaltools.gnu-tools-for-stm32.10.3-2021.10.macos64_1.0.200.202301161003/tools/bin/../lib/gcc/arm-none-eabi/10.3.1/../../../../arm-none-eabi/lib/thumb/v7e-m+dp/hard/libc_nano.a(lib_a-findfp.o)
                0x0000000008004f64                __sinit_lock_acquire
 .text.__sinit_lock_release
                0x0000000008004f70        0xc /Applications/STM32CubeIDE.app/Contents/Eclipse/plugins/com.st.stm32cube.ide.mcu.externaltools.gnu-tools-for-stm32.10.3-2021.10.macos64_1.0.200.202301161003/tools/bin/../lib/gcc/arm-none-eabi/10.3.1/../../../../arm-none-eabi/lib/thumb/v7e-m+dp/hard/libc_nano.a(lib_a-findfp.o)
                0x0000000008004f70                __sinit_lock_release
 .text.__sinit  0x0000000008004f7c       0x70 /Applications/STM32CubeIDE.app/Contents/Eclipse/plugins/com.st.stm32cube.ide.mcu.externaltools.gnu-tools-for-stm32.10.3-2021.10.macos64_1.0.200.202301161003/tools/bin/../lib/gcc/arm-none-eabi/10.3.1/../../../../arm-none-eabi/lib/thumb/v7e-m+dp/hard/libc_nano.a(lib_a-findfp.o)
                0x0000000008004f7c                __sinit
 .text.__sfp    0x0000000008004fec       0x8c /Applications/STM32CubeIDE.app/Contents/Eclipse/plugins/com.st.stm32cube.ide.mcu.externaltools.gnu-tools-for-stm32.10.3-2021.10.macos64_1.0.200.202301161003/tools/bin/../lib/gcc/arm-none-eabi/10.3.1/../../../../arm-none-eabi/lib/thumb/v7e-m+dp/hard/libc_nano.a(lib_a-findfp.o)
                0x0000000008004fec                __sfp
 .text._fwalk_reent
                0x0000000008005078       0x3e /Applications/STM32CubeIDE.app/Contents/Eclipse/plugins/com.st.stm32cube.ide.mcu.externaltools.gnu-tools-for-stm32.10.3-2021.10.macos64_1.0.200.202301161003/tools/bin/../lib/gcc/arm-none-eabi/10.3.1/../../../../arm-none-eabi/lib/thumb/v7e-m+dp/hard/libc_nano.a(lib_a-fwalk.o)
                0x0000000008005078                _fwalk_reent
 .text.__retarget_lock_init_recursive
                0x00000000080050b6        0x2 /Applications/STM32CubeIDE.app/Contents/Eclipse/plugins/com.st.stm32cube.ide.mcu.externaltools.gnu-tools-for-stm32.10.3-2021.10.macos64_1.0.200.202301161003/tools/bin/../lib/gcc/arm-none-eabi/10.3.1/../../../../arm-none-eabi/lib/thumb/v7e-m+dp/hard/libc_nano.a(lib_a-lock.o)
                0x00000000080050b6                __retarget_lock_init_recursive
 .text.__retarget_lock_acquire_recursive
                0x00000000080050b8        0x2 /Applications/STM32CubeIDE.app/Contents/Eclipse/plugins/com.st.stm32cube.ide.mcu.externaltools.gnu-tools-for-stm32.10.3-2021.10.macos64_1.0.200.202301161003/tools/bin/../lib/gcc/arm-none-eabi/10.3.1/../../../../arm-none-eabi/lib/thumb/v7e-m+dp/hard/libc_nano.a(lib_a-lock.o)
                0x00000000080050b8                __retarget_lock_acquire_recursive
 .text.__retarget_lock_release_recursive
                0x00000000080050ba        0x2 /Applications/STM32CubeIDE.app/Contents/Eclipse/plugins/com.st.stm32cube.ide.mcu.externaltools.gnu-tools-for-stm32.10.3-2021.10.macos64_1.0.200.202301161003/tools/bin/../lib/gcc/arm-none-eabi/10.3.1/../../../../arm-none-eabi/lib/thumb/v7e-m+dp/hard/libc_nano.a(lib_a-lock.o)
                0x00000000080050ba                __retarget_lock_release_recursive
 .text.__swhatbuf_r
                0x00000000080050bc       0x4a /Applications/STM32CubeIDE.app/Contents/Eclipse/plugins/com.st.stm32cube.ide.mcu.externaltools.gnu-tools-for-stm32.10.3-2021.10.macos64_1.0.200.202301161003/tools/bin/../lib/gcc/arm-none-eabi/10.3.1/../../../../arm-none-eabi/lib/thumb/v7e-m+dp/hard/libc_nano.a(lib_a-makebuf.o)
                0x00000000080050bc                __swhatbuf_r
 *fill*         0x0000000008005106        0x2 
 .text.malloc   0x0000000008005108       0x10 /Applications/STM32CubeIDE.app/Contents/Eclipse/plugins/com.st.stm32cube.ide.mcu.externaltools.gnu-tools-for-stm32.10.3-2021.10.macos64_1.0.200.202301161003/tools/bin/../lib/gcc/arm-none-eabi/10.3.1/../../../../arm-none-eabi/lib/thumb/v7e-m+dp/hard/libc_nano.a(lib_a-malloc.o)
                0x0000000008005108                malloc
 .text._free_r  0x0000000008005118       0x98 /Applications/STM32CubeIDE.app/Contents/Eclipse/plugins/com.st.stm32cube.ide.mcu.externaltools.gnu-tools-for-stm32.10.3-2021.10.macos64_1.0.200.202301161003/tools/bin/../lib/gcc/arm-none-eabi/10.3.1/../../../../arm-none-eabi/lib/thumb/v7e-m+dp/hard/libc_nano.a(lib_a-nano-freer.o)
                0x0000000008005118                _free_r
 .text.sbrk_aligned
                0x00000000080051b0       0x40 /Applications/STM32CubeIDE.app/Contents/Eclipse/plugins/com.st.stm32cube.ide.mcu.externaltools.gnu-tools-for-stm32.10.3-2021.10.macos64_1.0.200.202301161003/tools/bin/../lib/gcc/arm-none-eabi/10.3.1/../../../../arm-none-eabi/lib/thumb/v7e-m+dp/hard/libc_nano.a(lib_a-nano-mallocr.o)
 .text._malloc_r
                0x00000000080051f0       0xe8 /Applications/STM32CubeIDE.app/Contents/Eclipse/plugins/com.st.stm32cube.ide.mcu.externaltools.gnu-tools-for-stm32.10.3-2021.10.macos64_1.0.200.202301161003/tools/bin/../lib/gcc/arm-none-eabi/10.3.1/../../../../arm-none-eabi/lib/thumb/v7e-m+dp/hard/libc_nano.a(lib_a-nano-mallocr.o)
                0x00000000080051f0                _malloc_r
 .text._sbrk_r  0x00000000080052d8       0x20 /Applications/STM32CubeIDE.app/Contents/Eclipse/plugins/com.st.stm32cube.ide.mcu.externaltools.gnu-tools-for-stm32.10.3-2021.10.macos64_1.0.200.202301161003/tools/bin/../lib/gcc/arm-none-eabi/10.3.1/../../../../arm-none-eabi/lib/thumb/v7e-m+dp/hard/libc_nano.a(lib_a-sbrkr.o)
                0x00000000080052d8                _sbrk_r
 .text.__sread  0x00000000080052f8       0x22 /Applications/STM32CubeIDE.app/Contents/Eclipse/plugins/com.st.stm32cube.ide.mcu.externaltools.gnu-tools-for-stm32.10.3-2021.10.macos64_1.0.200.202301161003/tools/bin/../lib/gcc/arm-none-eabi/10.3.1/../../../../arm-none-eabi/lib/thumb/v7e-m+dp/hard/libc_nano.a(lib_a-stdio.o)
                0x00000000080052f8                __sread
 .text.__swrite
                0x000000000800531a       0x38 /Applications/STM32CubeIDE.app/Contents/Eclipse/plugins/com.st.stm32cube.ide.mcu.externaltools.gnu-tools-for-stm32.10.3-2021.10.macos64_1.0.200.202301161003/tools/bin/../lib/gcc/arm-none-eabi/10.3.1/../../../../arm-none-eabi/lib/thumb/v7e-m+dp/hard/libc_nano.a(lib_a-stdio.o)
                0x000000000800531a                __swrite
 .text.__sseek  0x0000000008005352       0x24 /Applications/STM32CubeIDE.app/Contents/Eclipse/plugins/com.st.stm32cube.ide.mcu.externaltools.gnu-tools-for-stm32.10.3-2021.10.macos64_1.0.200.202301161003/tools/bin/../lib/gcc/arm-none-eabi/10.3.1/../../../../arm-none-eabi/lib/thumb/v7e-m+dp/hard/libc_nano.a(lib_a-stdio.o)
                0x0000000008005352                __sseek
 .text.__sclose
                0x0000000008005376        0x8 /Applications/STM32CubeIDE.app/Contents/Eclipse/plugins/com.st.stm32cube.ide.mcu.externaltools.gnu-tools-for-stm32.10.3-2021.10.macos64_1.0.200.202301161003/tools/bin/../lib/gcc/arm-none-eabi/10.3.1/../../../../arm-none-eabi/lib/thumb/v7e-m+dp/hard/libc_nano.a(lib_a-stdio.o)
                0x0000000008005376                __sclose
 *fill*         0x000000000800537e        0x2 
 .text._write_r
                0x0000000008005380       0x24 /Applications/STM32CubeIDE.app/Contents/Eclipse/plugins/com.st.stm32cube.ide.mcu.externaltools.gnu-tools-for-stm32.10.3-2021.10.macos64_1.0.200.202301161003/tools/bin/../lib/gcc/arm-none-eabi/10.3.1/../../../../arm-none-eabi/lib/thumb/v7e-m+dp/hard/libc_nano.a(lib_a-writer.o)
                0x0000000008005380                _write_r
 .text._close_r
                0x00000000080053a4       0x20 /Applications/STM32CubeIDE.app/Contents/Eclipse/plugins/com.st.stm32cube.ide.mcu.externaltools.gnu-tools-for-stm32.10.3-2021.10.macos64_1.0.200.202301161003/tools/bin/../lib/gcc/arm-none-eabi/10.3.1/../../../../arm-none-eabi/lib/thumb/v7e-m+dp/hard/libc_nano.a(lib_a-closer.o)
                0x00000000080053a4                _close_r
 .text._fstat_r
                0x00000000080053c4       0x24 /Applications/STM32CubeIDE.app/Contents/Eclipse/plugins/com.st.stm32cube.ide.mcu.externaltools.gnu-tools-for-stm32.10.3-2021.10.macos64_1.0.200.202301161003/tools/bin/../lib/gcc/arm-none-eabi/10.3.1/../../../../arm-none-eabi/lib/thumb/v7e-m+dp/hard/libc_nano.a(lib_a-fstatr.o)
                0x00000000080053c4                _fstat_r
 .text._lseek_r
                0x00000000080053e8       0x24 /Applications/STM32CubeIDE.app/Contents/Eclipse/plugins/com.st.stm32cube.ide.mcu.externaltools.gnu-tools-for-stm32.10.3-2021.10.macos64_1.0.200.202301161003/tools/bin/../lib/gcc/arm-none-eabi/10.3.1/../../../../arm-none-eabi/lib/thumb/v7e-m+dp/hard/libc_nano.a(lib_a-lseekr.o)
                0x00000000080053e8                _lseek_r
 .text.__malloc_lock
                0x000000000800540c        0xc /Applications/STM32CubeIDE.app/Contents/Eclipse/plugins/com.st.stm32cube.ide.mcu.externaltools.gnu-tools-for-stm32.10.3-2021.10.macos64_1.0.200.202301161003/tools/bin/../lib/gcc/arm-none-eabi/10.3.1/../../../../arm-none-eabi/lib/thumb/v7e-m+dp/hard/libc_nano.a(lib_a-mlock.o)
                0x000000000800540c                __malloc_lock
 .text.__malloc_unlock
                0x0000000008005418        0xc /Applications/STM32CubeIDE.app/Contents/Eclipse/plugins/com.st.stm32cube.ide.mcu.externaltools.gnu-tools-for-stm32.10.3-2021.10.macos64_1.0.200.202301161003/tools/bin/../lib/gcc/arm-none-eabi/10.3.1/../../../../arm-none-eabi/lib/thumb/v7e-m+dp/hard/libc_nano.a(lib_a-mlock.o)
                0x0000000008005418                __malloc_unlock
 .text._read_r  0x0000000008005424       0x24 /Applications/STM32CubeIDE.app/Contents/Eclipse/plugins/com.st.stm32cube.ide.mcu.externaltools.gnu-tools-for-stm32.10.3-2021.10.macos64_1.0.200.202301161003/tools/bin/../lib/gcc/arm-none-eabi/10.3.1/../../../../arm-none-eabi/lib/thumb/v7e-m+dp/hard/libc_nano.a(lib_a-readr.o)
                0x0000000008005424                _read_r
 .text._close   0x0000000008005448       0x10 /Applications/STM32CubeIDE.app/Contents/Eclipse/plugins/com.st.stm32cube.ide.mcu.externaltools.gnu-tools-for-stm32.10.3-2021.10.macos64_1.0.200.202301161003/tools/bin/../lib/gcc/arm-none-eabi/10.3.1/../../../../arm-none-eabi/lib/thumb/v7e-m+dp/hard/libnosys.a(close.o)
                0x0000000008005448                _close
 .text._sbrk    0x0000000008005458       0x1c /Applications/STM32CubeIDE.app/Contents/Eclipse/plugins/com.st.stm32cube.ide.mcu.externaltools.gnu-tools-for-stm32.10.3-2021.10.macos64_1.0.200.202301161003/tools/bin/../lib/gcc/arm-none-eabi/10.3.1/../../../../arm-none-eabi/lib/thumb/v7e-m+dp/hard/libnosys.a(sbrk.o)
                0x0000000008005458                _sbrk
 *(.glue_7)
 .glue_7        0x0000000008005474        0x0 linker stubs
 *(.glue_7t)
 .glue_7t       0x0000000008005474        0x0 linker stubs
 *(.eh_frame)
 .eh_frame      0x0000000008005474        0x0 /Applications/STM32CubeIDE.app/Contents/Eclipse/plugins/com.st.stm32cube.ide.mcu.externaltools.gnu-tools-for-stm32.10.3-2021.10.macos64_1.0.200.202301161003/tools/bin/../lib/gcc/arm-none-eabi/10.3.1/thumb/v7e-m+dp/hard/crtbegin.o
 *(.init)
 .init          0x0000000008005474        0x4 /Applications/STM32CubeIDE.app/Contents/Eclipse/plugins/com.st.stm32cube.ide.mcu.externaltools.gnu-tools-for-stm32.10.3-2021.10.macos64_1.0.200.202301161003/tools/bin/../lib/gcc/arm-none-eabi/10.3.1/thumb/v7e-m+dp/hard/crti.o
                0x0000000008005474                _init
 .init          0x0000000008005478        0x8 /Applications/STM32CubeIDE.app/Contents/Eclipse/plugins/com.st.stm32cube.ide.mcu.externaltools.gnu-tools-for-stm32.10.3-2021.10.macos64_1.0.200.202301161003/tools/bin/../lib/gcc/arm-none-eabi/10.3.1/thumb/v7e-m+dp/hard/crtn.o
 *(.fini)
 .fini          0x0000000008005480        0x4 /Applications/STM32CubeIDE.app/Contents/Eclipse/plugins/com.st.stm32cube.ide.mcu.externaltools.gnu-tools-for-stm32.10.3-2021.10.macos64_1.0.200.202301161003/tools/bin/../lib/gcc/arm-none-eabi/10.3.1/thumb/v7e-m+dp/hard/crti.o
                0x0000000008005480                _fini
 .fini          0x0000000008005484        0x8 /Applications/STM32CubeIDE.app/Contents/Eclipse/plugins/com.st.stm32cube.ide.mcu.externaltools.gnu-tools-for-stm32.10.3-2021.10.macos64_1.0.200.202301161003/tools/bin/../lib/gcc/arm-none-eabi/10.3.1/thumb/v7e-m+dp/hard/crtn.o
                0x000000000800548c                . = ALIGN (0x4)
                0x000000000800548c                _etext = .

.vfp11_veneer   0x000000000800548c        0x0
 .vfp11_veneer  0x000000000800548c        0x0 linker stubs

.v4_bx          0x000000000800548c        0x0
 .v4_bx         0x000000000800548c        0x0 linker stubs

.iplt           0x000000000800548c        0x0
 .iplt          0x000000000800548c        0x0 /Applications/STM32CubeIDE.app/Contents/Eclipse/plugins/com.st.stm32cube.ide.mcu.externaltools.gnu-tools-for-stm32.10.3-2021.10.macos64_1.0.200.202301161003/tools/bin/../lib/gcc/arm-none-eabi/10.3.1/thumb/v7e-m+dp/hard/crtbegin.o

.rodata         0x000000000800548c      0x144
                0x000000000800548c                . = ALIGN (0x4)
 *(.rodata)
 .rodata        0x000000000800548c       0x48 ./src/final_project.o
                0x000000000800548c                Gyro_Thread_attributes
                0x00000000080054b0                UART_Thread_attributes
 .rodata        0x00000000080054d4       0x18 ./stm32lib/CMSIS/Device/ST/STM32F7xx/Source/Templates/system_stm32f7xx.o
                0x00000000080054d4                AHBPrescTable
                0x00000000080054e4                APBPrescTable
 *(.rodata*)
 .rodata.str1.4
                0x00000000080054ec        0x5 ./Middlewares/Third_Party/FreeRTOS/Source/tasks.o
 *fill*         0x00000000080054f1        0x3 
 .rodata.str1.4
                0x00000000080054f4       0x10 ./Middlewares/Third_Party/FreeRTOS/Source/timers.o
 .rodata.str1.4
                0x0000000008005504       0x65 ./src/final_project.o
 *fill*         0x0000000008005569        0x3 
 .rodata._global_impure_ptr
                0x000000000800556c        0x4 /Applications/STM32CubeIDE.app/Contents/Eclipse/plugins/com.st.stm32cube.ide.mcu.externaltools.gnu-tools-for-stm32.10.3-2021.10.macos64_1.0.200.202301161003/tools/bin/../lib/gcc/arm-none-eabi/10.3.1/../../../../arm-none-eabi/lib/thumb/v7e-m+dp/hard/libc_nano.a(lib_a-impure.o)
                0x000000000800556c                _global_impure_ptr
 .rodata.__sf_fake_stderr
                0x0000000008005570       0x20 /Applications/STM32CubeIDE.app/Contents/Eclipse/plugins/com.st.stm32cube.ide.mcu.externaltools.gnu-tools-for-stm32.10.3-2021.10.macos64_1.0.200.202301161003/tools/bin/../lib/gcc/arm-none-eabi/10.3.1/../../../../arm-none-eabi/lib/thumb/v7e-m+dp/hard/libc_nano.a(lib_a-findfp.o)
                0x0000000008005570                __sf_fake_stderr
 .rodata.__sf_fake_stdin
                0x0000000008005590       0x20 /Applications/STM32CubeIDE.app/Contents/Eclipse/plugins/com.st.stm32cube.ide.mcu.externaltools.gnu-tools-for-stm32.10.3-2021.10.macos64_1.0.200.202301161003/tools/bin/../lib/gcc/arm-none-eabi/10.3.1/../../../../arm-none-eabi/lib/thumb/v7e-m+dp/hard/libc_nano.a(lib_a-findfp.o)
                0x0000000008005590                __sf_fake_stdin
 .rodata.__sf_fake_stdout
                0x00000000080055b0       0x20 /Applications/STM32CubeIDE.app/Contents/Eclipse/plugins/com.st.stm32cube.ide.mcu.externaltools.gnu-tools-for-stm32.10.3-2021.10.macos64_1.0.200.202301161003/tools/bin/../lib/gcc/arm-none-eabi/10.3.1/../../../../arm-none-eabi/lib/thumb/v7e-m+dp/hard/libc_nano.a(lib_a-findfp.o)
                0x00000000080055b0                __sf_fake_stdout
                0x00000000080055d0                . = ALIGN (0x4)

.ARM.extab      0x00000000080055d0        0x0
                0x00000000080055d0                . = ALIGN (0x4)
 *(.ARM.extab* .gnu.linkonce.armextab.*)
                0x00000000080055d0                . = ALIGN (0x4)

.ARM            0x00000000080055d0        0x8
                0x00000000080055d0                . = ALIGN (0x4)
                0x00000000080055d0                __exidx_start = .
 *(.ARM.exidx*)
 .ARM.exidx     0x00000000080055d0        0x8 /Applications/STM32CubeIDE.app/Contents/Eclipse/plugins/com.st.stm32cube.ide.mcu.externaltools.gnu-tools-for-stm32.10.3-2021.10.macos64_1.0.200.202301161003/tools/bin/../lib/gcc/arm-none-eabi/10.3.1/thumb/v7e-m+dp/hard/libgcc.a(_udivmoddi4.o)
                0x00000000080055d8                __exidx_end = .
                0x00000000080055d8                . = ALIGN (0x4)

.rel.dyn        0x00000000080055d8        0x0
 .rel.iplt      0x00000000080055d8        0x0 /Applications/STM32CubeIDE.app/Contents/Eclipse/plugins/com.st.stm32cube.ide.mcu.externaltools.gnu-tools-for-stm32.10.3-2021.10.macos64_1.0.200.202301161003/tools/bin/../lib/gcc/arm-none-eabi/10.3.1/thumb/v7e-m+dp/hard/crtbegin.o

.preinit_array  0x00000000080055d8        0x0
                0x00000000080055d8                . = ALIGN (0x4)
                0x00000000080055d8                PROVIDE (__preinit_array_start = .)
 *(.preinit_array*)
                0x00000000080055d8                PROVIDE (__preinit_array_end = .)
                0x00000000080055d8                . = ALIGN (0x4)

.init_array     0x00000000080055d8        0x4
                0x00000000080055d8                . = ALIGN (0x4)
                0x00000000080055d8                PROVIDE (__init_array_start = .)
 *(SORT_BY_NAME(.init_array.*))
 *(.init_array*)
 .init_array    0x00000000080055d8        0x4 /Applications/STM32CubeIDE.app/Contents/Eclipse/plugins/com.st.stm32cube.ide.mcu.externaltools.gnu-tools-for-stm32.10.3-2021.10.macos64_1.0.200.202301161003/tools/bin/../lib/gcc/arm-none-eabi/10.3.1/thumb/v7e-m+dp/hard/crtbegin.o
                0x00000000080055dc                PROVIDE (__init_array_end = .)
                0x00000000080055dc                . = ALIGN (0x4)

.fini_array     0x00000000080055dc        0x4
                0x00000000080055dc                . = ALIGN (0x4)
                [!provide]                        PROVIDE (__fini_array_start = .)
 *(SORT_BY_NAME(.fini_array.*))
 *(.fini_array*)
 .fini_array    0x00000000080055dc        0x4 /Applications/STM32CubeIDE.app/Contents/Eclipse/plugins/com.st.stm32cube.ide.mcu.externaltools.gnu-tools-for-stm32.10.3-2021.10.macos64_1.0.200.202301161003/tools/bin/../lib/gcc/arm-none-eabi/10.3.1/thumb/v7e-m+dp/hard/crtbegin.o
                [!provide]                        PROVIDE (__fini_array_end = .)
                0x00000000080055e0                . = ALIGN (0x4)
                0x00000000080055e0                _sidata = LOADADDR (.data)

.data           0x0000000020000000       0x74 load address 0x00000000080055e0
                0x0000000020000000                . = ALIGN (0x4)
                0x0000000020000000                _sdata = .
 *(.data)
 .data          0x0000000020000000        0x4 ./Middlewares/Third_Party/FreeRTOS/Source/portable/GCC/ARM_CM7/r0p1/port.o
 .data          0x0000000020000004        0x4 ./stm32lib/CMSIS/Device/ST/STM32F7xx/Source/Templates/system_stm32f7xx.o
                0x0000000020000004                SystemCoreClock
 .data          0x0000000020000008        0x8 ./stm32lib/STM32F7xx_HAL_Driver/Src/stm32f7xx_hal.o
                0x0000000020000008                uwTickFreq
                0x000000002000000c                uwTickPrio
 *(.data*)
 .data._impure_ptr
                0x0000000020000010        0x4 /Applications/STM32CubeIDE.app/Contents/Eclipse/plugins/com.st.stm32cube.ide.mcu.externaltools.gnu-tools-for-stm32.10.3-2021.10.macos64_1.0.200.202301161003/tools/bin/../lib/gcc/arm-none-eabi/10.3.1/../../../../arm-none-eabi/lib/thumb/v7e-m+dp/hard/libc_nano.a(lib_a-impure.o)
                0x0000000020000010                _impure_ptr
 .data.impure_data
                0x0000000020000014       0x60 /Applications/STM32CubeIDE.app/Contents/Eclipse/plugins/com.st.stm32cube.ide.mcu.externaltools.gnu-tools-for-stm32.10.3-2021.10.macos64_1.0.200.202301161003/tools/bin/../lib/gcc/arm-none-eabi/10.3.1/../../../../arm-none-eabi/lib/thumb/v7e-m+dp/hard/libc_nano.a(lib_a-impure.o)
                0x0000000020000074                . = ALIGN (0x4)
                0x0000000020000074                _edata = .

.igot.plt       0x0000000020000074        0x0 load address 0x0000000008005654
 .igot.plt      0x0000000020000074        0x0 /Applications/STM32CubeIDE.app/Contents/Eclipse/plugins/com.st.stm32cube.ide.mcu.externaltools.gnu-tools-for-stm32.10.3-2021.10.macos64_1.0.200.202301161003/tools/bin/../lib/gcc/arm-none-eabi/10.3.1/thumb/v7e-m+dp/hard/crtbegin.o
                0x0000000020000074                . = ALIGN (0x4)

.bss            0x0000000020000078     0x4b0c load address 0x0000000008005654
                0x0000000020000078                _sbss = .
                0x0000000020000078                __bss_start__ = _sbss
 *(.bss)
 .bss           0x0000000020000078       0x1c /Applications/STM32CubeIDE.app/Contents/Eclipse/plugins/com.st.stm32cube.ide.mcu.externaltools.gnu-tools-for-stm32.10.3-2021.10.macos64_1.0.200.202301161003/tools/bin/../lib/gcc/arm-none-eabi/10.3.1/thumb/v7e-m+dp/hard/crtbegin.o
 .bss           0x0000000020000094      0x6bc ./Middlewares/Third_Party/FreeRTOS/Source/CMSIS_RTOS_V2/cmsis_os2.o
 .bss           0x0000000020000750       0x40 ./Middlewares/Third_Party/FreeRTOS/Source/queue.o
                0x0000000020000750                xQueueRegistry
 .bss           0x0000000020000790      0x500 ./Middlewares/Third_Party/FreeRTOS/Source/tasks.o
                0x0000000020000c64                pxCurrentTCB
 .bss           0x0000000020000c90      0x12c ./Middlewares/Third_Party/FreeRTOS/Source/timers.o
 .bss           0x0000000020000dbc        0x8 ./Middlewares/Third_Party/FreeRTOS/Source/portable/GCC/ARM_CM7/r0p1/port.o
 .bss           0x0000000020000dc4     0x3c18 ./Middlewares/Third_Party/FreeRTOS/Source/portable/MemMang/heap_4.o
 *fill*         0x00000000200049dc        0x4 
 .bss           0x00000000200049e0       0xb8 ./src/final_project.o
                0x00000000200049e0                hi2c1
                0x0000000020004a38                mpu6050
                0x0000000020004a90                GyroThreadHandle
                0x0000000020004a94                UART_ThreadHandle
 .bss           0x0000000020004a98       0x4c ./src/stm32f7xx_hal_timebase_tim.o
                0x0000000020004a98                htim7
 .bss           0x0000000020004ae4       0x88 ./src/uart.o
                0x0000000020004ae4                USB_UART
 .bss           0x0000000020004b6c        0x4 ./stm32lib/STM32F7xx_HAL_Driver/Src/stm32f7xx_hal.o
                0x0000000020004b6c                uwTick
 *(.bss*)
 .bss.__lock___malloc_recursive_mutex
                0x0000000020004b70        0x1 /Applications/STM32CubeIDE.app/Contents/Eclipse/plugins/com.st.stm32cube.ide.mcu.externaltools.gnu-tools-for-stm32.10.3-2021.10.macos64_1.0.200.202301161003/tools/bin/../lib/gcc/arm-none-eabi/10.3.1/../../../../arm-none-eabi/lib/thumb/v7e-m+dp/hard/libc_nano.a(lib_a-lock.o)
                0x0000000020004b70                __lock___malloc_recursive_mutex
 .bss.__lock___sfp_recursive_mutex
                0x0000000020004b71        0x1 /Applications/STM32CubeIDE.app/Contents/Eclipse/plugins/com.st.stm32cube.ide.mcu.externaltools.gnu-tools-for-stm32.10.3-2021.10.macos64_1.0.200.202301161003/tools/bin/../lib/gcc/arm-none-eabi/10.3.1/../../../../arm-none-eabi/lib/thumb/v7e-m+dp/hard/libc_nano.a(lib_a-lock.o)
                0x0000000020004b71                __lock___sfp_recursive_mutex
 .bss.__lock___sinit_recursive_mutex
                0x0000000020004b72        0x1 /Applications/STM32CubeIDE.app/Contents/Eclipse/plugins/com.st.stm32cube.ide.mcu.externaltools.gnu-tools-for-stm32.10.3-2021.10.macos64_1.0.200.202301161003/tools/bin/../lib/gcc/arm-none-eabi/10.3.1/../../../../arm-none-eabi/lib/thumb/v7e-m+dp/hard/libc_nano.a(lib_a-lock.o)
                0x0000000020004b72                __lock___sinit_recursive_mutex
 *fill*         0x0000000020004b73        0x1 
 .bss.__malloc_free_list
                0x0000000020004b74        0x4 /Applications/STM32CubeIDE.app/Contents/Eclipse/plugins/com.st.stm32cube.ide.mcu.externaltools.gnu-tools-for-stm32.10.3-2021.10.macos64_1.0.200.202301161003/tools/bin/../lib/gcc/arm-none-eabi/10.3.1/../../../../arm-none-eabi/lib/thumb/v7e-m+dp/hard/libc_nano.a(lib_a-nano-mallocr.o)
                0x0000000020004b74                __malloc_free_list
 .bss.__malloc_sbrk_start
                0x0000000020004b78        0x4 /Applications/STM32CubeIDE.app/Contents/Eclipse/plugins/com.st.stm32cube.ide.mcu.externaltools.gnu-tools-for-stm32.10.3-2021.10.macos64_1.0.200.202301161003/tools/bin/../lib/gcc/arm-none-eabi/10.3.1/../../../../arm-none-eabi/lib/thumb/v7e-m+dp/hard/libc_nano.a(lib_a-nano-mallocr.o)
                0x0000000020004b78                __malloc_sbrk_start
 .bss.errno     0x0000000020004b7c        0x4 /Applications/STM32CubeIDE.app/Contents/Eclipse/plugins/com.st.stm32cube.ide.mcu.externaltools.gnu-tools-for-stm32.10.3-2021.10.macos64_1.0.200.202301161003/tools/bin/../lib/gcc/arm-none-eabi/10.3.1/../../../../arm-none-eabi/lib/thumb/v7e-m+dp/hard/libc_nano.a(lib_a-reent.o)
                0x0000000020004b7c                errno
 .bss.heap_end.0
                0x0000000020004b80        0x4 /Applications/STM32CubeIDE.app/Contents/Eclipse/plugins/com.st.stm32cube.ide.mcu.externaltools.gnu-tools-for-stm32.10.3-2021.10.macos64_1.0.200.202301161003/tools/bin/../lib/gcc/arm-none-eabi/10.3.1/../../../../arm-none-eabi/lib/thumb/v7e-m+dp/hard/libnosys.a(sbrk.o)
 *(COMMON)
                0x0000000020004b84                . = ALIGN (0x4)
                0x0000000020004b84                _ebss = .
                0x0000000020004b84                __bss_end__ = _ebss

._user_heap_stack
                0x0000000020004b84      0x404 load address 0x0000000008005654
                0x0000000020004b88                . = ALIGN (0x8)
 *fill*         0x0000000020004b84        0x4 
                0x0000000020004b88                PROVIDE (end = .)
                [!provide]                        PROVIDE (_end = .)
                0x0000000020004b88                . = (. + _Min_Heap_Size)
                0x0000000020004f88                . = (. + _Min_Stack_Size)
 *fill*         0x0000000020004b88      0x400 
                0x0000000020004f88                . = ALIGN (0x8)

/DISCARD/
 libc.a(*)
 libm.a(*)
 libgcc.a(*)

.ARM.attributes
                0x0000000000000000       0x2e
 *(.ARM.attributes)
 .ARM.attributes
                0x0000000000000000       0x1e /Applications/STM32CubeIDE.app/Contents/Eclipse/plugins/com.st.stm32cube.ide.mcu.externaltools.gnu-tools-for-stm32.10.3-2021.10.macos64_1.0.200.202301161003/tools/bin/../lib/gcc/arm-none-eabi/10.3.1/thumb/v7e-m+dp/hard/crti.o
 .ARM.attributes
                0x000000000000001e       0x32 /Applications/STM32CubeIDE.app/Contents/Eclipse/plugins/com.st.stm32cube.ide.mcu.externaltools.gnu-tools-for-stm32.10.3-2021.10.macos64_1.0.200.202301161003/tools/bin/../lib/gcc/arm-none-eabi/10.3.1/thumb/v7e-m+dp/hard/crtbegin.o
 .ARM.attributes
                0x0000000000000050       0x32 ./Middlewares/Third_Party/FreeRTOS/Source/CMSIS_RTOS_V2/cmsis_os2.o
 .ARM.attributes
                0x0000000000000082       0x32 ./Middlewares/Third_Party/FreeRTOS/Source/list.o
 .ARM.attributes
                0x00000000000000b4       0x32 ./Middlewares/Third_Party/FreeRTOS/Source/queue.o
 .ARM.attributes
                0x00000000000000e6       0x32 ./Middlewares/Third_Party/FreeRTOS/Source/tasks.o
 .ARM.attributes
                0x0000000000000118       0x32 ./Middlewares/Third_Party/FreeRTOS/Source/timers.o
 .ARM.attributes
                0x000000000000014a       0x32 ./Middlewares/Third_Party/FreeRTOS/Source/portable/GCC/ARM_CM7/r0p1/port.o
 .ARM.attributes
                0x000000000000017c       0x32 ./Middlewares/Third_Party/FreeRTOS/Source/portable/MemMang/heap_4.o
 .ARM.attributes
                0x00000000000001ae       0x32 ./src/final_project.o
 .ARM.attributes
                0x00000000000001e0       0x32 ./src/init.o
 .ARM.attributes
                0x0000000000000212       0x32 ./src/mpu6050.o
 .ARM.attributes
                0x0000000000000244       0x32 ./src/stm32f7xx_hal_timebase_tim.o
 .ARM.attributes
                0x0000000000000276       0x32 ./src/uart.o
 .ARM.attributes
                0x00000000000002a8       0x21 ./startup/startup_stm32f769nihx.o
 .ARM.attributes
                0x00000000000002c9       0x32 ./stm32lib/CMSIS/Device/ST/STM32F7xx/Source/Templates/system_stm32f7xx.o
 .ARM.attributes
                0x00000000000002fb       0x32 ./stm32lib/STM32F7xx_HAL_Driver/Src/stm32f7xx_hal.o
 .ARM.attributes
                0x000000000000032d       0x32 ./stm32lib/STM32F7xx_HAL_Driver/Src/stm32f7xx_hal_cortex.o
 .ARM.attributes
                0x000000000000035f       0x32 ./stm32lib/STM32F7xx_HAL_Driver/Src/stm32f7xx_hal_dma.o
 .ARM.attributes
                0x0000000000000391       0x32 ./stm32lib/STM32F7xx_HAL_Driver/Src/stm32f7xx_hal_gpio.o
 .ARM.attributes
                0x00000000000003c3       0x32 ./stm32lib/STM32F7xx_HAL_Driver/Src/stm32f7xx_hal_i2c.o
 .ARM.attributes
                0x00000000000003f5       0x32 ./stm32lib/STM32F7xx_HAL_Driver/Src/stm32f7xx_hal_pwr_ex.o
 .ARM.attributes
                0x0000000000000427       0x32 ./stm32lib/STM32F7xx_HAL_Driver/Src/stm32f7xx_hal_rcc.o
 .ARM.attributes
                0x0000000000000459       0x32 ./stm32lib/STM32F7xx_HAL_Driver/Src/stm32f7xx_hal_tim.o
 .ARM.attributes
                0x000000000000048b       0x32 ./stm32lib/STM32F7xx_HAL_Driver/Src/stm32f7xx_hal_tim_ex.o
 .ARM.attributes
                0x00000000000004bd       0x32 ./stm32lib/STM32F7xx_HAL_Driver/Src/stm32f7xx_hal_uart.o
 .ARM.attributes
                0x00000000000004ef       0x32 /Applications/STM32CubeIDE.app/Contents/Eclipse/plugins/com.st.stm32cube.ide.mcu.externaltools.gnu-tools-for-stm32.10.3-2021.10.macos64_1.0.200.202301161003/tools/bin/../lib/gcc/arm-none-eabi/10.3.1/../../../../arm-none-eabi/lib/thumb/v7e-m+dp/hard/libc_nano.a(lib_a-impure.o)
 .ARM.attributes
                0x0000000000000521       0x32 /Applications/STM32CubeIDE.app/Contents/Eclipse/plugins/com.st.stm32cube.ide.mcu.externaltools.gnu-tools-for-stm32.10.3-2021.10.macos64_1.0.200.202301161003/tools/bin/../lib/gcc/arm-none-eabi/10.3.1/../../../../arm-none-eabi/lib/thumb/v7e-m+dp/hard/libc_nano.a(lib_a-init.o)
 .ARM.attributes
                0x0000000000000553       0x32 /Applications/STM32CubeIDE.app/Contents/Eclipse/plugins/com.st.stm32cube.ide.mcu.externaltools.gnu-tools-for-stm32.10.3-2021.10.macos64_1.0.200.202301161003/tools/bin/../lib/gcc/arm-none-eabi/10.3.1/../../../../arm-none-eabi/lib/thumb/v7e-m+dp/hard/libc_nano.a(lib_a-memcpy-stub.o)
 .ARM.attributes
                0x0000000000000585       0x32 /Applications/STM32CubeIDE.app/Contents/Eclipse/plugins/com.st.stm32cube.ide.mcu.externaltools.gnu-tools-for-stm32.10.3-2021.10.macos64_1.0.200.202301161003/tools/bin/../lib/gcc/arm-none-eabi/10.3.1/../../../../arm-none-eabi/lib/thumb/v7e-m+dp/hard/libc_nano.a(lib_a-memset.o)
 .ARM.attributes
                0x00000000000005b7       0x32 /Applications/STM32CubeIDE.app/Contents/Eclipse/plugins/com.st.stm32cube.ide.mcu.externaltools.gnu-tools-for-stm32.10.3-2021.10.macos64_1.0.200.202301161003/tools/bin/../lib/gcc/arm-none-eabi/10.3.1/../../../../arm-none-eabi/lib/thumb/v7e-m+dp/hard/libc_nano.a(lib_a-setbuf.o)
 .ARM.attributes
                0x00000000000005e9       0x32 /Applications/STM32CubeIDE.app/Contents/Eclipse/plugins/com.st.stm32cube.ide.mcu.externaltools.gnu-tools-for-stm32.10.3-2021.10.macos64_1.0.200.202301161003/tools/bin/../lib/gcc/arm-none-eabi/10.3.1/../../../../arm-none-eabi/lib/thumb/v7e-m+dp/hard/libc_nano.a(lib_a-setvbuf.o)
 .ARM.attributes
                0x000000000000061b       0x32 /Applications/STM32CubeIDE.app/Contents/Eclipse/plugins/com.st.stm32cube.ide.mcu.externaltools.gnu-tools-for-stm32.10.3-2021.10.macos64_1.0.200.202301161003/tools/bin/../lib/gcc/arm-none-eabi/10.3.1/../../../../arm-none-eabi/lib/thumb/v7e-m+dp/hard/libc_nano.a(lib_a-fflush.o)
 .ARM.attributes
                0x000000000000064d       0x32 /Applications/STM32CubeIDE.app/Contents/Eclipse/plugins/com.st.stm32cube.ide.mcu.externaltools.gnu-tools-for-stm32.10.3-2021.10.macos64_1.0.200.202301161003/tools/bin/../lib/gcc/arm-none-eabi/10.3.1/../../../../arm-none-eabi/lib/thumb/v7e-m+dp/hard/libc_nano.a(lib_a-findfp.o)
 .ARM.attributes
                0x000000000000067f       0x32 /Applications/STM32CubeIDE.app/Contents/Eclipse/plugins/com.st.stm32cube.ide.mcu.externaltools.gnu-tools-for-stm32.10.3-2021.10.macos64_1.0.200.202301161003/tools/bin/../lib/gcc/arm-none-eabi/10.3.1/../../../../arm-none-eabi/lib/thumb/v7e-m+dp/hard/libc_nano.a(lib_a-fwalk.o)
 .ARM.attributes
                0x00000000000006b1       0x32 /Applications/STM32CubeIDE.app/Contents/Eclipse/plugins/com.st.stm32cube.ide.mcu.externaltools.gnu-tools-for-stm32.10.3-2021.10.macos64_1.0.200.202301161003/tools/bin/../lib/gcc/arm-none-eabi/10.3.1/../../../../arm-none-eabi/lib/thumb/v7e-m+dp/hard/libc_nano.a(lib_a-lock.o)
 .ARM.attributes
                0x00000000000006e3       0x32 /Applications/STM32CubeIDE.app/Contents/Eclipse/plugins/com.st.stm32cube.ide.mcu.externaltools.gnu-tools-for-stm32.10.3-2021.10.macos64_1.0.200.202301161003/tools/bin/../lib/gcc/arm-none-eabi/10.3.1/../../../../arm-none-eabi/lib/thumb/v7e-m+dp/hard/libc_nano.a(lib_a-makebuf.o)
 .ARM.attributes
                0x0000000000000715       0x32 /Applications/STM32CubeIDE.app/Contents/Eclipse/plugins/com.st.stm32cube.ide.mcu.externaltools.gnu-tools-for-stm32.10.3-2021.10.macos64_1.0.200.202301161003/tools/bin/../lib/gcc/arm-none-eabi/10.3.1/../../../../arm-none-eabi/lib/thumb/v7e-m+dp/hard/libc_nano.a(lib_a-malloc.o)
 .ARM.attributes
                0x0000000000000747       0x32 /Applications/STM32CubeIDE.app/Contents/Eclipse/plugins/com.st.stm32cube.ide.mcu.externaltools.gnu-tools-for-stm32.10.3-2021.10.macos64_1.0.200.202301161003/tools/bin/../lib/gcc/arm-none-eabi/10.3.1/../../../../arm-none-eabi/lib/thumb/v7e-m+dp/hard/libc_nano.a(lib_a-nano-freer.o)
 .ARM.attributes
                0x0000000000000779       0x32 /Applications/STM32CubeIDE.app/Contents/Eclipse/plugins/com.st.stm32cube.ide.mcu.externaltools.gnu-tools-for-stm32.10.3-2021.10.macos64_1.0.200.202301161003/tools/bin/../lib/gcc/arm-none-eabi/10.3.1/../../../../arm-none-eabi/lib/thumb/v7e-m+dp/hard/libc_nano.a(lib_a-nano-mallocr.o)
 .ARM.attributes
                0x00000000000007ab       0x32 /Applications/STM32CubeIDE.app/Contents/Eclipse/plugins/com.st.stm32cube.ide.mcu.externaltools.gnu-tools-for-stm32.10.3-2021.10.macos64_1.0.200.202301161003/tools/bin/../lib/gcc/arm-none-eabi/10.3.1/../../../../arm-none-eabi/lib/thumb/v7e-m+dp/hard/libc_nano.a(lib_a-sbrkr.o)
 .ARM.attributes
                0x00000000000007dd       0x32 /Applications/STM32CubeIDE.app/Contents/Eclipse/plugins/com.st.stm32cube.ide.mcu.externaltools.gnu-tools-for-stm32.10.3-2021.10.macos64_1.0.200.202301161003/tools/bin/../lib/gcc/arm-none-eabi/10.3.1/../../../../arm-none-eabi/lib/thumb/v7e-m+dp/hard/libc_nano.a(lib_a-stdio.o)
 .ARM.attributes
                0x000000000000080f       0x32 /Applications/STM32CubeIDE.app/Contents/Eclipse/plugins/com.st.stm32cube.ide.mcu.externaltools.gnu-tools-for-stm32.10.3-2021.10.macos64_1.0.200.202301161003/tools/bin/../lib/gcc/arm-none-eabi/10.3.1/../../../../arm-none-eabi/lib/thumb/v7e-m+dp/hard/libc_nano.a(lib_a-writer.o)
 .ARM.attributes
                0x0000000000000841       0x32 /Applications/STM32CubeIDE.app/Contents/Eclipse/plugins/com.st.stm32cube.ide.mcu.externaltools.gnu-tools-for-stm32.10.3-2021.10.macos64_1.0.200.202301161003/tools/bin/../lib/gcc/arm-none-eabi/10.3.1/../../../../arm-none-eabi/lib/thumb/v7e-m+dp/hard/libc_nano.a(lib_a-closer.o)
 .ARM.attributes
                0x0000000000000873       0x32 /Applications/STM32CubeIDE.app/Contents/Eclipse/plugins/com.st.stm32cube.ide.mcu.externaltools.gnu-tools-for-stm32.10.3-2021.10.macos64_1.0.200.202301161003/tools/bin/../lib/gcc/arm-none-eabi/10.3.1/../../../../arm-none-eabi/lib/thumb/v7e-m+dp/hard/libc_nano.a(lib_a-fstatr.o)
 .ARM.attributes
                0x00000000000008a5       0x32 /Applications/STM32CubeIDE.app/Contents/Eclipse/plugins/com.st.stm32cube.ide.mcu.externaltools.gnu-tools-for-stm32.10.3-2021.10.macos64_1.0.200.202301161003/tools/bin/../lib/gcc/arm-none-eabi/10.3.1/../../../../arm-none-eabi/lib/thumb/v7e-m+dp/hard/libc_nano.a(lib_a-lseekr.o)
 .ARM.attributes
                0x00000000000008d7       0x32 /Applications/STM32CubeIDE.app/Contents/Eclipse/plugins/com.st.stm32cube.ide.mcu.externaltools.gnu-tools-for-stm32.10.3-2021.10.macos64_1.0.200.202301161003/tools/bin/../lib/gcc/arm-none-eabi/10.3.1/../../../../arm-none-eabi/lib/thumb/v7e-m+dp/hard/libc_nano.a(lib_a-mlock.o)
 .ARM.attributes
                0x0000000000000909       0x32 /Applications/STM32CubeIDE.app/Contents/Eclipse/plugins/com.st.stm32cube.ide.mcu.externaltools.gnu-tools-for-stm32.10.3-2021.10.macos64_1.0.200.202301161003/tools/bin/../lib/gcc/arm-none-eabi/10.3.1/../../../../arm-none-eabi/lib/thumb/v7e-m+dp/hard/libc_nano.a(lib_a-readr.o)
 .ARM.attributes
                0x000000000000093b       0x32 /Applications/STM32CubeIDE.app/Contents/Eclipse/plugins/com.st.stm32cube.ide.mcu.externaltools.gnu-tools-for-stm32.10.3-2021.10.macos64_1.0.200.202301161003/tools/bin/../lib/gcc/arm-none-eabi/10.3.1/../../../../arm-none-eabi/lib/thumb/v7e-m+dp/hard/libc_nano.a(lib_a-reent.o)
 .ARM.attributes
                0x000000000000096d       0x1e /Applications/STM32CubeIDE.app/Contents/Eclipse/plugins/com.st.stm32cube.ide.mcu.externaltools.gnu-tools-for-stm32.10.3-2021.10.macos64_1.0.200.202301161003/tools/bin/../lib/gcc/arm-none-eabi/10.3.1/thumb/v7e-m+dp/hard/libgcc.a(_aeabi_uldivmod.o)
 .ARM.attributes
                0x000000000000098b       0x32 /Applications/STM32CubeIDE.app/Contents/Eclipse/plugins/com.st.stm32cube.ide.mcu.externaltools.gnu-tools-for-stm32.10.3-2021.10.macos64_1.0.200.202301161003/tools/bin/../lib/gcc/arm-none-eabi/10.3.1/thumb/v7e-m+dp/hard/libgcc.a(_udivmoddi4.o)
 .ARM.attributes
                0x00000000000009bd       0x1e /Applications/STM32CubeIDE.app/Contents/Eclipse/plugins/com.st.stm32cube.ide.mcu.externaltools.gnu-tools-for-stm32.10.3-2021.10.macos64_1.0.200.202301161003/tools/bin/../lib/gcc/arm-none-eabi/10.3.1/thumb/v7e-m+dp/hard/libgcc.a(_dvmd_tls.o)
 .ARM.attributes
                0x00000000000009db       0x32 /Applications/STM32CubeIDE.app/Contents/Eclipse/plugins/com.st.stm32cube.ide.mcu.externaltools.gnu-tools-for-stm32.10.3-2021.10.macos64_1.0.200.202301161003/tools/bin/../lib/gcc/arm-none-eabi/10.3.1/../../../../arm-none-eabi/lib/thumb/v7e-m+dp/hard/libnosys.a(close.o)
 .ARM.attributes
                0x0000000000000a0d       0x32 /Applications/STM32CubeIDE.app/Contents/Eclipse/plugins/com.st.stm32cube.ide.mcu.externaltools.gnu-tools-for-stm32.10.3-2021.10.macos64_1.0.200.202301161003/tools/bin/../lib/gcc/arm-none-eabi/10.3.1/../../../../arm-none-eabi/lib/thumb/v7e-m+dp/hard/libnosys.a(sbrk.o)
 .ARM.attributes
                0x0000000000000a3f       0x1e /Applications/STM32CubeIDE.app/Contents/Eclipse/plugins/com.st.stm32cube.ide.mcu.externaltools.gnu-tools-for-stm32.10.3-2021.10.macos64_1.0.200.202301161003/tools/bin/../lib/gcc/arm-none-eabi/10.3.1/thumb/v7e-m+dp/hard/crtn.o
OUTPUT(Lab06-RTOS_Template.elf elf32-littlearm)
LOAD linker stubs
LOAD /Applications/STM32CubeIDE.app/Contents/Eclipse/plugins/com.st.stm32cube.ide.mcu.externaltools.gnu-tools-for-stm32.10.3-2021.10.macos64_1.0.200.202301161003/tools/bin/../lib/gcc/arm-none-eabi/10.3.1/../../../../arm-none-eabi/lib/thumb/v7e-m+dp/hard/libc.a
LOAD /Applications/STM32CubeIDE.app/Contents/Eclipse/plugins/com.st.stm32cube.ide.mcu.externaltools.gnu-tools-for-stm32.10.3-2021.10.macos64_1.0.200.202301161003/tools/bin/../lib/gcc/arm-none-eabi/10.3.1/../../../../arm-none-eabi/lib/thumb/v7e-m+dp/hard/libm.a
LOAD /Applications/STM32CubeIDE.app/Contents/Eclipse/plugins/com.st.stm32cube.ide.mcu.externaltools.gnu-tools-for-stm32.10.3-2021.10.macos64_1.0.200.202301161003/tools/bin/../lib/gcc/arm-none-eabi/10.3.1/thumb/v7e-m+dp/hard/libgcc.a

.debug_info     0x0000000000000000    0x271bd
 .debug_info    0x0000000000000000     0x4fb9 ./Middlewares/Third_Party/FreeRTOS/Source/CMSIS_RTOS_V2/cmsis_os2.o
 .debug_info    0x0000000000004fb9      0x2e4 ./Middlewares/Third_Party/FreeRTOS/Source/list.o
 .debug_info    0x000000000000529d     0x28be ./Middlewares/Third_Party/FreeRTOS/Source/queue.o
 .debug_info    0x0000000000007b5b     0x3107 ./Middlewares/Third_Party/FreeRTOS/Source/tasks.o
 .debug_info    0x000000000000ac62     0x1b4b ./Middlewares/Third_Party/FreeRTOS/Source/timers.o
 .debug_info    0x000000000000c7ad      0x543 ./Middlewares/Third_Party/FreeRTOS/Source/portable/GCC/ARM_CM7/r0p1/port.o
 .debug_info    0x000000000000ccf0      0x479 ./Middlewares/Third_Party/FreeRTOS/Source/portable/MemMang/heap_4.o
 .debug_info    0x000000000000d169     0x1320 ./src/final_project.o
 .debug_info    0x000000000000e489     0x1beb ./src/init.o
 .debug_info    0x0000000000010074      0xe9a ./src/mpu6050.o
 .debug_info    0x0000000000010f0e      0xe2b ./src/stm32f7xx_hal_timebase_tim.o
 .debug_info    0x0000000000011d39     0x12d3 ./src/uart.o
 .debug_info    0x000000000001300c       0x22 ./startup/startup_stm32f769nihx.o
 .debug_info    0x000000000001302e      0x745 ./stm32lib/CMSIS/Device/ST/STM32F7xx/Source/Templates/system_stm32f7xx.o
 .debug_info    0x0000000000013773      0xba0 ./stm32lib/STM32F7xx_HAL_Driver/Src/stm32f7xx_hal.o
 .debug_info    0x0000000000014313     0x1323 ./stm32lib/STM32F7xx_HAL_Driver/Src/stm32f7xx_hal_cortex.o
 .debug_info    0x0000000000015636      0xb3f ./stm32lib/STM32F7xx_HAL_Driver/Src/stm32f7xx_hal_dma.o
 .debug_info    0x0000000000016175      0x7ec ./stm32lib/STM32F7xx_HAL_Driver/Src/stm32f7xx_hal_gpio.o
 .debug_info    0x0000000000016961     0x429c ./stm32lib/STM32F7xx_HAL_Driver/Src/stm32f7xx_hal_i2c.o
 .debug_info    0x000000000001abfd      0xa24 ./stm32lib/STM32F7xx_HAL_Driver/Src/stm32f7xx_hal_pwr_ex.o
 .debug_info    0x000000000001b621      0xc48 ./stm32lib/STM32F7xx_HAL_Driver/Src/stm32f7xx_hal_rcc.o
 .debug_info    0x000000000001c269     0x3f97 ./stm32lib/STM32F7xx_HAL_Driver/Src/stm32f7xx_hal_tim.o
 .debug_info    0x0000000000020200     0x1e10 ./stm32lib/STM32F7xx_HAL_Driver/Src/stm32f7xx_hal_tim_ex.o
 .debug_info    0x0000000000022010     0x51ad ./stm32lib/STM32F7xx_HAL_Driver/Src/stm32f7xx_hal_uart.o

.debug_abbrev   0x0000000000000000     0x3ded
 .debug_abbrev  0x0000000000000000      0x4ba ./Middlewares/Third_Party/FreeRTOS/Source/CMSIS_RTOS_V2/cmsis_os2.o
 .debug_abbrev  0x00000000000004ba      0x109 ./Middlewares/Third_Party/FreeRTOS/Source/list.o
 .debug_abbrev  0x00000000000005c3      0x3e0 ./Middlewares/Third_Party/FreeRTOS/Source/queue.o
 .debug_abbrev  0x00000000000009a3      0x39f ./Middlewares/Third_Party/FreeRTOS/Source/tasks.o
 .debug_abbrev  0x0000000000000d42      0x37f ./Middlewares/Third_Party/FreeRTOS/Source/timers.o
 .debug_abbrev  0x00000000000010c1      0x2bf ./Middlewares/Third_Party/FreeRTOS/Source/portable/GCC/ARM_CM7/r0p1/port.o
 .debug_abbrev  0x0000000000001380      0x24e ./Middlewares/Third_Party/FreeRTOS/Source/portable/MemMang/heap_4.o
 .debug_abbrev  0x00000000000015ce      0x2e9 ./src/final_project.o
 .debug_abbrev  0x00000000000018b7      0x2f2 ./src/init.o
 .debug_abbrev  0x0000000000001ba9      0x283 ./src/mpu6050.o
 .debug_abbrev  0x0000000000001e2c      0x237 ./src/stm32f7xx_hal_timebase_tim.o
 .debug_abbrev  0x0000000000002063      0x29b ./src/uart.o
 .debug_abbrev  0x00000000000022fe       0x12 ./startup/startup_stm32f769nihx.o
 .debug_abbrev  0x0000000000002310      0x13c ./stm32lib/CMSIS/Device/ST/STM32F7xx/Source/Templates/system_stm32f7xx.o
 .debug_abbrev  0x000000000000244c      0x245 ./stm32lib/STM32F7xx_HAL_Driver/Src/stm32f7xx_hal.o
 .debug_abbrev  0x0000000000002691      0x36d ./stm32lib/STM32F7xx_HAL_Driver/Src/stm32f7xx_hal_cortex.o
 .debug_abbrev  0x00000000000029fe      0x2c5 ./stm32lib/STM32F7xx_HAL_Driver/Src/stm32f7xx_hal_dma.o
 .debug_abbrev  0x0000000000002cc3      0x1f2 ./stm32lib/STM32F7xx_HAL_Driver/Src/stm32f7xx_hal_gpio.o
 .debug_abbrev  0x0000000000002eb5      0x28a ./stm32lib/STM32F7xx_HAL_Driver/Src/stm32f7xx_hal_i2c.o
 .debug_abbrev  0x000000000000313f      0x1e7 ./stm32lib/STM32F7xx_HAL_Driver/Src/stm32f7xx_hal_pwr_ex.o
 .debug_abbrev  0x0000000000003326      0x2ea ./stm32lib/STM32F7xx_HAL_Driver/Src/stm32f7xx_hal_rcc.o
 .debug_abbrev  0x0000000000003610      0x26a ./stm32lib/STM32F7xx_HAL_Driver/Src/stm32f7xx_hal_tim.o
 .debug_abbrev  0x000000000000387a      0x264 ./stm32lib/STM32F7xx_HAL_Driver/Src/stm32f7xx_hal_tim_ex.o
 .debug_abbrev  0x0000000000003ade      0x30f ./stm32lib/STM32F7xx_HAL_Driver/Src/stm32f7xx_hal_uart.o

.debug_loc      0x0000000000000000    0x1e240
 .debug_loc     0x0000000000000000     0x5164 ./Middlewares/Third_Party/FreeRTOS/Source/CMSIS_RTOS_V2/cmsis_os2.o
 .debug_loc     0x0000000000005164       0xad ./Middlewares/Third_Party/FreeRTOS/Source/list.o
 .debug_loc     0x0000000000005211     0x1ac9 ./Middlewares/Third_Party/FreeRTOS/Source/queue.o
 .debug_loc     0x0000000000006cda     0x252a ./Middlewares/Third_Party/FreeRTOS/Source/tasks.o
 .debug_loc     0x0000000000009204     0x107d ./Middlewares/Third_Party/FreeRTOS/Source/timers.o