C:/STM/workspace/stm32lib/STM32F7xx_HAL_Driver/Src/stm32f7xx_hal_uart.c:3138:13:UART_EndTxTransfer	0	static,ignoring_inline_asm
C:/STM/workspace/stm32lib/STM32F7xx_HAL_Driver/Src/stm32f7xx_hal_uart.c:3151:13:UART_EndRxTransfer	0	static,ignoring_inline_asm
C:/STM/workspace/stm32lib/STM32F7xx_HAL_Driver/Src/stm32f7xx_hal_uart.c:3525:13:UART_TxISR_8BIT	0	static,ignoring_inline_asm
C:/STM/workspace/stm32lib/STM32F7xx_HAL_Driver/Src/stm32f7xx_hal_uart.c:3550:13:UART_TxISR_16BIT	0	static,ignoring_inline_asm
C:/STM/workspace/stm32lib/STM32F7xx_HAL_Driver/Src/stm32f7xx_hal_uart.c:627:13:HAL_UART_MspInit	0	static
C:/STM/workspace/stm32lib/STM32F7xx_HAL_Driver/Src/stm32f7xx_hal_uart.c:641:13:HAL_UART_MspDeInit	0	static
C:/STM/workspace/stm32lib/STM32F7xx_HAL_Driver/Src/stm32f7xx_hal_uart.c:582:19:HAL_UART_DeInit	16	static
C:/STM/workspace/stm32lib/STM32F7xx_HAL_Driver/Src/stm32f7xx_hal_uart.c:1210:19:HAL_UART_Transmit_IT	0	static,ignoring_inline_asm
C:/STM/workspace/stm32lib/STM32F7xx_HAL_Driver/Src/stm32f7xx_hal_uart.c:1286:19:HAL_UART_Transmit_DMA	8	static,ignoring_inline_asm
C:/STM/workspace/stm32lib/STM32F7xx_HAL_Driver/Src/stm32f7xx_hal_uart.c:1379:19:HAL_UART_DMAPause	4	static,ignoring_inline_asm
C:/STM/workspace/stm32lib/STM32F7xx_HAL_Driver/Src/stm32f7xx_hal_uart.c:1406:19:HAL_UART_DMAResume	0	static,ignoring_inline_asm
C:/STM/workspace/stm32lib/STM32F7xx_HAL_Driver/Src/stm32f7xx_hal_uart.c:1433:19:HAL_UART_DMAStop	16	static,ignoring_inline_asm
C:/STM/workspace/stm32lib/STM32F7xx_HAL_Driver/Src/stm32f7xx_hal_uart.c:1499:19:HAL_UART_Abort	8	static,ignoring_inline_asm
C:/STM/workspace/stm32lib/STM32F7xx_HAL_Driver/Src/stm32f7xx_hal_uart.c:1587:19:HAL_UART_AbortTransmit	8	static,ignoring_inline_asm
C:/STM/workspace/stm32lib/STM32F7xx_HAL_Driver/Src/stm32f7xx_hal_uart.c:1634:19:HAL_UART_AbortReceive	8	static,ignoring_inline_asm
C:/STM/workspace/stm32lib/STM32F7xx_HAL_Driver/Src/stm32f7xx_hal_uart.c:2271:13:HAL_UART_TxCpltCallback	0	static
C:/STM/workspace/stm32lib/STM32F7xx_HAL_Driver/Src/stm32f7xx_hal_uart.c:3174:13:UART_DMATransmitCplt	8	static,ignoring_inline_asm
C:/STM/workspace/stm32lib/STM32F7xx_HAL_Driver/Src/stm32f7xx_hal_uart.c:3576:13:UART_EndTransmit_IT	8	static,ignoring_inline_asm
C:/STM/workspace/stm32lib/STM32F7xx_HAL_Driver/Src/stm32f7xx_hal_uart.c:2285:13:HAL_UART_TxHalfCpltCallback	0	static
C:/STM/workspace/stm32lib/STM32F7xx_HAL_Driver/Src/stm32f7xx_hal_uart.c:3205:13:UART_DMATxHalfCplt	8	static
C:/STM/workspace/stm32lib/STM32F7xx_HAL_Driver/Src/stm32f7xx_hal_uart.c:2299:13:HAL_UART_RxCpltCallback	0	static
C:/STM/workspace/stm32lib/STM32F7xx_HAL_Driver/Src/stm32f7xx_hal_uart.c:2313:13:HAL_UART_RxHalfCpltCallback	0	static
C:/STM/workspace/stm32lib/STM32F7xx_HAL_Driver/Src/stm32f7xx_hal_uart.c:2327:13:HAL_UART_ErrorCallback	0	static
C:/STM/workspace/stm32lib/STM32F7xx_HAL_Driver/Src/stm32f7xx_hal_uart.c:3311:13:UART_DMAError	16	static
C:/STM/workspace/stm32lib/STM32F7xx_HAL_Driver/Src/stm32f7xx_hal_uart.c:3348:13:UART_DMAAbortOnError	8	static
C:/STM/workspace/stm32lib/STM32F7xx_HAL_Driver/Src/stm32f7xx_hal_uart.c:2341:13:HAL_UART_AbortCpltCallback	0	static
C:/STM/workspace/stm32lib/STM32F7xx_HAL_Driver/Src/stm32f7xx_hal_uart.c:1697:19:HAL_UART_Abort_IT	16	static,ignoring_inline_asm
C:/STM/workspace/stm32lib/STM32F7xx_HAL_Driver/Src/stm32f7xx_hal_uart.c:3416:13:UART_DMARxAbortCallback	8	static
C:/STM/workspace/stm32lib/STM32F7xx_HAL_Driver/Src/stm32f7xx_hal_uart.c:3370:13:UART_DMATxAbortCallback	8	static
C:/STM/workspace/stm32lib/STM32F7xx_HAL_Driver/Src/stm32f7xx_hal_uart.c:2355:13:HAL_UART_AbortTransmitCpltCallback	0	static
C:/STM/workspace/stm32lib/STM32F7xx_HAL_Driver/Src/stm32f7xx_hal_uart.c:1824:19:HAL_UART_AbortTransmit_IT	8	static,ignoring_inline_asm
C:/STM/workspace/stm32lib/STM32F7xx_HAL_Driver/Src/stm32f7xx_hal_uart.c:3465:13:UART_DMATxOnlyAbortCallback	8	static
C:/STM/workspace/stm32lib/STM32F7xx_HAL_Driver/Src/stm32f7xx_hal_uart.c:2369:13:HAL_UART_AbortReceiveCpltCallback	0	static
C:/STM/workspace/stm32lib/STM32F7xx_HAL_Driver/Src/stm32f7xx_hal_uart.c:1900:19:HAL_UART_AbortReceive_IT	8	static,ignoring_inline_asm
C:/STM/workspace/stm32lib/STM32F7xx_HAL_Driver/Src/stm32f7xx_hal_uart.c:3491:13:UART_DMARxOnlyAbortCallback	8	static
C:/STM/workspace/stm32lib/STM32F7xx_HAL_Driver/Src/stm32f7xx_hal_uart.c:2385:13:HAL_UARTEx_RxEventCallback	0	static
C:/STM/workspace/stm32lib/STM32F7xx_HAL_Driver/Src/stm32f7xx_hal_uart.c:3600:13:UART_RxISR_8BIT	8	static,ignoring_inline_asm
C:/STM/workspace/stm32lib/STM32F7xx_HAL_Driver/Src/stm32f7xx_hal_uart.c:3673:13:UART_RxISR_16BIT	8	static,ignoring_inline_asm
C:/STM/workspace/stm32lib/STM32F7xx_HAL_Driver/Src/stm32f7xx_hal_uart.c:3277:13:UART_DMARxHalfCplt	8	static
C:/STM/workspace/stm32lib/STM32F7xx_HAL_Driver/Src/stm32f7xx_hal_uart.c:3222:13:UART_DMAReceiveCplt	8	static,ignoring_inline_asm
C:/STM/workspace/stm32lib/STM32F7xx_HAL_Driver/Src/stm32f7xx_hal_uart.c:2401:13:HAL_UARTEx_WakeupCallback	0	static
C:/STM/workspace/stm32lib/STM32F7xx_HAL_Driver/Src/stm32f7xx_hal_uart.c:1986:6:HAL_UART_IRQHandler	16	static,ignoring_inline_asm
C:/STM/workspace/stm32lib/STM32F7xx_HAL_Driver/Src/stm32f7xx_hal_uart.c:2448:6:HAL_UART_ReceiverTimeout_Config	0	static
C:/STM/workspace/stm32lib/STM32F7xx_HAL_Driver/Src/stm32f7xx_hal_uart.c:2460:19:HAL_UART_EnableReceiverTimeout	0	static
C:/STM/workspace/stm32lib/STM32F7xx_HAL_Driver/Src/stm32f7xx_hal_uart.c:2487:19:HAL_UART_DisableReceiverTimeout	0	static
C:/STM/workspace/stm32lib/STM32F7xx_HAL_Driver/Src/stm32f7xx_hal_uart.c:2552:6:HAL_MultiProcessor_EnterMuteMode	0	static
C:/STM/workspace/stm32lib/STM32F7xx_HAL_Driver/Src/stm32f7xx_hal_uart.c:2561:19:HAL_HalfDuplex_EnableTransmitter	0	static,ignoring_inline_asm
C:/STM/workspace/stm32lib/STM32F7xx_HAL_Driver/Src/stm32f7xx_hal_uart.c:2583:19:HAL_HalfDuplex_EnableReceiver	0	static,ignoring_inline_asm
C:/STM/workspace/stm32lib/STM32F7xx_HAL_Driver/Src/stm32f7xx_hal_uart.c:2605:19:HAL_LIN_SendBreak	0	static
C:/STM/workspace/stm32lib/STM32F7xx_HAL_Driver/Src/stm32f7xx_hal_uart.c:2649:23:HAL_UART_GetState	0	static
C:/STM/workspace/stm32lib/STM32F7xx_HAL_Driver/Src/stm32f7xx_hal_uart.c:2664:10:HAL_UART_GetError	0	static
C:/STM/workspace/stm32lib/STM32F7xx_HAL_Driver/Src/stm32f7xx_hal_uart.c:2711:19:UART_SetConfig	8	static
C:/STM/workspace/stm32lib/STM32F7xx_HAL_Driver/Src/stm32f7xx_hal_uart.c:2842:6:UART_AdvFeatureConfig	0	static
C:/STM/workspace/stm32lib/STM32F7xx_HAL_Driver/Src/stm32f7xx_hal_uart.c:2982:19:UART_WaitOnFlagUntilTimeout	32	static,ignoring_inline_asm
C:/STM/workspace/stm32lib/STM32F7xx_HAL_Driver/Src/stm32f7xx_hal_uart.c:1066:19:HAL_UART_Transmit	32	static
C:/STM/workspace/stm32lib/STM32F7xx_HAL_Driver/Src/stm32f7xx_hal_uart.c:1137:19:HAL_UART_Receive	40	static
C:/STM/workspace/stm32lib/STM32F7xx_HAL_Driver/Src/stm32f7xx_hal_uart.c:2930:19:UART_CheckIdleState	24	static
C:/STM/workspace/stm32lib/STM32F7xx_HAL_Driver/Src/stm32f7xx_hal_uart.c:288:19:HAL_UART_Init	8	static
C:/STM/workspace/stm32lib/STM32F7xx_HAL_Driver/Src/stm32f7xx_hal_uart.c:354:19:HAL_HalfDuplex_Init	8	static
C:/STM/workspace/stm32lib/STM32F7xx_HAL_Driver/Src/stm32f7xx_hal_uart.c:421:19:HAL_LIN_Init	16	static
C:/STM/workspace/stm32lib/STM32F7xx_HAL_Driver/Src/stm32f7xx_hal_uart.c:512:19:HAL_MultiProcessor_Init	16	static
C:/STM/workspace/stm32lib/STM32F7xx_HAL_Driver/Src/stm32f7xx_hal_uart.c:2514:19:HAL_MultiProcessor_EnableMuteMode	8	static,ignoring_inline_asm
C:/STM/workspace/stm32lib/STM32F7xx_HAL_Driver/Src/stm32f7xx_hal_uart.c:2533:19:HAL_MultiProcessor_DisableMuteMode	8	static,ignoring_inline_asm
C:/STM/workspace/stm32lib/STM32F7xx_HAL_Driver/Src/stm32f7xx_hal_uart.c:3040:19:UART_Start_Receive_IT	0	static,ignoring_inline_asm
C:/STM/workspace/stm32lib/STM32F7xx_HAL_Driver/Src/stm32f7xx_hal_uart.c:1253:19:HAL_UART_Receive_IT	16	static,ignoring_inline_asm
C:/STM/workspace/stm32lib/STM32F7xx_HAL_Driver/Src/stm32f7xx_hal_uart.c:3084:19:UART_Start_Receive_DMA	8	static,ignoring_inline_asm
C:/STM/workspace/stm32lib/STM32F7xx_HAL_Driver/Src/stm32f7xx_hal_uart.c:1351:19:HAL_UART_Receive_DMA	16	static,ignoring_inline_asm
