C:/STM/workspace/stm32lib/STM32F7xx_HAL_Driver/Src/stm32f7xx_hal_cortex.c:140:6:HAL_NVIC_SetPriorityGrouping	0	static
C:/STM/workspace/stm32lib/STM32F7xx_HAL_Driver/Src/stm32f7xx_hal_cortex.c:161:6:HAL_NVIC_SetPriority	4	static
C:/STM/workspace/stm32lib/STM32F7xx_HAL_Driver/Src/stm32f7xx_hal_cortex.c:184:6:HAL_NVIC_EnableIRQ	0	static
C:/STM/workspace/stm32lib/STM32F7xx_HAL_Driver/Src/stm32f7xx_hal_cortex.c:199:6:HAL_NVIC_DisableIRQ	0	static,ignoring_inline_asm
C:/STM/workspace/stm32lib/STM32F7xx_HAL_Driver/Src/stm32f7xx_hal_cortex.c:211:6:HAL_NVIC_SystemReset	0	static,ignoring_inline_asm
C:/STM/workspace/stm32lib/STM32F7xx_HAL_Driver/Src/stm32f7xx_hal_cortex.c:223:10:HAL_SYSTICK_Config	0	static
C:/STM/workspace/stm32lib/STM32F7xx_HAL_Driver/Src/stm32f7xx_hal_cortex.c:251:6:HAL_MPU_Disable	0	static,ignoring_inline_asm
C:/STM/workspace/stm32lib/STM32F7xx_HAL_Driver/Src/stm32f7xx_hal_cortex.c:273:6:HAL_MPU_Enable	0	static,ignoring_inline_asm
C:/STM/workspace/stm32lib/STM32F7xx_HAL_Driver/Src/stm32f7xx_hal_cortex.c:291:6:HAL_MPU_ConfigRegion	0	static
C:/STM/workspace/stm32lib/STM32F7xx_HAL_Driver/Src/stm32f7xx_hal_cortex.c:332:10:HAL_NVIC_GetPriorityGrouping	0	static
C:/STM/workspace/stm32lib/STM32F7xx_HAL_Driver/Src/stm32f7xx_hal_cortex.c:358:6:HAL_NVIC_GetPriority	8	static
C:/STM/workspace/stm32lib/STM32F7xx_HAL_Driver/Src/stm32f7xx_hal_cortex.c:374:6:HAL_NVIC_SetPendingIRQ	0	static
C:/STM/workspace/stm32lib/STM32F7xx_HAL_Driver/Src/stm32f7xx_hal_cortex.c:391:10:HAL_NVIC_GetPendingIRQ	0	static
C:/STM/workspace/stm32lib/STM32F7xx_HAL_Driver/Src/stm32f7xx_hal_cortex.c:406:6:HAL_NVIC_ClearPendingIRQ	0	static
C:/STM/workspace/stm32lib/STM32F7xx_HAL_Driver/Src/stm32f7xx_hal_cortex.c:422:10:HAL_NVIC_GetActive	0	static
C:/STM/workspace/stm32lib/STM32F7xx_HAL_Driver/Src/stm32f7xx_hal_cortex.c:438:6:HAL_SYSTICK_CLKSourceConfig	0	static
C:/STM/workspace/stm32lib/STM32F7xx_HAL_Driver/Src/stm32f7xx_hal_cortex.c:460:13:HAL_SYSTICK_Callback	0	static
C:/STM/workspace/stm32lib/STM32F7xx_HAL_Driver/Src/stm32f7xx_hal_cortex.c:452:6:HAL_SYSTICK_IRQHandler	8	static
