C:/STM/workspace/stm32lib/STM32F7xx_HAL_Driver/Src/stm32f7xx_hal_pwr_ex.c:134:19:HAL_PWREx_EnableBkUpReg	8	static
C:/STM/workspace/stm32lib/STM32F7xx_HAL_Driver/Src/stm32f7xx_hal_pwr_ex.c:160:19:HAL_PWREx_DisableBkUpReg	8	static
C:/STM/workspace/stm32lib/STM32F7xx_HAL_Driver/Src/stm32f7xx_hal_pwr_ex.c:186:6:HAL_PWREx_EnableFlashPowerDown	0	static
C:/STM/workspace/stm32lib/STM32F7xx_HAL_Driver/Src/stm32f7xx_hal_pwr_ex.c:195:6:HAL_PWREx_DisableFlashPowerDown	0	static
C:/STM/workspace/stm32lib/STM32F7xx_HAL_Driver/Src/stm32f7xx_hal_pwr_ex.c:204:6:HAL_PWREx_EnableMainRegulatorLowVoltage	0	static
C:/STM/workspace/stm32lib/STM32F7xx_HAL_Driver/Src/stm32f7xx_hal_pwr_ex.c:213:6:HAL_PWREx_DisableMainRegulatorLowVoltage	0	static
C:/STM/workspace/stm32lib/STM32F7xx_HAL_Driver/Src/stm32f7xx_hal_pwr_ex.c:222:6:HAL_PWREx_EnableLowRegulatorLowVoltage	0	static
C:/STM/workspace/stm32lib/STM32F7xx_HAL_Driver/Src/stm32f7xx_hal_pwr_ex.c:231:6:HAL_PWREx_DisableLowRegulatorLowVoltage	0	static
C:/STM/workspace/stm32lib/STM32F7xx_HAL_Driver/Src/stm32f7xx_hal_pwr_ex.c:246:19:HAL_PWREx_EnableOverDrive	16	static
C:/STM/workspace/stm32lib/STM32F7xx_HAL_Driver/Src/stm32f7xx_hal_pwr_ex.c:287:19:HAL_PWREx_DisableOverDrive	16	static
C:/STM/workspace/stm32lib/STM32F7xx_HAL_Driver/Src/stm32f7xx_hal_pwr_ex.c:356:19:HAL_PWREx_EnterUnderDriveSTOPMode	24	static,ignoring_inline_asm
C:/STM/workspace/stm32lib/STM32F7xx_HAL_Driver/Src/stm32f7xx_hal_pwr_ex.c:418:10:HAL_PWREx_GetVoltageRange	0	static
C:/STM/workspace/stm32lib/STM32F7xx_HAL_Driver/Src/stm32f7xx_hal_pwr_ex.c:449:19:HAL_PWREx_ControlVoltageScaling	24	static
