C:/STM/workspace/stm32lib/STM32F7xx_HAL_Driver/Src/stm32f7xx_hal_gpio.c:162:6:HAL_GPIO_Init	24	static
C:/STM/workspace/stm32lib/STM32F7xx_HAL_Driver/Src/stm32f7xx_hal_gpio.c:285:6:HAL_GPIO_DeInit	20	static
C:/STM/workspace/stm32lib/STM32F7xx_HAL_Driver/Src/stm32f7xx_hal_gpio.c:363:15:HAL_GPIO_ReadPin	0	static
C:/STM/workspace/stm32lib/STM32F7xx_HAL_Driver/Src/stm32f7xx_hal_gpio.c:393:6:HAL_GPIO_WritePin	0	static
C:/STM/workspace/stm32lib/STM32F7xx_HAL_Driver/Src/stm32f7xx_hal_gpio.c:412:6:HAL_GPIO_TogglePin	0	static
C:/STM/workspace/stm32lib/STM32F7xx_HAL_Driver/Src/stm32f7xx_hal_gpio.c:436:19:HAL_GPIO_LockPin	8	static
C:/STM/workspace/stm32lib/STM32F7xx_HAL_Driver/Src/stm32f7xx_hal_gpio.c:479:13:HAL_GPIO_EXTI_Callback	0	static
C:/STM/workspace/stm32lib/STM32F7xx_HAL_Driver/Src/stm32f7xx_hal_gpio.c:466:6:HAL_GPIO_EXTI_IRQHandler	8	static
