../Libraries/BSP/STM32F769I-Discovery/stm32f769i_discovery_lcd.c:1618:17:LCD_IO_GetID	0	static
../Libraries/BSP/STM32F769I-Discovery/stm32f769i_discovery_lcd.c:1865:13:LL_FillBuffer	32	static
../Libraries/BSP/STM32F769I-Discovery/stm32f769i_discovery_lcd.c:1895:13:LL_ConvertLineToARGB8888	32	static
../Libraries/BSP/STM32F769I-Discovery/stm32f769i_discovery_lcd.c:667:6:BSP_LCD_Reset	40	static
../Libraries/BSP/STM32F769I-Discovery/stm32f769i_discovery_lcd.c:697:10:BSP_LCD_GetXSize	0	static
../Libraries/BSP/STM32F769I-Discovery/stm32f769i_discovery_lcd.c:706:10:BSP_LCD_GetYSize	0	static
../Libraries/BSP/STM32F769I-Discovery/stm32f769i_discovery_lcd.c:716:6:BSP_LCD_SetXSize	0	static
../Libraries/BSP/STM32F769I-Discovery/stm32f769i_discovery_lcd.c:725:6:BSP_LCD_SetYSize	0	static
../Libraries/BSP/STM32F769I-Discovery/stm32f769i_discovery_lcd.c:737:6:BSP_LCD_LayerDefaultInit	72	static
../Libraries/BSP/STM32F769I-Discovery/stm32f769i_discovery_lcd.c:770:6:BSP_LCD_SelectLayer	0	static
../Libraries/BSP/STM32F769I-Discovery/stm32f769i_discovery_lcd.c:783:6:BSP_LCD_SetLayerVisible	0	static
../Libraries/BSP/STM32F769I-Discovery/stm32f769i_discovery_lcd.c:803:6:BSP_LCD_SetTransparency	8	static
../Libraries/BSP/STM32F769I-Discovery/stm32f769i_discovery_lcd.c:815:6:BSP_LCD_SetLayerAddress	8	static
../Libraries/BSP/STM32F769I-Discovery/stm32f769i_discovery_lcd.c:830:6:BSP_LCD_SetLayerWindow	24	static
../Libraries/BSP/STM32F769I-Discovery/stm32f769i_discovery_lcd.c:845:6:BSP_LCD_SetColorKeying	16	static
../Libraries/BSP/STM32F769I-Discovery/stm32f769i_discovery_lcd.c:856:6:BSP_LCD_ResetColorKeying	8	static
../Libraries/BSP/STM32F769I-Discovery/stm32f769i_discovery_lcd.c:866:6:BSP_LCD_SetTextColor	0	static
../Libraries/BSP/STM32F769I-Discovery/stm32f769i_discovery_lcd.c:875:10:BSP_LCD_GetTextColor	0	static
../Libraries/BSP/STM32F769I-Discovery/stm32f769i_discovery_lcd.c:884:6:BSP_LCD_SetBackColor	0	static
../Libraries/BSP/STM32F769I-Discovery/stm32f769i_discovery_lcd.c:893:10:BSP_LCD_GetBackColor	0	static
../Libraries/BSP/STM32F769I-Discovery/stm32f769i_discovery_lcd.c:902:6:BSP_LCD_SetFont	0	static
../Libraries/BSP/STM32F769I-Discovery/stm32f769i_discovery_lcd.c:911:8:BSP_LCD_GetFont	0	static
../Libraries/BSP/STM32F769I-Discovery/stm32f769i_discovery_lcd.c:922:10:BSP_LCD_ReadPixel	16	static
../Libraries/BSP/STM32F769I-Discovery/stm32f769i_discovery_lcd.c:956:6:BSP_LCD_Clear	32	static
../Libraries/BSP/STM32F769I-Discovery/stm32f769i_discovery_lcd.c:1075:6:BSP_LCD_DrawHLine	40	static
../Libraries/BSP/STM32F769I-Discovery/stm32f769i_discovery_lcd.c:1092:6:BSP_LCD_DrawVLine	40	static
../Libraries/BSP/STM32F769I-Discovery/stm32f769i_discovery_lcd.c:1184:6:BSP_LCD_DrawRect	24	static
../Libraries/BSP/STM32F769I-Discovery/stm32f769i_discovery_lcd.c:1306:6:BSP_LCD_DrawBitmap	40	static
../Libraries/BSP/STM32F769I-Discovery/stm32f769i_discovery_lcd.c:1366:6:BSP_LCD_FillRect	40	static
../Libraries/BSP/STM32F769I-Discovery/stm32f769i_discovery_lcd.c:966:6:BSP_LCD_ClearStringLine	24	static
../Libraries/BSP/STM32F769I-Discovery/stm32f769i_discovery_lcd.c:1500:6:BSP_LCD_FillEllipse	56	static
../Libraries/BSP/STM32F769I-Discovery/stm32f769i_discovery_lcd.c:1530:6:BSP_LCD_DisplayOn	16	static
../Libraries/BSP/STM32F769I-Discovery/stm32f769i_discovery_lcd.c:1553:6:BSP_LCD_DisplayOff	16	static
../Libraries/BSP/STM32F769I-Discovery/stm32f769i_discovery_lcd.c:1576:6:BSP_LCD_SetBrightness	16	static
../Libraries/BSP/STM32F769I-Discovery/stm32f769i_discovery_lcd.c:1601:6:DSI_IO_WriteCmd	16	static
../Libraries/BSP/STM32F769I-Discovery/stm32f769i_discovery_lcd.c:1649:13:BSP_LCD_MspDeInit	8	static
../Libraries/BSP/STM32F769I-Discovery/stm32f769i_discovery_lcd.c:1675:13:BSP_LCD_MspInit	24	static
../Libraries/BSP/STM32F769I-Discovery/stm32f769i_discovery_lcd.c:272:9:BSP_LCD_InitEx	48	static
../Libraries/BSP/STM32F769I-Discovery/stm32f769i_discovery_lcd.c:257:9:BSP_LCD_Init	8	static
../Libraries/BSP/STM32F769I-Discovery/stm32f769i_discovery_lcd.c:1717:6:BSP_LCD_DrawPixel	24	static
../Libraries/BSP/STM32F769I-Discovery/stm32f769i_discovery_lcd.c:1730:13:DrawChar	48	static
../Libraries/BSP/STM32F769I-Discovery/stm32f769i_discovery_lcd.c:985:6:BSP_LCD_DisplayChar	16	static
../Libraries/BSP/STM32F769I-Discovery/stm32f769i_discovery_lcd.c:1002:6:BSP_LCD_DisplayStringAt	24	static
../Libraries/BSP/STM32F769I-Discovery/stm32f769i_discovery_lcd.c:1064:6:BSP_LCD_DisplayStringAtLine	16	static
../Libraries/BSP/STM32F769I-Discovery/stm32f769i_discovery_lcd.c:1110:6:BSP_LCD_DrawLine	56	static
../Libraries/BSP/STM32F769I-Discovery/stm32f769i_discovery_lcd.c:1247:6:BSP_LCD_DrawPolygon	16	static
../Libraries/BSP/STM32F769I-Discovery/stm32f769i_discovery_lcd.c:1788:13:FillTriangle	64	static
../Libraries/BSP/STM32F769I-Discovery/stm32f769i_discovery_lcd.c:1433:6:BSP_LCD_FillPolygon	72	static
../Libraries/BSP/STM32F769I-Discovery/stm32f769i_discovery_lcd.c:1201:6:BSP_LCD_DrawCircle	64	static
../Libraries/BSP/STM32F769I-Discovery/stm32f769i_discovery_lcd.c:1386:6:BSP_LCD_FillCircle	48	static
../Libraries/BSP/STM32F769I-Discovery/stm32f769i_discovery_lcd.c:1274:6:BSP_LCD_DrawEllipse	64	static
