../Libraries/BSP/STM32F769I-Discovery/stm32f769i_discovery_lcd.c:1630:17:LCD_IO_GetID	0	static
../Libraries/BSP/STM32F769I-Discovery/stm32f769i_discovery_lcd.c:1878:13:LL_FillBuffer	32	static
../Libraries/BSP/STM32F769I-Discovery/stm32f769i_discovery_lcd.c:1908:13:LL_ConvertLineToARGB8888	32	static
../Libraries/BSP/STM32F769I-Discovery/stm32f769i_discovery_lcd.c:681:6:BSP_LCD_Reset	40	static
../Libraries/BSP/STM32F769I-Discovery/stm32f769i_discovery_lcd.c:712:10:BSP_LCD_GetXSize	0	static
../Libraries/BSP/STM32F769I-Discovery/stm32f769i_discovery_lcd.c:721:10:BSP_LCD_GetYSize	0	static
../Libraries/BSP/STM32F769I-Discovery/stm32f769i_discovery_lcd.c:731:6:BSP_LCD_SetXSize	0	static
../Libraries/BSP/STM32F769I-Discovery/stm32f769i_discovery_lcd.c:740:6:BSP_LCD_SetYSize	0	static
../Libraries/BSP/STM32F769I-Discovery/stm32f769i_discovery_lcd.c:752:6:BSP_LCD_LayerDefaultInit	72	static
../Libraries/BSP/STM32F769I-Discovery/stm32f769i_discovery_lcd.c:785:6:BSP_LCD_SelectLayer	0	static
../Libraries/BSP/STM32F769I-Discovery/stm32f769i_discovery_lcd.c:798:6:BSP_LCD_SetLayerVisible	0	static
../Libraries/BSP/STM32F769I-Discovery/stm32f769i_discovery_lcd.c:818:6:BSP_LCD_SetTransparency	8	static
../Libraries/BSP/STM32F769I-Discovery/stm32f769i_discovery_lcd.c:830:6:BSP_LCD_SetLayerAddress	8	static
../Libraries/BSP/STM32F769I-Discovery/stm32f769i_discovery_lcd.c:845:6:BSP_LCD_SetLayerWindow	24	static
../Libraries/BSP/STM32F769I-Discovery/stm32f769i_discovery_lcd.c:860:6:BSP_LCD_SetColorKeying	16	static
../Libraries/BSP/STM32F769I-Discovery/stm32f769i_discovery_lcd.c:871:6:BSP_LCD_ResetColorKeying	8	static
../Libraries/BSP/STM32F769I-Discovery/stm32f769i_discovery_lcd.c:881:6:BSP_LCD_SetTextColor	0	static
../Libraries/BSP/STM32F769I-Discovery/stm32f769i_discovery_lcd.c:890:10:BSP_LCD_GetTextColor	0	static
../Libraries/BSP/STM32F769I-Discovery/stm32f769i_discovery_lcd.c:899:6:BSP_LCD_SetBackColor	0	static
../Libraries/BSP/STM32F769I-Discovery/stm32f769i_discovery_lcd.c:908:10:BSP_LCD_GetBackColor	0	static
../Libraries/BSP/STM32F769I-Discovery/stm32f769i_discovery_lcd.c:917:6:BSP_LCD_SetFont	0	static
../Libraries/BSP/STM32F769I-Discovery/stm32f769i_discovery_lcd.c:926:8:BSP_LCD_GetFont	0	static
../Libraries/BSP/STM32F769I-Discovery/stm32f769i_discovery_lcd.c:937:10:BSP_LCD_ReadPixel	16	static
../Libraries/BSP/STM32F769I-Discovery/stm32f769i_discovery_lcd.c:971:6:BSP_LCD_Clear	32	static
../Libraries/BSP/STM32F769I-Discovery/stm32f769i_discovery_lcd.c:1090:6:BSP_LCD_DrawHLine	40	static
../Libraries/BSP/STM32F769I-Discovery/stm32f769i_discovery_lcd.c:1107:6:BSP_LCD_DrawVLine	40	static
../Libraries/BSP/STM32F769I-Discovery/stm32f769i_discovery_lcd.c:1199:6:BSP_LCD_DrawRect	24	static
../Libraries/BSP/STM32F769I-Discovery/stm32f769i_discovery_lcd.c:1321:6:BSP_LCD_DrawBitmap	40	static
../Libraries/BSP/STM32F769I-Discovery/stm32f769i_discovery_lcd.c:1378:6:BSP_LCD_FillRect	40	static
../Libraries/BSP/STM32F769I-Discovery/stm32f769i_discovery_lcd.c:981:6:BSP_LCD_ClearStringLine	24	static
../Libraries/BSP/STM32F769I-Discovery/stm32f769i_discovery_lcd.c:1512:6:BSP_LCD_FillEllipse	56	static
../Libraries/BSP/STM32F769I-Discovery/stm32f769i_discovery_lcd.c:1542:6:BSP_LCD_DisplayOn	16	static
../Libraries/BSP/STM32F769I-Discovery/stm32f769i_discovery_lcd.c:1565:6:BSP_LCD_DisplayOff	16	static
../Libraries/BSP/STM32F769I-Discovery/stm32f769i_discovery_lcd.c:1588:6:BSP_LCD_SetBrightness	16	static
../Libraries/BSP/STM32F769I-Discovery/stm32f769i_discovery_lcd.c:1613:6:DSI_IO_WriteCmd	16	static
../Libraries/BSP/STM32F769I-Discovery/stm32f769i_discovery_lcd.c:1662:13:BSP_LCD_MspDeInit	8	static
../Libraries/BSP/STM32F769I-Discovery/stm32f769i_discovery_lcd.c:1688:13:BSP_LCD_MspInit	24	static
../Libraries/BSP/STM32F769I-Discovery/stm32f769i_discovery_lcd.c:266:9:BSP_LCD_InitEx	48	static
../Libraries/BSP/STM32F769I-Discovery/stm32f769i_discovery_lcd.c:251:9:BSP_LCD_Init	8	static
../Libraries/BSP/STM32F769I-Discovery/stm32f769i_discovery_lcd.c:1730:6:BSP_LCD_DrawPixel	24	static
../Libraries/BSP/STM32F769I-Discovery/stm32f769i_discovery_lcd.c:1743:13:DrawChar	48	static
../Libraries/BSP/STM32F769I-Discovery/stm32f769i_discovery_lcd.c:1000:6:BSP_LCD_DisplayChar	16	static
../Libraries/BSP/STM32F769I-Discovery/stm32f769i_discovery_lcd.c:1017:6:BSP_LCD_DisplayStringAt	24	static
../Libraries/BSP/STM32F769I-Discovery/stm32f769i_discovery_lcd.c:1079:6:BSP_LCD_DisplayStringAtLine	16	static
../Libraries/BSP/STM32F769I-Discovery/stm32f769i_discovery_lcd.c:1125:6:BSP_LCD_DrawLine	56	static
../Libraries/BSP/STM32F769I-Discovery/stm32f769i_discovery_lcd.c:1262:6:BSP_LCD_DrawPolygon	16	static
../Libraries/BSP/STM32F769I-Discovery/stm32f769i_discovery_lcd.c:1801:13:FillTriangle	64	static
../Libraries/BSP/STM32F769I-Discovery/stm32f769i_discovery_lcd.c:1445:6:BSP_LCD_FillPolygon	72	static
../Libraries/BSP/STM32F769I-Discovery/stm32f769i_discovery_lcd.c:1216:6:BSP_LCD_DrawCircle	64	static
../Libraries/BSP/STM32F769I-Discovery/stm32f769i_discovery_lcd.c:1398:6:BSP_LCD_FillCircle	48	static
../Libraries/BSP/STM32F769I-Discovery/stm32f769i_discovery_lcd.c:1289:6:BSP_LCD_DrawEllipse	64	static
