../src/task5.c:150:6:LED1_Thread	8	static
../src/task5.c:159:6:LED2_Thread	8	static
../src/task5.c:166:6:LED3_Thread	8	static
../src/task5.c:225:6:timerCallback	8	static
../src/task5.c:217:6:Timer_Thread	8	static
../src/task5.c:229:6:LED1_ERROR_Thread	8	static
../src/task5.c:108:6:HAL_TIM_PeriodElapsedCallback	8	static
../src/task5.c:114:6:USART1_IRQHandler	8	static
../src/task5.c:118:6:HAL_UART_RxCpltCallback	16	static
../src/task5.c:123:6:GPIO_Init	72	static
../src/task5.c:67:5:main	16	static
../src/task5.c:179:6:UART_init	8	static
../src/task5.c:192:6:UART_Thread	16	static
../src/task5.c:246:6:EXTI0_IRQHandler	8	static
