../src/uart.c:7:6:HAL_UART_MspInit	56	static
../src/uart.c:56:6:initUart	8	static
../src/uart.c:83:5:_write	8	static
../src/uart.c:90:5:_read	8	static
../src/uart.c:110:6:uart_print	16	static
../src/uart.c:116:6:uart_getchar	24	static
../src/uart.c:124:6:uart_putchar	8	static
../src/uart.c:131:5:uart_getline	24	static
../src/uart.c:155:28:_lseek	0	static
../src/uart.c:156:28:_fstat	0	static
../src/uart.c:157:28:_getpid	0	static
../src/uart.c:158:28:_ispid	0	static
../src/uart.c:159:28:_kill	0	static
../src/uart.c:160:28:_isatty	0	static
